Encoder.c:33:6:Encoder_init	16	static
Encoder.c:81:6:Encoder_reset	24	static
Encoder.c:96:7:Encoder_getCounts	24	static
Encoder.c:113:9:Encoder_getConvertCounts	32	static
Encoder.c:168:9:Encoder_getSpeed	32	static
Encoder.c:221:6:Encoder_0_update_CH_A	8	static
Encoder.c:227:6:Encoder_0_update_CH_B	4	static
Encoder.c:245:6:Encoder_1_update_CH_A	8	static
Encoder.c:251:6:Encoder_1_update_CH_B	4	static
Encoder.c:270:6:updateEncoderData	16	static
Encoder.c:338:6:updateSpeed	24	static
Encoder.c:360:29:Encoder_getDirection	16	static
