EXTI.c:15:6:EXTI_enableEXTI	16	static
EXTI.c:44:6:EXTI_disableEXTI	16	static
EXTI.c:55:6:EXTI_setSWTrigger	16	static
EXTI.c:68:6:EXTI_setCallBack	16	static
EXTI.c:78:6:EXTI0_IRQHandler	8	static
EXTI.c:87:6:EXTI1_IRQHandler	8	static
EXTI.c:96:6:EXTI2_IRQHandler	8	static
EXTI.c:105:6:EXTI3_IRQHandler	8	static
EXTI.c:113:6:EXTI4_IRQHandler	8	static
EXTI.c:121:6:EXTI5_IRQHandler	8	static
EXTI.c:129:6:EXTI6_IRQHandler	8	static
EXTI.c:137:6:EXTI7_IRQHandler	8	static
EXTI.c:145:6:EXTI8_IRQHandler	8	static
EXTI.c:153:6:EXTI9_IRQHandler	8	static
EXTI.c:161:6:EXTI10_IRQHandler	8	static
EXTI.c:169:6:EXTI11_IRQHandler	8	static
EXTI.c:177:6:EXTI12_IRQHandler	8	static
EXTI.c:185:6:EXTI13_IRQHandler	8	static
EXTI.c:193:6:EXTI14_IRQHandler	8	static
EXTI.c:202:6:EXTI15_IRQHandler	8	static
