02:13:58 **** Build of configuration Debug for project Wheelchair ****
make -j16 all 
arm-none-eabi-gcc -mcpu=cortex-m3 -g3 -c -x assembler-with-cpp -MMD -MP -MF"Startup/startup_stm32f103c6tx.d" -MT"Startup/startup_stm32f103c6tx.o" --specs=nano.specs -mfloat-abi=soft -mthumb -o "Startup/startup_stm32f103c6tx.o" "../Startup/startup_stm32f103c6tx.s"
arm-none-eabi-gcc "../Src/ADC_program.c" -mcpu=cortex-m3 -std=gnu11 -g3 -DSTM32 -DSTM32F1 -DSTM32F103C6Tx -DDEBUG -c -I../Inc -O0 -ffunction-sections -fdata-sections -Wall -fstack-usage -MMD -MP -MF"Src/ADC_program.d" -MT"Src/ADC_program.o" --specs=nano.specs -mfloat-abi=soft -mthumb -o "Src/ADC_program.o"
arm-none-eabi-gcc "../Src/AFIO_program.c" -mcpu=cortex-m3 -std=gnu11 -g3 -DSTM32 -DSTM32F1 -DSTM32F103C6Tx -DDEBUG -c -I../Inc -O0 -ffunction-sections -fdata-sections -Wall -fstack-usage -MMD -MP -MF"Src/AFIO_program.d" -MT"Src/AFIO_program.o" --specs=nano.specs -mfloat-abi=soft -mthumb -o "Src/AFIO_program.o"
arm-none-eabi-gcc "../Src/BatteryIndicator_program.c" -mcpu=cortex-m3 -std=gnu11 -g3 -DSTM32 -DSTM32F1 -DSTM32F103C6Tx -DDEBUG -c -I../Inc -O0 -ffunction-sections -fdata-sections -Wall -fstack-usage -MMD -MP -MF"Src/BatteryIndicator_program.d" -MT"Src/BatteryIndicator_program.o" --specs=nano.specs -mfloat-abi=soft -mthumb -o "Src/BatteryIndicator_program.o"
arm-none-eabi-gcc "../Src/DIO_program.c" -mcpu=cortex-m3 -std=gnu11 -g3 -DSTM32 -DSTM32F1 -DSTM32F103C6Tx -DDEBUG -c -I../Inc -O0 -ffunction-sections -fdata-sections -Wall -fstack-usage -MMD -MP -MF"Src/DIO_program.d" -MT"Src/DIO_program.o" --specs=nano.specs -mfloat-abi=soft -mthumb -o "Src/DIO_program.o"
arm-none-eabi-gcc "../Src/DMA_program.c" -mcpu=cortex-m3 -std=gnu11 -g3 -DSTM32 -DSTM32F1 -DSTM32F103C6Tx -DDEBUG -c -I../Inc -O0 -ffunction-sections -fdata-sections -Wall -fstack-usage -MMD -MP -MF"Src/DMA_program.d" -MT"Src/DMA_program.o" --specs=nano.specs -mfloat-abi=soft -mthumb -o "Src/DMA_program.o"
arm-none-eabi-gcc "../Src/EXTI_program.c" -mcpu=cortex-m3 -std=gnu11 -g3 -DSTM32 -DSTM32F1 -DSTM32F103C6Tx -DDEBUG -c -I../Inc -O0 -ffunction-sections -fdata-sections -Wall -fstack-usage -MMD -MP -MF"Src/EXTI_program.d" -MT"Src/EXTI_program.o" --specs=nano.specs -mfloat-abi=soft -mthumb -o "Src/EXTI_program.o"
arm-none-eabi-gcc "../Src/I2C_program.c" -mcpu=cortex-m3 -std=gnu11 -g3 -DSTM32 -DSTM32F1 -DSTM32F103C6Tx -DDEBUG -c -I../Inc -O0 -ffunction-sections -fdata-sections -Wall -fstack-usage -MMD -MP -MF"Src/I2C_program.d" -MT"Src/I2C_program.o" --specs=nano.specs -mfloat-abi=soft -mthumb -o "Src/I2C_program.o"
arm-none-eabi-gcc "../Src/LM35_program.c" -mcpu=cortex-m3 -std=gnu11 -g3 -DSTM32 -DSTM32F1 -DSTM32F103C6Tx -DDEBUG -c -I../Inc -O0 -ffunction-sections -fdata-sections -Wall -fstack-usage -MMD -MP -MF"Src/LM35_program.d" -MT"Src/LM35_program.o" --specs=nano.specs -mfloat-abi=soft -mthumb -o "Src/LM35_program.o"
arm-none-eabi-gcc "../Src/NVIC_program.c" -mcpu=cortex-m3 -std=gnu11 -g3 -DSTM32 -DSTM32F1 -DSTM32F103C6Tx -DDEBUG -c -I../Inc -O0 -ffunction-sections -fdata-sections -Wall -fstack-usage -MMD -MP -MF"Src/NVIC_program.d" -MT"Src/NVIC_program.o" --specs=nano.specs -mfloat-abi=soft -mthumb -o "Src/NVIC_program.o"
arm-none-eabi-gcc "../Src/RCC_program.c" -mcpu=cortex-m3 -std=gnu11 -g3 -DSTM32 -DSTM32F1 -DSTM32F103C6Tx -DDEBUG -c -I../Inc -O0 -ffunction-sections -fdata-sections -Wall -fstack-usage -MMD -MP -MF"Src/RCC_program.d" -MT"Src/RCC_program.o" --specs=nano.specs -mfloat-abi=soft -mthumb -o "Src/RCC_program.o"
arm-none-eabi-gcc "../Src/SPI_program.c" -mcpu=cortex-m3 -std=gnu11 -g3 -DSTM32 -DSTM32F1 -DSTM32F103C6Tx -DDEBUG -c -I../Inc -O0 -ffunction-sections -fdata-sections -Wall -fstack-usage -MMD -MP -MF"Src/SPI_program.d" -MT"Src/SPI_program.o" --specs=nano.specs -mfloat-abi=soft -mthumb -o "Src/SPI_program.o"
arm-none-eabi-gcc "../Src/STK_program.c" -mcpu=cortex-m3 -std=gnu11 -g3 -DSTM32 -DSTM32F1 -DSTM32F103C6Tx -DDEBUG -c -I../Inc -O0 -ffunction-sections -fdata-sections -Wall -fstack-usage -MMD -MP -MF"Src/STK_program.d" -MT"Src/STK_program.o" --specs=nano.specs -mfloat-abi=soft -mthumb -o "Src/STK_program.o"
arm-none-eabi-gcc "../Src/USART_program.c" -mcpu=cortex-m3 -std=gnu11 -g3 -DSTM32 -DSTM32F1 -DSTM32F103C6Tx -DDEBUG -c -I../Inc -O0 -ffunction-sections -fdata-sections -Wall -fstack-usage -MMD -MP -MF"Src/USART_program.d" -MT"Src/USART_program.o" --specs=nano.specs -mfloat-abi=soft -mthumb -o "Src/USART_program.o"
arm-none-eabi-gcc "../Src/main.c" -mcpu=cortex-m3 -std=gnu11 -g3 -DSTM32 -DSTM32F1 -DSTM32F103C6Tx -DDEBUG -c -I../Inc -O0 -ffunction-sections -fdata-sections -Wall -fstack-usage -MMD -MP -MF"Src/main.d" -MT"Src/main.o" --specs=nano.specs -mfloat-abi=soft -mthumb -o "Src/main.o"
arm-none-eabi-gcc -o "Wheelchair.elf" @"objects.list"   -mcpu=cortex-m3 -T"C:\Users\ibrah\OneDrive\Desktop\Wheelchair\Workspace\Wheelchair\STM32F103C6TX_FLASH.ld" --specs=nosys.specs -Wl,-Map="Wheelchair.map" -Wl,--gc-sections -static --specs=nano.specs -mfloat-abi=soft -mthumb -Wl,--start-group -lc -lm -Wl,--end-group
Finished building target: Wheelchair.elf
 
arm-none-eabi-size   Wheelchair.elf 
arm-none-eabi-objdump -h -S  Wheelchair.elf  > "Wheelchair.list"
arm-none-eabi-objcopy  -O binary  Wheelchair.elf  "Wheelchair.bin"
   text	   data	    bss	    dec	    hex	filename
   1212	      8	   1648	   2868	    b34	Wheelchair.elf
Finished building: default.size.stdout
 
Finished building: Wheelchair.list
Finished building: Wheelchair.bin
 
 
02:14:42 **** Incremental Build of configuration Debug for project Wheelchair ****
make -j16 all 
arm-none-eabi-size   Wheelchair.elf 
   text	   data	    bss	    dec	    hex	filename
   1212	      8	   1648	   2868	    b34	Wheelchair.elf
Finished building: default.size.stdout
 
