GPT_program.c:44:6:TIM_Init	24	static
GPT_program.c:82:6:TIM_Enable	16	static
GPT_program.c:85:6:TIM_Direction	16	static
GPT_program.c:106:6:TIM_SetPrescaler	16	static
GPT_program.c:111:6:TIM_SetPeriod	16	static
GPT_program.c:115:6:TIM_voidSetClkDiv	16	static
GPT_program.c:138:6:TIM_SetARR_Buffer	16	static
GPT_program.c:151:6:TIM_SetInterrupt	16	static
GPT_program.c:163:6:TIM_Disable	16	static
GPT_program.c:181:6:TIM_SetBusyWait	16	static
GPT_program.c:198:6:TIM_SetIntervalSingle	24	static
GPT_program.c:235:6:TIM_SetIntervalPeriodic	24	static
GPT_program.c:263:8:TIM_GetRemainingTime	16	static
GPT_program.c:276:6:TIM1_UP_IRQHandler	8	static
GPT_program.c:299:6:TIM2_UP_IRQHandler	8	static
GPT_program.c:321:6:TIM3_UP_IRQHandler	8	static
GPT_program.c:343:6:TIM4_UP_IRQHandler	8	static
GPT_program.c:369:6:PWM_Init	24	static
GPT_program.c:390:6:PWM_SetAlignmentMode	16	static
GPT_program.c:401:6:PWM_SetChannel	16	static
GPT_program.c:436:6:PWM_voidSetDutyCycle	32	static
GPT_program.c:457:6:PWM_DeInit	16	static
GPT_program.c:482:8:PWM_GetCounterValue	24	static
