Oximeter.c:71:6:Oximeter_init	16	static
Oximeter.c:201:6:Oximeter_getSPO2AndHeartRateSenq	48	static
Oximeter.c:235:6:readLedsValues	32	static
Oximeter.c:322:6:updateReadySamplesNum	16	static
Oximeter.c:339:7:Oximeter_getReadySamplesNum	8	static
Oximeter.c:350:6:Oximeter_setInterruptState	24	static
Oximeter.c:386:6:getInterruptStatus	16	static
Oximeter.c:415:6:Oximeter_setFIFOAlmostFullValue	24	static
Oximeter.c:436:6:Oximeter_setSampleAverging	24	static
Oximeter.c:455:6:Oximeter_shutdowm	24	static
Oximeter.c:476:6:Oximeter_reset	16	static
Oximeter.c:496:6:Oximeter_setMode	24	static
Oximeter.c:521:6:Oximeter_setSPO2ADCRange	24	static
Oximeter.c:542:6:Oximeter_setSPO2SampleRate	24	static
Oximeter.c:562:6:Oximeter_setADCResolution	24	static
Oximeter.c:581:6:writeRegister	40	static
Oximeter.c:599:6:readRegister	32	static
Oximeter.c:619:9:Oximeter_readTemperatureSynq	24	static
Oximeter.c:646:6:Oximeter_setFIFOReadPtr	16	static
Oximeter.c:655:7:Oximeter_getFIFOReadPtr	16	static
Oximeter.c:664:6:Oximeter_setFIFOWritePtr	16	static
Oximeter.c:673:7:Oximeter_getFIFOWritePtr	16	static
Oximeter.c:685:7:Oximeter_getFIFOOverflowCounter	16	static
Oximeter.c:698:6:Oximeter_setRollOnFullState	24	static
Oximeter.c:714:6:Oximeter_setRedPulseAmplitude	16	static
Oximeter.c:720:6:Oximeter_setIRPulseAmplitude	16	static
Oximeter.c:731:6:Oximeter_setSlot	24	static
Oximeter.c:770:6:Oximeter_readTemperatureAsenq	16	static
Oximeter.c:795:6:Oximeter_IntHandler	24	static
Oximeter.c:884:6:Oximeter_getSPO2AndHeartRateASenq	32	static
Oximeter.c:947:6:read_Spo2_HR_value_Asenq	40	static
