STK_program.c:22:6:STK_init	8	static
STK_program.c:46:6:STK_delayMicroSec	24	static
STK_program.c:74:6:STK_delayMilliSec	32	static
STK_program.c:105:6:STK_delaySec	32	static
STK_program.c:139:6:STK_setIntervalSingle	24	static
STK_program.c:160:6:STK_setIntervalPeriodic	24	static
STK_program.c:181:6:STK_stopInterval	4	static
STK_program.c:198:8:STK_getElapsedTime	16	static
STK_program.c:214:8:STK_getRemainingTime	16	static
STK_program.c:229:7:STK_isSYSTickFree	4	static
STK_program.c:238:6:SysTick_Handler	8	static
