Archive member included to satisfy reference by file (symbol)

c:/st/stm32cubeide_1.4.0/stm32cubeide/plugins/com.st.stm32cube.ide.mcu.externaltools.gnu-tools-for-stm32.7-2018-q2-update.win32_1.4.0.202007081208/tools/bin/../lib/gcc/arm-none-eabi/7.3.1/../../../../arm-none-eabi/lib/thumb/v7-m\libc_nano.a(lib_a-exit.o)
                              c:/st/stm32cubeide_1.4.0/stm32cubeide/plugins/com.st.stm32cube.ide.mcu.externaltools.gnu-tools-for-stm32.7-2018-q2-update.win32_1.4.0.202007081208/tools/bin/../lib/gcc/arm-none-eabi/7.3.1/../../../../arm-none-eabi/lib/thumb/v7-m/crt0.o (exit)
c:/st/stm32cubeide_1.4.0/stm32cubeide/plugins/com.st.stm32cube.ide.mcu.externaltools.gnu-tools-for-stm32.7-2018-q2-update.win32_1.4.0.202007081208/tools/bin/../lib/gcc/arm-none-eabi/7.3.1/../../../../arm-none-eabi/lib/thumb/v7-m\libc_nano.a(lib_a-impure.o)
                              c:/st/stm32cubeide_1.4.0/stm32cubeide/plugins/com.st.stm32cube.ide.mcu.externaltools.gnu-tools-for-stm32.7-2018-q2-update.win32_1.4.0.202007081208/tools/bin/../lib/gcc/arm-none-eabi/7.3.1/../../../../arm-none-eabi/lib/thumb/v7-m\libc_nano.a(lib_a-exit.o) (_global_impure_ptr)
c:/st/stm32cubeide_1.4.0/stm32cubeide/plugins/com.st.stm32cube.ide.mcu.externaltools.gnu-tools-for-stm32.7-2018-q2-update.win32_1.4.0.202007081208/tools/bin/../lib/gcc/arm-none-eabi/7.3.1/../../../../arm-none-eabi/lib/thumb/v7-m\libc_nano.a(lib_a-init.o)
                              c:/st/stm32cubeide_1.4.0/stm32cubeide/plugins/com.st.stm32cube.ide.mcu.externaltools.gnu-tools-for-stm32.7-2018-q2-update.win32_1.4.0.202007081208/tools/bin/../lib/gcc/arm-none-eabi/7.3.1/../../../../arm-none-eabi/lib/thumb/v7-m/crt0.o (__libc_init_array)
c:/st/stm32cubeide_1.4.0/stm32cubeide/plugins/com.st.stm32cube.ide.mcu.externaltools.gnu-tools-for-stm32.7-2018-q2-update.win32_1.4.0.202007081208/tools/bin/../lib/gcc/arm-none-eabi/7.3.1/../../../../arm-none-eabi/lib/thumb/v7-m\libc_nano.a(lib_a-memset.o)
                              c:/st/stm32cubeide_1.4.0/stm32cubeide/plugins/com.st.stm32cube.ide.mcu.externaltools.gnu-tools-for-stm32.7-2018-q2-update.win32_1.4.0.202007081208/tools/bin/../lib/gcc/arm-none-eabi/7.3.1/../../../../arm-none-eabi/lib/thumb/v7-m/crt0.o (memset)
c:/st/stm32cubeide_1.4.0/stm32cubeide/plugins/com.st.stm32cube.ide.mcu.externaltools.gnu-tools-for-stm32.7-2018-q2-update.win32_1.4.0.202007081208/tools/bin/../lib/gcc/arm-none-eabi/7.3.1/thumb/v7-m\libgcc.a(_arm_addsubdf3.o)
                              Src/LM35_program.o (__aeabi_dadd)
c:/st/stm32cubeide_1.4.0/stm32cubeide/plugins/com.st.stm32cube.ide.mcu.externaltools.gnu-tools-for-stm32.7-2018-q2-update.win32_1.4.0.202007081208/tools/bin/../lib/gcc/arm-none-eabi/7.3.1/thumb/v7-m\libgcc.a(_arm_muldivdf3.o)
                              Src/BatteryIndicator_program.o (__aeabi_dmul)
c:/st/stm32cubeide_1.4.0/stm32cubeide/plugins/com.st.stm32cube.ide.mcu.externaltools.gnu-tools-for-stm32.7-2018-q2-update.win32_1.4.0.202007081208/tools/bin/../lib/gcc/arm-none-eabi/7.3.1/thumb/v7-m\libgcc.a(_arm_fixunsdfsi.o)
                              Src/BatteryIndicator_program.o (__aeabi_d2uiz)
c:/st/stm32cubeide_1.4.0/stm32cubeide/plugins/com.st.stm32cube.ide.mcu.externaltools.gnu-tools-for-stm32.7-2018-q2-update.win32_1.4.0.202007081208/tools/bin/../lib/gcc/arm-none-eabi/7.3.1/thumb/v7-m\libgcc.a(_arm_addsubsf3.o)
                              Src/USART_program.o (__aeabi_fsub)
c:/st/stm32cubeide_1.4.0/stm32cubeide/plugins/com.st.stm32cube.ide.mcu.externaltools.gnu-tools-for-stm32.7-2018-q2-update.win32_1.4.0.202007081208/tools/bin/../lib/gcc/arm-none-eabi/7.3.1/thumb/v7-m\libgcc.a(_arm_muldivsf3.o)
                              Src/USART_program.o (__aeabi_fmul)
c:/st/stm32cubeide_1.4.0/stm32cubeide/plugins/com.st.stm32cube.ide.mcu.externaltools.gnu-tools-for-stm32.7-2018-q2-update.win32_1.4.0.202007081208/tools/bin/../lib/gcc/arm-none-eabi/7.3.1/thumb/v7-m\libgcc.a(_arm_cmpsf2.o)
                              Src/BatteryIndicator_program.o (__aeabi_fcmpge)
c:/st/stm32cubeide_1.4.0/stm32cubeide/plugins/com.st.stm32cube.ide.mcu.externaltools.gnu-tools-for-stm32.7-2018-q2-update.win32_1.4.0.202007081208/tools/bin/../lib/gcc/arm-none-eabi/7.3.1/thumb/v7-m\libgcc.a(_arm_fixunssfsi.o)
                              Src/USART_program.o (__aeabi_f2uiz)
c:/st/stm32cubeide_1.4.0/stm32cubeide/plugins/com.st.stm32cube.ide.mcu.externaltools.gnu-tools-for-stm32.7-2018-q2-update.win32_1.4.0.202007081208/tools/bin/../lib/gcc/arm-none-eabi/7.3.1/../../../../arm-none-eabi/lib/thumb/v7-m\libnosys.a(_exit.o)
                              c:/st/stm32cubeide_1.4.0/stm32cubeide/plugins/com.st.stm32cube.ide.mcu.externaltools.gnu-tools-for-stm32.7-2018-q2-update.win32_1.4.0.202007081208/tools/bin/../lib/gcc/arm-none-eabi/7.3.1/../../../../arm-none-eabi/lib/thumb/v7-m\libc_nano.a(lib_a-exit.o) (_exit)

Discarded input sections

 .text          0x0000000000000000        0x0 c:/st/stm32cubeide_1.4.0/stm32cubeide/plugins/com.st.stm32cube.ide.mcu.externaltools.gnu-tools-for-stm32.7-2018-q2-update.win32_1.4.0.202007081208/tools/bin/../lib/gcc/arm-none-eabi/7.3.1/thumb/v7-m/crti.o
 .data          0x0000000000000000        0x0 c:/st/stm32cubeide_1.4.0/stm32cubeide/plugins/com.st.stm32cube.ide.mcu.externaltools.gnu-tools-for-stm32.7-2018-q2-update.win32_1.4.0.202007081208/tools/bin/../lib/gcc/arm-none-eabi/7.3.1/thumb/v7-m/crti.o
 .bss           0x0000000000000000        0x0 c:/st/stm32cubeide_1.4.0/stm32cubeide/plugins/com.st.stm32cube.ide.mcu.externaltools.gnu-tools-for-stm32.7-2018-q2-update.win32_1.4.0.202007081208/tools/bin/../lib/gcc/arm-none-eabi/7.3.1/thumb/v7-m/crti.o
 .data          0x0000000000000000        0x4 c:/st/stm32cubeide_1.4.0/stm32cubeide/plugins/com.st.stm32cube.ide.mcu.externaltools.gnu-tools-for-stm32.7-2018-q2-update.win32_1.4.0.202007081208/tools/bin/../lib/gcc/arm-none-eabi/7.3.1/thumb/v7-m/crtbegin.o
 .text          0x0000000000000000       0x74 c:/st/stm32cubeide_1.4.0/stm32cubeide/plugins/com.st.stm32cube.ide.mcu.externaltools.gnu-tools-for-stm32.7-2018-q2-update.win32_1.4.0.202007081208/tools/bin/../lib/gcc/arm-none-eabi/7.3.1/../../../../arm-none-eabi/lib/thumb/v7-m/crt0.o
 .data          0x0000000000000000        0x0 c:/st/stm32cubeide_1.4.0/stm32cubeide/plugins/com.st.stm32cube.ide.mcu.externaltools.gnu-tools-for-stm32.7-2018-q2-update.win32_1.4.0.202007081208/tools/bin/../lib/gcc/arm-none-eabi/7.3.1/../../../../arm-none-eabi/lib/thumb/v7-m/crt0.o
 .bss           0x0000000000000000        0x0 c:/st/stm32cubeide_1.4.0/stm32cubeide/plugins/com.st.stm32cube.ide.mcu.externaltools.gnu-tools-for-stm32.7-2018-q2-update.win32_1.4.0.202007081208/tools/bin/../lib/gcc/arm-none-eabi/7.3.1/../../../../arm-none-eabi/lib/thumb/v7-m/crt0.o
 .ARM.extab     0x0000000000000000        0x0 c:/st/stm32cubeide_1.4.0/stm32cubeide/plugins/com.st.stm32cube.ide.mcu.externaltools.gnu-tools-for-stm32.7-2018-q2-update.win32_1.4.0.202007081208/tools/bin/../lib/gcc/arm-none-eabi/7.3.1/../../../../arm-none-eabi/lib/thumb/v7-m/crt0.o
 .ARM.exidx     0x0000000000000000        0x8 c:/st/stm32cubeide_1.4.0/stm32cubeide/plugins/com.st.stm32cube.ide.mcu.externaltools.gnu-tools-for-stm32.7-2018-q2-update.win32_1.4.0.202007081208/tools/bin/../lib/gcc/arm-none-eabi/7.3.1/../../../../arm-none-eabi/lib/thumb/v7-m/crt0.o
 .ARM.attributes
                0x0000000000000000       0x1b c:/st/stm32cubeide_1.4.0/stm32cubeide/plugins/com.st.stm32cube.ide.mcu.externaltools.gnu-tools-for-stm32.7-2018-q2-update.win32_1.4.0.202007081208/tools/bin/../lib/gcc/arm-none-eabi/7.3.1/../../../../arm-none-eabi/lib/thumb/v7-m/crt0.o
 .group         0x0000000000000000        0xc Src/ADC_program.o
 .group         0x0000000000000000        0xc Src/ADC_program.o
 .group         0x0000000000000000        0xc Src/ADC_program.o
 .group         0x0000000000000000        0xc Src/ADC_program.o
 .group         0x0000000000000000        0xc Src/ADC_program.o
 .text          0x0000000000000000        0x0 Src/ADC_program.o
 .data          0x0000000000000000        0x0 Src/ADC_program.o
 .bss           0x0000000000000000        0x0 Src/ADC_program.o
 .data.ADC      0x0000000000000000        0x8 Src/ADC_program.o
 .text.ADC_init
                0x0000000000000000       0x48 Src/ADC_program.o
 .text.ADC_regulargroupInit
                0x0000000000000000       0x4c Src/ADC_program.o
 .text.ADC_injectedGroupInit
                0x0000000000000000       0x4c Src/ADC_program.o
 .text.ADC_setChannel
                0x0000000000000000       0x90 Src/ADC_program.o
 .text.Adc_setMode
                0x0000000000000000       0xc4 Src/ADC_program.o
 .text.ADC_typeRead
                0x0000000000000000       0x7c Src/ADC_program.o
 .debug_info    0x0000000000000000      0x48f Src/ADC_program.o
 .debug_abbrev  0x0000000000000000      0x113 Src/ADC_program.o
 .debug_aranges
                0x0000000000000000       0x48 Src/ADC_program.o
 .debug_ranges  0x0000000000000000       0x38 Src/ADC_program.o
 .debug_macro   0x0000000000000000       0x3f Src/ADC_program.o
 .debug_macro   0x0000000000000000      0xa60 Src/ADC_program.o
 .debug_macro   0x0000000000000000       0x1c Src/ADC_program.o
 .debug_macro   0x0000000000000000       0x52 Src/ADC_program.o
 .debug_macro   0x0000000000000000       0x22 Src/ADC_program.o
 .debug_macro   0x0000000000000000       0x5e Src/ADC_program.o
 .debug_line    0x0000000000000000      0x127 Src/ADC_program.o
 .debug_str     0x0000000000000000     0x354d Src/ADC_program.o
 .comment       0x0000000000000000       0x7c Src/ADC_program.o
 .debug_frame   0x0000000000000000      0x100 Src/ADC_program.o
 .ARM.attributes
                0x0000000000000000       0x33 Src/ADC_program.o
 .group         0x0000000000000000        0xc Src/AFIO_program.o
 .group         0x0000000000000000        0xc Src/AFIO_program.o
 .group         0x0000000000000000        0xc Src/AFIO_program.o
 .group         0x0000000000000000        0xc Src/AFIO_program.o
 .group         0x0000000000000000        0xc Src/AFIO_program.o
 .text          0x0000000000000000        0x0 Src/AFIO_program.o
 .data          0x0000000000000000        0x0 Src/AFIO_program.o
 .bss           0x0000000000000000        0x0 Src/AFIO_program.o
 .text.AFIO_setEXTIConfig
                0x0000000000000000       0xa4 Src/AFIO_program.o
 .debug_info    0x0000000000000000      0x127 Src/AFIO_program.o
 .debug_abbrev  0x0000000000000000       0x9a Src/AFIO_program.o
 .debug_aranges
                0x0000000000000000       0x20 Src/AFIO_program.o
 .debug_ranges  0x0000000000000000       0x10 Src/AFIO_program.o
 .debug_macro   0x0000000000000000       0x3f Src/AFIO_program.o
 .debug_macro   0x0000000000000000      0xa60 Src/AFIO_program.o
 .debug_macro   0x0000000000000000       0x1c Src/AFIO_program.o
 .debug_macro   0x0000000000000000       0x52 Src/AFIO_program.o
 .debug_macro   0x0000000000000000       0x94 Src/AFIO_program.o
 .debug_macro   0x0000000000000000       0x10 Src/AFIO_program.o
 .debug_line    0x0000000000000000       0xb5 Src/AFIO_program.o
 .debug_str     0x0000000000000000     0x3274 Src/AFIO_program.o
 .comment       0x0000000000000000       0x7c Src/AFIO_program.o
 .debug_frame   0x0000000000000000       0x38 Src/AFIO_program.o
 .ARM.attributes
                0x0000000000000000       0x33 Src/AFIO_program.o
 .group         0x0000000000000000        0xc Src/BatteryIndicator_program.o
 .group         0x0000000000000000        0xc Src/BatteryIndicator_program.o
 .group         0x0000000000000000        0xc Src/BatteryIndicator_program.o
 .group         0x0000000000000000        0xc Src/BatteryIndicator_program.o
 .group         0x0000000000000000        0xc Src/BatteryIndicator_program.o
 .group         0x0000000000000000        0xc Src/BatteryIndicator_program.o
 .group         0x0000000000000000        0xc Src/BatteryIndicator_program.o
 .group         0x0000000000000000        0xc Src/BatteryIndicator_program.o
 .group         0x0000000000000000        0xc Src/BatteryIndicator_program.o
 .text          0x0000000000000000        0x0 Src/BatteryIndicator_program.o
 .data          0x0000000000000000        0x0 Src/BatteryIndicator_program.o
 .bss           0x0000000000000000        0x0 Src/BatteryIndicator_program.o
 .data.BattInd_channel_ID
                0x0000000000000000        0x1 Src/BatteryIndicator_program.o
 .data.Batt_convertion_NUM
                0x0000000000000000        0x1 Src/BatteryIndicator_program.o
 .rodata.lookup_Table
                0x0000000000000000       0x28 Src/BatteryIndicator_program.o
 .text.BattInd_init
                0x0000000000000000       0xa0 Src/BatteryIndicator_program.o
 .text.BattInd_getBatteryCapacityLevel
                0x0000000000000000       0xa4 Src/BatteryIndicator_program.o
 .debug_info    0x0000000000000000      0x283 Src/BatteryIndicator_program.o
 .debug_abbrev  0x0000000000000000       0xbb Src/BatteryIndicator_program.o
 .debug_aranges
                0x0000000000000000       0x28 Src/BatteryIndicator_program.o
 .debug_ranges  0x0000000000000000       0x18 Src/BatteryIndicator_program.o
 .debug_macro   0x0000000000000000       0x63 Src/BatteryIndicator_program.o
 .debug_macro   0x0000000000000000      0xa60 Src/BatteryIndicator_program.o
 .debug_macro   0x0000000000000000       0x1c Src/BatteryIndicator_program.o
 .debug_macro   0x0000000000000000       0x52 Src/BatteryIndicator_program.o
 .debug_macro   0x0000000000000000       0x22 Src/BatteryIndicator_program.o
 .debug_macro   0x0000000000000000      0x10c Src/BatteryIndicator_program.o
 .debug_macro   0x0000000000000000       0xe2 Src/BatteryIndicator_program.o
 .debug_macro   0x0000000000000000       0x22 Src/BatteryIndicator_program.o
 .debug_macro   0x0000000000000000       0x16 Src/BatteryIndicator_program.o
 .debug_macro   0x0000000000000000       0x16 Src/BatteryIndicator_program.o
 .debug_line    0x0000000000000000      0x154 Src/BatteryIndicator_program.o
 .debug_str     0x0000000000000000     0x3983 Src/BatteryIndicator_program.o
 .comment       0x0000000000000000       0x7c Src/BatteryIndicator_program.o
 .debug_frame   0x0000000000000000       0x54 Src/BatteryIndicator_program.o
 .ARM.attributes
                0x0000000000000000       0x33 Src/BatteryIndicator_program.o
 .group         0x0000000000000000        0xc Src/DIO_program.o
 .group         0x0000000000000000        0xc Src/DIO_program.o
 .group         0x0000000000000000        0xc Src/DIO_program.o
 .group         0x0000000000000000        0xc Src/DIO_program.o
 .group         0x0000000000000000        0xc Src/DIO_program.o
 .text          0x0000000000000000        0x0 Src/DIO_program.o
 .data          0x0000000000000000        0x0 Src/DIO_program.o
 .bss           0x0000000000000000        0x0 Src/DIO_program.o
 .text.DIO_setPinDirection
                0x0000000000000000      0x1ac Src/DIO_program.o
 .text.DIO_setPinValue
                0x0000000000000000       0xf0 Src/DIO_program.o
 .text.DIO_getPinValue
                0x0000000000000000       0x7c Src/DIO_program.o
 .text.DIO_setMultiPinsDirection
                0x0000000000000000       0x56 Src/DIO_program.o
 .text.DIO_setMultiPinValue
                0x0000000000000000       0xf0 Src/DIO_program.o
 .text.DIO_getMultiPinValue
                0x0000000000000000       0x98 Src/DIO_program.o
 .debug_info    0x0000000000000000      0x255 Src/DIO_program.o
 .debug_abbrev  0x0000000000000000       0xdc Src/DIO_program.o
 .debug_aranges
                0x0000000000000000       0x48 Src/DIO_program.o
 .debug_ranges  0x0000000000000000       0x38 Src/DIO_program.o
 .debug_macro   0x0000000000000000       0x3f Src/DIO_program.o
 .debug_macro   0x0000000000000000      0xa60 Src/DIO_program.o
 .debug_macro   0x0000000000000000       0x1c Src/DIO_program.o
 .debug_macro   0x0000000000000000       0x52 Src/DIO_program.o
 .debug_macro   0x0000000000000000       0xe2 Src/DIO_program.o
 .debug_macro   0x0000000000000000       0x88 Src/DIO_program.o
 .debug_line    0x0000000000000000      0x17d Src/DIO_program.o
 .debug_str     0x0000000000000000     0x3775 Src/DIO_program.o
 .comment       0x0000000000000000       0x7c Src/DIO_program.o
 .debug_frame   0x0000000000000000      0x104 Src/DIO_program.o
 .ARM.attributes
                0x0000000000000000       0x33 Src/DIO_program.o
 .group         0x0000000000000000        0xc Src/DMA_program.o
 .group         0x0000000000000000        0xc Src/DMA_program.o
 .group         0x0000000000000000        0xc Src/DMA_program.o
 .group         0x0000000000000000        0xc Src/DMA_program.o
 .group         0x0000000000000000        0xc Src/DMA_program.o
 .text          0x0000000000000000        0x0 Src/DMA_program.o
 .data          0x0000000000000000        0x0 Src/DMA_program.o
 .bss           0x0000000000000000        0x0 Src/DMA_program.o
 .bss.DMA_CmpTra_channel
                0x0000000000000000       0x1c Src/DMA_program.o
 .bss.DMA_HlfTra_channel
                0x0000000000000000       0x1c Src/DMA_program.o
 .bss.DMA_ErrTra_channel
                0x0000000000000000       0x1c Src/DMA_program.o
 .text.DMA_InitChannel
                0x0000000000000000      0x384 Src/DMA_program.o
 .text.DMA_StartTransmit
                0x0000000000000000       0xac Src/DMA_program.o
 .text.DMA_setCallBackInt
                0x0000000000000000       0x4c Src/DMA_program.o
 .debug_macro   0x0000000000000000      0xa60 Src/DMA_program.o
 .debug_macro   0x0000000000000000       0x1c Src/DMA_program.o
 .debug_macro   0x0000000000000000       0x52 Src/DMA_program.o
 .group         0x0000000000000000        0xc Src/EXTI_program.o
 .group         0x0000000000000000        0xc Src/EXTI_program.o
 .group         0x0000000000000000        0xc Src/EXTI_program.o
 .group         0x0000000000000000        0xc Src/EXTI_program.o
 .group         0x0000000000000000        0xc Src/EXTI_program.o
 .text          0x0000000000000000        0x0 Src/EXTI_program.o
 .data          0x0000000000000000        0x0 Src/EXTI_program.o
 .bss           0x0000000000000000        0x0 Src/EXTI_program.o
 .text.EXTI_enableEXTI
                0x0000000000000000       0x98 Src/EXTI_program.o
 .text.EXTI_disableEXTI
                0x0000000000000000       0x30 Src/EXTI_program.o
 .text.EXTI_setSWTrigger
                0x0000000000000000       0x2c Src/EXTI_program.o
 .text.EXTI_setCallBack
                0x0000000000000000       0x2c Src/EXTI_program.o
 .text.EXTI5_IRQHandler
                0x0000000000000000       0x24 Src/EXTI_program.o
 .text.EXTI6_IRQHandler
                0x0000000000000000       0x24 Src/EXTI_program.o
 .text.EXTI7_IRQHandler
                0x0000000000000000       0x24 Src/EXTI_program.o
 .text.EXTI8_IRQHandler
                0x0000000000000000       0x24 Src/EXTI_program.o
 .text.EXTI9_IRQHandler
                0x0000000000000000       0x24 Src/EXTI_program.o
 .text.EXTI10_IRQHandler
                0x0000000000000000       0x24 Src/EXTI_program.o
 .text.EXTI11_IRQHandler
                0x0000000000000000       0x24 Src/EXTI_program.o
 .text.EXTI12_IRQHandler
                0x0000000000000000       0x24 Src/EXTI_program.o
 .text.EXTI13_IRQHandler
                0x0000000000000000       0x24 Src/EXTI_program.o
 .text.EXTI14_IRQHandler
                0x0000000000000000       0x24 Src/EXTI_program.o
 .text.EXTI15_IRQHandler
                0x0000000000000000       0x24 Src/EXTI_program.o
 .debug_macro   0x0000000000000000      0xa60 Src/EXTI_program.o
 .debug_macro   0x0000000000000000       0x1c Src/EXTI_program.o
 .debug_macro   0x0000000000000000       0x52 Src/EXTI_program.o
 .group         0x0000000000000000        0xc Src/I2C_program.o
 .group         0x0000000000000000        0xc Src/I2C_program.o
 .group         0x0000000000000000        0xc Src/I2C_program.o
 .group         0x0000000000000000        0xc Src/I2C_program.o
 .group         0x0000000000000000        0xc Src/I2C_program.o
 .group         0x0000000000000000        0xc Src/I2C_program.o
 .group         0x0000000000000000        0xc Src/I2C_program.o
 .text          0x0000000000000000        0x0 Src/I2C_program.o
 .data          0x0000000000000000        0x0 Src/I2C_program.o
 .bss           0x0000000000000000        0x0 Src/I2C_program.o
 .data.I2C      0x0000000000000000        0x8 Src/I2C_program.o
 .text.I2C_init
                0x0000000000000000      0x18c Src/I2C_program.o
 .text.I2C_sendData
                0x0000000000000000       0xe4 Src/I2C_program.o
 .text.I2C_receiveData
                0x0000000000000000      0x10c Src/I2C_program.o
 .text.generateStart
                0x0000000000000000       0x50 Src/I2C_program.o
 .text.sendAddress
                0x0000000000000000       0x40 Src/I2C_program.o
 .text.generateStop
                0x0000000000000000       0x30 Src/I2C_program.o
 .debug_info    0x0000000000000000      0x3ef Src/I2C_program.o
 .debug_abbrev  0x0000000000000000       0xfd Src/I2C_program.o
 .debug_aranges
                0x0000000000000000       0x48 Src/I2C_program.o
 .debug_ranges  0x0000000000000000       0x38 Src/I2C_program.o
 .debug_macro   0x0000000000000000       0x51 Src/I2C_program.o
 .debug_macro   0x0000000000000000      0xa60 Src/I2C_program.o
 .debug_macro   0x0000000000000000       0x22 Src/I2C_program.o
 .debug_macro   0x0000000000000000       0x1c Src/I2C_program.o
 .debug_macro   0x0000000000000000       0x52 Src/I2C_program.o
 .debug_macro   0x0000000000000000      0x10c Src/I2C_program.o
 .debug_macro   0x0000000000000000       0x76 Src/I2C_program.o
 .debug_macro   0x0000000000000000       0x10 Src/I2C_program.o
 .debug_line    0x0000000000000000      0x1b3 Src/I2C_program.o
 .debug_str     0x0000000000000000     0x35ce Src/I2C_program.o
 .comment       0x0000000000000000       0x7c Src/I2C_program.o
 .debug_frame   0x0000000000000000       0xf8 Src/I2C_program.o
 .ARM.attributes
                0x0000000000000000       0x33 Src/I2C_program.o
 .group         0x0000000000000000        0xc Src/LM35_program.o
 .group         0x0000000000000000        0xc Src/LM35_program.o
 .group         0x0000000000000000        0xc Src/LM35_program.o
 .group         0x0000000000000000        0xc Src/LM35_program.o
 .group         0x0000000000000000        0xc Src/LM35_program.o
 .group         0x0000000000000000        0xc Src/LM35_program.o
 .group         0x0000000000000000        0xc Src/LM35_program.o
 .group         0x0000000000000000        0xc Src/LM35_program.o
 .text          0x0000000000000000        0x0 Src/LM35_program.o
 .data          0x0000000000000000        0x0 Src/LM35_program.o
 .bss           0x0000000000000000        0x0 Src/LM35_program.o
 .bss.LM35_channel_ID
                0x0000000000000000        0x1 Src/LM35_program.o
 .bss.LM35_convertion_NUM
                0x0000000000000000        0x1 Src/LM35_program.o
 .text.LM35_init
                0x0000000000000000       0xa0 Src/LM35_program.o
 .text.LM35_getTemperature
                0x0000000000000000       0xb0 Src/LM35_program.o
 .debug_info    0x0000000000000000      0x239 Src/LM35_program.o
 .debug_abbrev  0x0000000000000000       0x99 Src/LM35_program.o
 .debug_aranges
                0x0000000000000000       0x28 Src/LM35_program.o
 .debug_ranges  0x0000000000000000       0x18 Src/LM35_program.o
 .debug_macro   0x0000000000000000       0x5a Src/LM35_program.o
 .debug_macro   0x0000000000000000      0xa60 Src/LM35_program.o
 .debug_macro   0x0000000000000000       0x1c Src/LM35_program.o
 .debug_macro   0x0000000000000000       0x52 Src/LM35_program.o
 .debug_macro   0x0000000000000000      0x10c Src/LM35_program.o
 .debug_macro   0x0000000000000000       0xe2 Src/LM35_program.o
 .debug_macro   0x0000000000000000       0x22 Src/LM35_program.o
 .debug_macro   0x0000000000000000       0x16 Src/LM35_program.o
 .debug_macro   0x0000000000000000       0x1c Src/LM35_program.o
 .debug_line    0x0000000000000000      0x105 Src/LM35_program.o
 .debug_str     0x0000000000000000     0x38bf Src/LM35_program.o
 .comment       0x0000000000000000       0x7c Src/LM35_program.o
 .debug_frame   0x0000000000000000       0x54 Src/LM35_program.o
 .ARM.attributes
                0x0000000000000000       0x33 Src/LM35_program.o
 .group         0x0000000000000000        0xc Src/NVIC_program.o
 .group         0x0000000000000000        0xc Src/NVIC_program.o
 .group         0x0000000000000000        0xc Src/NVIC_program.o
 .group         0x0000000000000000        0xc Src/NVIC_program.o
 .group         0x0000000000000000        0xc Src/NVIC_program.o
 .group         0x0000000000000000        0xc Src/NVIC_program.o
 .text          0x0000000000000000        0x0 Src/NVIC_program.o
 .data          0x0000000000000000        0x0 Src/NVIC_program.o
 .bss           0x0000000000000000        0x0 Src/NVIC_program.o
 .text.NVIC_enableInterrupt
                0x0000000000000000       0x44 Src/NVIC_program.o
 .text.NVIC_disableInterrupt
                0x0000000000000000       0x44 Src/NVIC_program.o
 .text.NVIC_setPendingFlag
                0x0000000000000000       0x44 Src/NVIC_program.o
 .text.NVIC_clearPendingFlag
                0x0000000000000000       0x44 Src/NVIC_program.o
 .text.NVIC_getActiveFlag
                0x0000000000000000       0x5c Src/NVIC_program.o
 .text.NVIC_setPriority
                0x0000000000000000       0x44 Src/NVIC_program.o
 .debug_info    0x0000000000000000      0x188 Src/NVIC_program.o
 .debug_abbrev  0x0000000000000000       0x9b Src/NVIC_program.o
 .debug_aranges
                0x0000000000000000       0x48 Src/NVIC_program.o
 .debug_ranges  0x0000000000000000       0x38 Src/NVIC_program.o
 .debug_macro   0x0000000000000000       0x3e Src/NVIC_program.o
 .debug_macro   0x0000000000000000      0xa60 Src/NVIC_program.o
 .debug_macro   0x0000000000000000       0x1c Src/NVIC_program.o
 .debug_macro   0x0000000000000000       0x52 Src/NVIC_program.o
 .debug_macro   0x0000000000000000       0xfa Src/NVIC_program.o
 .debug_macro   0x0000000000000000       0x70 Src/NVIC_program.o
 .debug_macro   0x0000000000000000       0x10 Src/NVIC_program.o
 .debug_line    0x0000000000000000      0x12f Src/NVIC_program.o
 .debug_str     0x0000000000000000     0x35ea Src/NVIC_program.o
 .comment       0x0000000000000000       0x7c Src/NVIC_program.o
 .debug_frame   0x0000000000000000      0x100 Src/NVIC_program.o
 .ARM.attributes
                0x0000000000000000       0x33 Src/NVIC_program.o
 .group         0x0000000000000000        0xc Src/RCC_program.o
 .group         0x0000000000000000        0xc Src/RCC_program.o
 .group         0x0000000000000000        0xc Src/RCC_program.o
 .group         0x0000000000000000        0xc Src/RCC_program.o
 .group         0x0000000000000000        0xc Src/RCC_program.o
 .group         0x0000000000000000        0xc Src/RCC_program.o
 .text          0x0000000000000000        0x0 Src/RCC_program.o
 .data          0x0000000000000000        0x0 Src/RCC_program.o
 .bss           0x0000000000000000        0x0 Src/RCC_program.o
 .text.RCC_initSysClk
                0x0000000000000000       0x20 Src/RCC_program.o
 .text.RCC_enableClk
                0x0000000000000000       0x80 Src/RCC_program.o
 .text.RCC_disableClk
                0x0000000000000000       0x84 Src/RCC_program.o
 .debug_info    0x0000000000000000       0xfb Src/RCC_program.o
 .debug_abbrev  0x0000000000000000       0x70 Src/RCC_program.o
 .debug_aranges
                0x0000000000000000       0x30 Src/RCC_program.o
 .debug_ranges  0x0000000000000000       0x20 Src/RCC_program.o
 .debug_macro   0x0000000000000000       0x3e Src/RCC_program.o
 .debug_macro   0x0000000000000000      0xa60 Src/RCC_program.o
 .debug_macro   0x0000000000000000       0x1c Src/RCC_program.o
 .debug_macro   0x0000000000000000       0x52 Src/RCC_program.o
 .debug_macro   0x0000000000000000      0x10c Src/RCC_program.o
 .debug_macro   0x0000000000000000       0x70 Src/RCC_program.o
 .debug_macro   0x0000000000000000       0x10 Src/RCC_program.o
 .debug_line    0x0000000000000000       0xe7 Src/RCC_program.o
 .debug_str     0x0000000000000000     0x34f7 Src/RCC_program.o
 .comment       0x0000000000000000       0x7c Src/RCC_program.o
 .debug_frame   0x0000000000000000       0x80 Src/RCC_program.o
 .ARM.attributes
                0x0000000000000000       0x33 Src/RCC_program.o
 .group         0x0000000000000000        0xc Src/SPI_program.o
 .group         0x0000000000000000        0xc Src/SPI_program.o
 .group         0x0000000000000000        0xc Src/SPI_program.o
 .group         0x0000000000000000        0xc Src/SPI_program.o
 .group         0x0000000000000000        0xc Src/SPI_program.o
 .group         0x0000000000000000        0xc Src/SPI_program.o
 .text          0x0000000000000000        0x0 Src/SPI_program.o
 .data          0x0000000000000000        0x0 Src/SPI_program.o
 .bss           0x0000000000000000        0x0 Src/SPI_program.o
 .data.SPI1_ReadyToSend
                0x0000000000000000        0x1 Src/SPI_program.o
 .data.SPI2_ReadyToSend
                0x0000000000000000        0x1 Src/SPI_program.o
 .text.SPI1_init
                0x0000000000000000       0x50 Src/SPI_program.o
 .text.SPI2_init
                0x0000000000000000       0x50 Src/SPI_program.o
 .text.SPI1_sendReceiveByteSync
                0x0000000000000000       0x44 Src/SPI_program.o
 .text.SPI1_sendReceiveByteAsync
                0x0000000000000000       0x40 Src/SPI_program.o
 .text.SPI2_sendReceiveByteSync
                0x0000000000000000       0x44 Src/SPI_program.o
 .text.SPI2_sendReceiveByteAsync
                0x0000000000000000       0x40 Src/SPI_program.o
 .debug_macro   0x0000000000000000      0xa60 Src/SPI_program.o
 .debug_macro   0x0000000000000000       0x1c Src/SPI_program.o
 .debug_macro   0x0000000000000000       0x52 Src/SPI_program.o
 .debug_macro   0x0000000000000000       0xe2 Src/SPI_program.o
 .group         0x0000000000000000        0xc Src/STK_program.o
 .group         0x0000000000000000        0xc Src/STK_program.o
 .group         0x0000000000000000        0xc Src/STK_program.o
 .group         0x0000000000000000        0xc Src/STK_program.o
 .group         0x0000000000000000        0xc Src/STK_program.o
 .group         0x0000000000000000        0xc Src/STK_program.o
 .text          0x0000000000000000        0x0 Src/STK_program.o
 .data          0x0000000000000000        0x0 Src/STK_program.o
 .bss           0x0000000000000000        0x0 Src/STK_program.o
 .bss.microSecToTicksRatio
                0x0000000000000000        0x2 Src/STK_program.o
 .text.STK_init
                0x0000000000000000       0x30 Src/STK_program.o
 .text.STK_delayMicroSec
                0x0000000000000000       0x60 Src/STK_program.o
 .text.STK_delayMilliSec
                0x0000000000000000       0x74 Src/STK_program.o
 .text.STK_delaySec
                0x0000000000000000       0x88 Src/STK_program.o
 .text.STK_setIntervalSingle
                0x0000000000000000       0x48 Src/STK_program.o
 .text.STK_setIntervalPeriodic
                0x0000000000000000       0x48 Src/STK_program.o
 .text.STK_stopInterval
                0x0000000000000000       0x24 Src/STK_program.o
 .text.STK_getElapsedTime
                0x0000000000000000       0x3c Src/STK_program.o
 .text.STK_getRemainingTime
                0x0000000000000000       0x34 Src/STK_program.o
 .debug_macro   0x0000000000000000      0xa60 Src/STK_program.o
 .debug_macro   0x0000000000000000       0x22 Src/STK_program.o
 .debug_macro   0x0000000000000000       0x1c Src/STK_program.o
 .debug_macro   0x0000000000000000       0x52 Src/STK_program.o
 .group         0x0000000000000000        0xc Src/USART_program.o
 .group         0x0000000000000000        0xc Src/USART_program.o
 .group         0x0000000000000000        0xc Src/USART_program.o
 .group         0x0000000000000000        0xc Src/USART_program.o
 .group         0x0000000000000000        0xc Src/USART_program.o
 .group         0x0000000000000000        0xc Src/USART_program.o
 .text          0x0000000000000000        0x0 Src/USART_program.o
 .data          0x0000000000000000        0x0 Src/USART_program.o
 .bss           0x0000000000000000        0x0 Src/USART_program.o
 .text.USART1_init
                0x0000000000000000       0x48 Src/USART_program.o
 .text.USART2_init
                0x0000000000000000       0x48 Src/USART_program.o
 .text.USART1_sendByte
                0x0000000000000000       0x24 Src/USART_program.o
 .text.USART2_sendByte
                0x0000000000000000       0x24 Src/USART_program.o
 .text.USART1_receiveByte
                0x0000000000000000       0x24 Src/USART_program.o
 .text.USART2_receiveByte
                0x0000000000000000       0x24 Src/USART_program.o
 .text.USART1_sendString
                0x0000000000000000       0x54 Src/USART_program.o
 .text.USART2_sendString
                0x0000000000000000       0x54 Src/USART_program.o
 .text.USART1_receiveString
                0x0000000000000000       0x5a Src/USART_program.o
 .text.USART2_receiveString
                0x0000000000000000       0x5a Src/USART_program.o
 .text.calcBRRReg
                0x0000000000000000       0xf0 Src/USART_program.o
 .debug_info    0x0000000000000000      0x2eb Src/USART_program.o
 .debug_abbrev  0x0000000000000000      0x117 Src/USART_program.o
 .debug_aranges
                0x0000000000000000       0x70 Src/USART_program.o
 .debug_ranges  0x0000000000000000       0x60 Src/USART_program.o
 .debug_macro   0x0000000000000000       0x48 Src/USART_program.o
 .debug_macro   0x0000000000000000      0xa60 Src/USART_program.o
 .debug_macro   0x0000000000000000       0x22 Src/USART_program.o
 .debug_macro   0x0000000000000000       0x1c Src/USART_program.o
 .debug_macro   0x0000000000000000       0x52 Src/USART_program.o
 .debug_macro   0x0000000000000000       0x76 Src/USART_program.o
 .debug_macro   0x0000000000000000       0x52 Src/USART_program.o
 .debug_line    0x0000000000000000      0x1d8 Src/USART_program.o
 .debug_str     0x0000000000000000     0x3625 Src/USART_program.o
 .comment       0x0000000000000000       0x7c Src/USART_program.o
 .debug_frame   0x0000000000000000      0x1b0 Src/USART_program.o
 .ARM.attributes
                0x0000000000000000       0x33 Src/USART_program.o
 .group         0x0000000000000000        0xc Src/main.o
 .group         0x0000000000000000        0xc Src/main.o
 .group         0x0000000000000000        0xc Src/main.o
 .group         0x0000000000000000        0xc Src/main.o
 .group         0x0000000000000000        0xc Src/main.o
 .group         0x0000000000000000        0xc Src/main.o
 .group         0x0000000000000000        0xc Src/main.o
 .group         0x0000000000000000        0xc Src/main.o
 .group         0x0000000000000000        0xc Src/main.o
 .group         0x0000000000000000        0xc Src/main.o
 .group         0x0000000000000000        0xc Src/main.o
 .group         0x0000000000000000        0xc Src/main.o
 .text          0x0000000000000000        0x0 Src/main.o
 .data          0x0000000000000000        0x0 Src/main.o
 .bss           0x0000000000000000        0x0 Src/main.o
 .debug_macro   0x0000000000000000      0xa60 Src/main.o
 .debug_macro   0x0000000000000000       0x1c Src/main.o
 .debug_macro   0x0000000000000000       0x52 Src/main.o
 .debug_macro   0x0000000000000000      0x10c Src/main.o
 .debug_macro   0x0000000000000000       0xfa Src/main.o
 .debug_macro   0x0000000000000000       0x94 Src/main.o
 .debug_macro   0x0000000000000000       0xe2 Src/main.o
 .debug_macro   0x0000000000000000       0x7c Src/main.o
 .debug_macro   0x0000000000000000       0x4c Src/main.o
 .debug_macro   0x0000000000000000       0x22 Src/main.o
 .debug_macro   0x0000000000000000       0x76 Src/main.o
 .text          0x0000000000000000       0x14 Startup/startup_stm32f103c6tx.o
 .data          0x0000000000000000        0x0 Startup/startup_stm32f103c6tx.o
 .bss           0x0000000000000000        0x0 Startup/startup_stm32f103c6tx.o
 .text          0x0000000000000000        0x0 c:/st/stm32cubeide_1.4.0/stm32cubeide/plugins/com.st.stm32cube.ide.mcu.externaltools.gnu-tools-for-stm32.7-2018-q2-update.win32_1.4.0.202007081208/tools/bin/../lib/gcc/arm-none-eabi/7.3.1/../../../../arm-none-eabi/lib/thumb/v7-m\libc_nano.a(lib_a-exit.o)
 .data          0x0000000000000000        0x0 c:/st/stm32cubeide_1.4.0/stm32cubeide/plugins/com.st.stm32cube.ide.mcu.externaltools.gnu-tools-for-stm32.7-2018-q2-update.win32_1.4.0.202007081208/tools/bin/../lib/gcc/arm-none-eabi/7.3.1/../../../../arm-none-eabi/lib/thumb/v7-m\libc_nano.a(lib_a-exit.o)
 .bss           0x0000000000000000        0x0 c:/st/stm32cubeide_1.4.0/stm32cubeide/plugins/com.st.stm32cube.ide.mcu.externaltools.gnu-tools-for-stm32.7-2018-q2-update.win32_1.4.0.202007081208/tools/bin/../lib/gcc/arm-none-eabi/7.3.1/../../../../arm-none-eabi/lib/thumb/v7-m\libc_nano.a(lib_a-exit.o)
 .text.exit     0x0000000000000000       0x28 c:/st/stm32cubeide_1.4.0/stm32cubeide/plugins/com.st.stm32cube.ide.mcu.externaltools.gnu-tools-for-stm32.7-2018-q2-update.win32_1.4.0.202007081208/tools/bin/../lib/gcc/arm-none-eabi/7.3.1/../../../../arm-none-eabi/lib/thumb/v7-m\libc_nano.a(lib_a-exit.o)
 .debug_frame   0x0000000000000000       0x28 c:/st/stm32cubeide_1.4.0/stm32cubeide/plugins/com.st.stm32cube.ide.mcu.externaltools.gnu-tools-for-stm32.7-2018-q2-update.win32_1.4.0.202007081208/tools/bin/../lib/gcc/arm-none-eabi/7.3.1/../../../../arm-none-eabi/lib/thumb/v7-m\libc_nano.a(lib_a-exit.o)
 .ARM.attributes
                0x0000000000000000       0x2d c:/st/stm32cubeide_1.4.0/stm32cubeide/plugins/com.st.stm32cube.ide.mcu.externaltools.gnu-tools-for-stm32.7-2018-q2-update.win32_1.4.0.202007081208/tools/bin/../lib/gcc/arm-none-eabi/7.3.1/../../../../arm-none-eabi/lib/thumb/v7-m\libc_nano.a(lib_a-exit.o)
 .text          0x0000000000000000        0x0 c:/st/stm32cubeide_1.4.0/stm32cubeide/plugins/com.st.stm32cube.ide.mcu.externaltools.gnu-tools-for-stm32.7-2018-q2-update.win32_1.4.0.202007081208/tools/bin/../lib/gcc/arm-none-eabi/7.3.1/../../../../arm-none-eabi/lib/thumb/v7-m\libc_nano.a(lib_a-impure.o)
 .data          0x0000000000000000        0x0 c:/st/stm32cubeide_1.4.0/stm32cubeide/plugins/com.st.stm32cube.ide.mcu.externaltools.gnu-tools-for-stm32.7-2018-q2-update.win32_1.4.0.202007081208/tools/bin/../lib/gcc/arm-none-eabi/7.3.1/../../../../arm-none-eabi/lib/thumb/v7-m\libc_nano.a(lib_a-impure.o)
 .bss           0x0000000000000000        0x0 c:/st/stm32cubeide_1.4.0/stm32cubeide/plugins/com.st.stm32cube.ide.mcu.externaltools.gnu-tools-for-stm32.7-2018-q2-update.win32_1.4.0.202007081208/tools/bin/../lib/gcc/arm-none-eabi/7.3.1/../../../../arm-none-eabi/lib/thumb/v7-m\libc_nano.a(lib_a-impure.o)
 .data._impure_ptr
                0x0000000000000000        0x4 c:/st/stm32cubeide_1.4.0/stm32cubeide/plugins/com.st.stm32cube.ide.mcu.externaltools.gnu-tools-for-stm32.7-2018-q2-update.win32_1.4.0.202007081208/tools/bin/../lib/gcc/arm-none-eabi/7.3.1/../../../../arm-none-eabi/lib/thumb/v7-m\libc_nano.a(lib_a-impure.o)
 .data.impure_data
                0x0000000000000000       0x60 c:/st/stm32cubeide_1.4.0/stm32cubeide/plugins/com.st.stm32cube.ide.mcu.externaltools.gnu-tools-for-stm32.7-2018-q2-update.win32_1.4.0.202007081208/tools/bin/../lib/gcc/arm-none-eabi/7.3.1/../../../../arm-none-eabi/lib/thumb/v7-m\libc_nano.a(lib_a-impure.o)
 .rodata._global_impure_ptr
                0x0000000000000000        0x4 c:/st/stm32cubeide_1.4.0/stm32cubeide/plugins/com.st.stm32cube.ide.mcu.externaltools.gnu-tools-for-stm32.7-2018-q2-update.win32_1.4.0.202007081208/tools/bin/../lib/gcc/arm-none-eabi/7.3.1/../../../../arm-none-eabi/lib/thumb/v7-m\libc_nano.a(lib_a-impure.o)
 .ARM.attributes
                0x0000000000000000       0x2d c:/st/stm32cubeide_1.4.0/stm32cubeide/plugins/com.st.stm32cube.ide.mcu.externaltools.gnu-tools-for-stm32.7-2018-q2-update.win32_1.4.0.202007081208/tools/bin/../lib/gcc/arm-none-eabi/7.3.1/../../../../arm-none-eabi/lib/thumb/v7-m\libc_nano.a(lib_a-impure.o)
 .text          0x0000000000000000        0x0 c:/st/stm32cubeide_1.4.0/stm32cubeide/plugins/com.st.stm32cube.ide.mcu.externaltools.gnu-tools-for-stm32.7-2018-q2-update.win32_1.4.0.202007081208/tools/bin/../lib/gcc/arm-none-eabi/7.3.1/../../../../arm-none-eabi/lib/thumb/v7-m\libc_nano.a(lib_a-init.o)
 .data          0x0000000000000000        0x0 c:/st/stm32cubeide_1.4.0/stm32cubeide/plugins/com.st.stm32cube.ide.mcu.externaltools.gnu-tools-for-stm32.7-2018-q2-update.win32_1.4.0.202007081208/tools/bin/../lib/gcc/arm-none-eabi/7.3.1/../../../../arm-none-eabi/lib/thumb/v7-m\libc_nano.a(lib_a-init.o)
 .bss           0x0000000000000000        0x0 c:/st/stm32cubeide_1.4.0/stm32cubeide/plugins/com.st.stm32cube.ide.mcu.externaltools.gnu-tools-for-stm32.7-2018-q2-update.win32_1.4.0.202007081208/tools/bin/../lib/gcc/arm-none-eabi/7.3.1/../../../../arm-none-eabi/lib/thumb/v7-m\libc_nano.a(lib_a-init.o)
 .text          0x0000000000000000        0x0 c:/st/stm32cubeide_1.4.0/stm32cubeide/plugins/com.st.stm32cube.ide.mcu.externaltools.gnu-tools-for-stm32.7-2018-q2-update.win32_1.4.0.202007081208/tools/bin/../lib/gcc/arm-none-eabi/7.3.1/../../../../arm-none-eabi/lib/thumb/v7-m\libc_nano.a(lib_a-memset.o)
 .data          0x0000000000000000        0x0 c:/st/stm32cubeide_1.4.0/stm32cubeide/plugins/com.st.stm32cube.ide.mcu.externaltools.gnu-tools-for-stm32.7-2018-q2-update.win32_1.4.0.202007081208/tools/bin/../lib/gcc/arm-none-eabi/7.3.1/../../../../arm-none-eabi/lib/thumb/v7-m\libc_nano.a(lib_a-memset.o)
 .bss           0x0000000000000000        0x0 c:/st/stm32cubeide_1.4.0/stm32cubeide/plugins/com.st.stm32cube.ide.mcu.externaltools.gnu-tools-for-stm32.7-2018-q2-update.win32_1.4.0.202007081208/tools/bin/../lib/gcc/arm-none-eabi/7.3.1/../../../../arm-none-eabi/lib/thumb/v7-m\libc_nano.a(lib_a-memset.o)
 .text.memset   0x0000000000000000       0x10 c:/st/stm32cubeide_1.4.0/stm32cubeide/plugins/com.st.stm32cube.ide.mcu.externaltools.gnu-tools-for-stm32.7-2018-q2-update.win32_1.4.0.202007081208/tools/bin/../lib/gcc/arm-none-eabi/7.3.1/../../../../arm-none-eabi/lib/thumb/v7-m\libc_nano.a(lib_a-memset.o)
 .debug_frame   0x0000000000000000       0x20 c:/st/stm32cubeide_1.4.0/stm32cubeide/plugins/com.st.stm32cube.ide.mcu.externaltools.gnu-tools-for-stm32.7-2018-q2-update.win32_1.4.0.202007081208/tools/bin/../lib/gcc/arm-none-eabi/7.3.1/../../../../arm-none-eabi/lib/thumb/v7-m\libc_nano.a(lib_a-memset.o)
 .ARM.attributes
                0x0000000000000000       0x2d c:/st/stm32cubeide_1.4.0/stm32cubeide/plugins/com.st.stm32cube.ide.mcu.externaltools.gnu-tools-for-stm32.7-2018-q2-update.win32_1.4.0.202007081208/tools/bin/../lib/gcc/arm-none-eabi/7.3.1/../../../../arm-none-eabi/lib/thumb/v7-m\libc_nano.a(lib_a-memset.o)
 .text          0x0000000000000000      0x378 c:/st/stm32cubeide_1.4.0/stm32cubeide/plugins/com.st.stm32cube.ide.mcu.externaltools.gnu-tools-for-stm32.7-2018-q2-update.win32_1.4.0.202007081208/tools/bin/../lib/gcc/arm-none-eabi/7.3.1/thumb/v7-m\libgcc.a(_arm_addsubdf3.o)
 .data          0x0000000000000000        0x0 c:/st/stm32cubeide_1.4.0/stm32cubeide/plugins/com.st.stm32cube.ide.mcu.externaltools.gnu-tools-for-stm32.7-2018-q2-update.win32_1.4.0.202007081208/tools/bin/../lib/gcc/arm-none-eabi/7.3.1/thumb/v7-m\libgcc.a(_arm_addsubdf3.o)
 .bss           0x0000000000000000        0x0 c:/st/stm32cubeide_1.4.0/stm32cubeide/plugins/com.st.stm32cube.ide.mcu.externaltools.gnu-tools-for-stm32.7-2018-q2-update.win32_1.4.0.202007081208/tools/bin/../lib/gcc/arm-none-eabi/7.3.1/thumb/v7-m\libgcc.a(_arm_addsubdf3.o)
 .debug_frame   0x0000000000000000       0xac c:/st/stm32cubeide_1.4.0/stm32cubeide/plugins/com.st.stm32cube.ide.mcu.externaltools.gnu-tools-for-stm32.7-2018-q2-update.win32_1.4.0.202007081208/tools/bin/../lib/gcc/arm-none-eabi/7.3.1/thumb/v7-m\libgcc.a(_arm_addsubdf3.o)
 .ARM.attributes
                0x0000000000000000       0x1d c:/st/stm32cubeide_1.4.0/stm32cubeide/plugins/com.st.stm32cube.ide.mcu.externaltools.gnu-tools-for-stm32.7-2018-q2-update.win32_1.4.0.202007081208/tools/bin/../lib/gcc/arm-none-eabi/7.3.1/thumb/v7-m\libgcc.a(_arm_addsubdf3.o)
 .text          0x0000000000000000      0x424 c:/st/stm32cubeide_1.4.0/stm32cubeide/plugins/com.st.stm32cube.ide.mcu.externaltools.gnu-tools-for-stm32.7-2018-q2-update.win32_1.4.0.202007081208/tools/bin/../lib/gcc/arm-none-eabi/7.3.1/thumb/v7-m\libgcc.a(_arm_muldivdf3.o)
 .data          0x0000000000000000        0x0 c:/st/stm32cubeide_1.4.0/stm32cubeide/plugins/com.st.stm32cube.ide.mcu.externaltools.gnu-tools-for-stm32.7-2018-q2-update.win32_1.4.0.202007081208/tools/bin/../lib/gcc/arm-none-eabi/7.3.1/thumb/v7-m\libgcc.a(_arm_muldivdf3.o)
 .bss           0x0000000000000000        0x0 c:/st/stm32cubeide_1.4.0/stm32cubeide/plugins/com.st.stm32cube.ide.mcu.externaltools.gnu-tools-for-stm32.7-2018-q2-update.win32_1.4.0.202007081208/tools/bin/../lib/gcc/arm-none-eabi/7.3.1/thumb/v7-m\libgcc.a(_arm_muldivdf3.o)
 .debug_frame   0x0000000000000000       0x50 c:/st/stm32cubeide_1.4.0/stm32cubeide/plugins/com.st.stm32cube.ide.mcu.externaltools.gnu-tools-for-stm32.7-2018-q2-update.win32_1.4.0.202007081208/tools/bin/../lib/gcc/arm-none-eabi/7.3.1/thumb/v7-m\libgcc.a(_arm_muldivdf3.o)
 .ARM.attributes
                0x0000000000000000       0x1d c:/st/stm32cubeide_1.4.0/stm32cubeide/plugins/com.st.stm32cube.ide.mcu.externaltools.gnu-tools-for-stm32.7-2018-q2-update.win32_1.4.0.202007081208/tools/bin/../lib/gcc/arm-none-eabi/7.3.1/thumb/v7-m\libgcc.a(_arm_muldivdf3.o)
 .text          0x0000000000000000       0x40 c:/st/stm32cubeide_1.4.0/stm32cubeide/plugins/com.st.stm32cube.ide.mcu.externaltools.gnu-tools-for-stm32.7-2018-q2-update.win32_1.4.0.202007081208/tools/bin/../lib/gcc/arm-none-eabi/7.3.1/thumb/v7-m\libgcc.a(_arm_fixunsdfsi.o)
 .data          0x0000000000000000        0x0 c:/st/stm32cubeide_1.4.0/stm32cubeide/plugins/com.st.stm32cube.ide.mcu.externaltools.gnu-tools-for-stm32.7-2018-q2-update.win32_1.4.0.202007081208/tools/bin/../lib/gcc/arm-none-eabi/7.3.1/thumb/v7-m\libgcc.a(_arm_fixunsdfsi.o)
 .bss           0x0000000000000000        0x0 c:/st/stm32cubeide_1.4.0/stm32cubeide/plugins/com.st.stm32cube.ide.mcu.externaltools.gnu-tools-for-stm32.7-2018-q2-update.win32_1.4.0.202007081208/tools/bin/../lib/gcc/arm-none-eabi/7.3.1/thumb/v7-m\libgcc.a(_arm_fixunsdfsi.o)
 .debug_frame   0x0000000000000000       0x24 c:/st/stm32cubeide_1.4.0/stm32cubeide/plugins/com.st.stm32cube.ide.mcu.externaltools.gnu-tools-for-stm32.7-2018-q2-update.win32_1.4.0.202007081208/tools/bin/../lib/gcc/arm-none-eabi/7.3.1/thumb/v7-m\libgcc.a(_arm_fixunsdfsi.o)
 .ARM.attributes
                0x0000000000000000       0x1d c:/st/stm32cubeide_1.4.0/stm32cubeide/plugins/com.st.stm32cube.ide.mcu.externaltools.gnu-tools-for-stm32.7-2018-q2-update.win32_1.4.0.202007081208/tools/bin/../lib/gcc/arm-none-eabi/7.3.1/thumb/v7-m\libgcc.a(_arm_fixunsdfsi.o)
 .text          0x0000000000000000      0x21c c:/st/stm32cubeide_1.4.0/stm32cubeide/plugins/com.st.stm32cube.ide.mcu.externaltools.gnu-tools-for-stm32.7-2018-q2-update.win32_1.4.0.202007081208/tools/bin/../lib/gcc/arm-none-eabi/7.3.1/thumb/v7-m\libgcc.a(_arm_addsubsf3.o)
 .data          0x0000000000000000        0x0 c:/st/stm32cubeide_1.4.0/stm32cubeide/plugins/com.st.stm32cube.ide.mcu.externaltools.gnu-tools-for-stm32.7-2018-q2-update.win32_1.4.0.202007081208/tools/bin/../lib/gcc/arm-none-eabi/7.3.1/thumb/v7-m\libgcc.a(_arm_addsubsf3.o)
 .bss           0x0000000000000000        0x0 c:/st/stm32cubeide_1.4.0/stm32cubeide/plugins/com.st.stm32cube.ide.mcu.externaltools.gnu-tools-for-stm32.7-2018-q2-update.win32_1.4.0.202007081208/tools/bin/../lib/gcc/arm-none-eabi/7.3.1/thumb/v7-m\libgcc.a(_arm_addsubsf3.o)
 .debug_frame   0x0000000000000000       0x4c c:/st/stm32cubeide_1.4.0/stm32cubeide/plugins/com.st.stm32cube.ide.mcu.externaltools.gnu-tools-for-stm32.7-2018-q2-update.win32_1.4.0.202007081208/tools/bin/../lib/gcc/arm-none-eabi/7.3.1/thumb/v7-m\libgcc.a(_arm_addsubsf3.o)
 .ARM.attributes
                0x0000000000000000       0x1d c:/st/stm32cubeide_1.4.0/stm32cubeide/plugins/com.st.stm32cube.ide.mcu.externaltools.gnu-tools-for-stm32.7-2018-q2-update.win32_1.4.0.202007081208/tools/bin/../lib/gcc/arm-none-eabi/7.3.1/thumb/v7-m\libgcc.a(_arm_addsubsf3.o)
 .text          0x0000000000000000      0x2a0 c:/st/stm32cubeide_1.4.0/stm32cubeide/plugins/com.st.stm32cube.ide.mcu.externaltools.gnu-tools-for-stm32.7-2018-q2-update.win32_1.4.0.202007081208/tools/bin/../lib/gcc/arm-none-eabi/7.3.1/thumb/v7-m\libgcc.a(_arm_muldivsf3.o)
 .data          0x0000000000000000        0x0 c:/st/stm32cubeide_1.4.0/stm32cubeide/plugins/com.st.stm32cube.ide.mcu.externaltools.gnu-tools-for-stm32.7-2018-q2-update.win32_1.4.0.202007081208/tools/bin/../lib/gcc/arm-none-eabi/7.3.1/thumb/v7-m\libgcc.a(_arm_muldivsf3.o)
 .bss           0x0000000000000000        0x0 c:/st/stm32cubeide_1.4.0/stm32cubeide/plugins/com.st.stm32cube.ide.mcu.externaltools.gnu-tools-for-stm32.7-2018-q2-update.win32_1.4.0.202007081208/tools/bin/../lib/gcc/arm-none-eabi/7.3.1/thumb/v7-m\libgcc.a(_arm_muldivsf3.o)
 .debug_frame   0x0000000000000000       0x38 c:/st/stm32cubeide_1.4.0/stm32cubeide/plugins/com.st.stm32cube.ide.mcu.externaltools.gnu-tools-for-stm32.7-2018-q2-update.win32_1.4.0.202007081208/tools/bin/../lib/gcc/arm-none-eabi/7.3.1/thumb/v7-m\libgcc.a(_arm_muldivsf3.o)
 .ARM.attributes
                0x0000000000000000       0x1d c:/st/stm32cubeide_1.4.0/stm32cubeide/plugins/com.st.stm32cube.ide.mcu.externaltools.gnu-tools-for-stm32.7-2018-q2-update.win32_1.4.0.202007081208/tools/bin/../lib/gcc/arm-none-eabi/7.3.1/thumb/v7-m\libgcc.a(_arm_muldivsf3.o)
 .text          0x0000000000000000       0xec c:/st/stm32cubeide_1.4.0/stm32cubeide/plugins/com.st.stm32cube.ide.mcu.externaltools.gnu-tools-for-stm32.7-2018-q2-update.win32_1.4.0.202007081208/tools/bin/../lib/gcc/arm-none-eabi/7.3.1/thumb/v7-m\libgcc.a(_arm_cmpsf2.o)
 .data          0x0000000000000000        0x0 c:/st/stm32cubeide_1.4.0/stm32cubeide/plugins/com.st.stm32cube.ide.mcu.externaltools.gnu-tools-for-stm32.7-2018-q2-update.win32_1.4.0.202007081208/tools/bin/../lib/gcc/arm-none-eabi/7.3.1/thumb/v7-m\libgcc.a(_arm_cmpsf2.o)
 .bss           0x0000000000000000        0x0 c:/st/stm32cubeide_1.4.0/stm32cubeide/plugins/com.st.stm32cube.ide.mcu.externaltools.gnu-tools-for-stm32.7-2018-q2-update.win32_1.4.0.202007081208/tools/bin/../lib/gcc/arm-none-eabi/7.3.1/thumb/v7-m\libgcc.a(_arm_cmpsf2.o)
 .debug_frame   0x0000000000000000       0xc8 c:/st/stm32cubeide_1.4.0/stm32cubeide/plugins/com.st.stm32cube.ide.mcu.externaltools.gnu-tools-for-stm32.7-2018-q2-update.win32_1.4.0.202007081208/tools/bin/../lib/gcc/arm-none-eabi/7.3.1/thumb/v7-m\libgcc.a(_arm_cmpsf2.o)
 .ARM.attributes
                0x0000000000000000       0x1d c:/st/stm32cubeide_1.4.0/stm32cubeide/plugins/com.st.stm32cube.ide.mcu.externaltools.gnu-tools-for-stm32.7-2018-q2-update.win32_1.4.0.202007081208/tools/bin/../lib/gcc/arm-none-eabi/7.3.1/thumb/v7-m\libgcc.a(_arm_cmpsf2.o)
 .text          0x0000000000000000       0x40 c:/st/stm32cubeide_1.4.0/stm32cubeide/plugins/com.st.stm32cube.ide.mcu.externaltools.gnu-tools-for-stm32.7-2018-q2-update.win32_1.4.0.202007081208/tools/bin/../lib/gcc/arm-none-eabi/7.3.1/thumb/v7-m\libgcc.a(_arm_fixunssfsi.o)
 .data          0x0000000000000000        0x0 c:/st/stm32cubeide_1.4.0/stm32cubeide/plugins/com.st.stm32cube.ide.mcu.externaltools.gnu-tools-for-stm32.7-2018-q2-update.win32_1.4.0.202007081208/tools/bin/../lib/gcc/arm-none-eabi/7.3.1/thumb/v7-m\libgcc.a(_arm_fixunssfsi.o)
 .bss           0x0000000000000000        0x0 c:/st/stm32cubeide_1.4.0/stm32cubeide/plugins/com.st.stm32cube.ide.mcu.externaltools.gnu-tools-for-stm32.7-2018-q2-update.win32_1.4.0.202007081208/tools/bin/../lib/gcc/arm-none-eabi/7.3.1/thumb/v7-m\libgcc.a(_arm_fixunssfsi.o)
 .debug_frame   0x0000000000000000       0x24 c:/st/stm32cubeide_1.4.0/stm32cubeide/plugins/com.st.stm32cube.ide.mcu.externaltools.gnu-tools-for-stm32.7-2018-q2-update.win32_1.4.0.202007081208/tools/bin/../lib/gcc/arm-none-eabi/7.3.1/thumb/v7-m\libgcc.a(_arm_fixunssfsi.o)
 .ARM.attributes
                0x0000000000000000       0x1d c:/st/stm32cubeide_1.4.0/stm32cubeide/plugins/com.st.stm32cube.ide.mcu.externaltools.gnu-tools-for-stm32.7-2018-q2-update.win32_1.4.0.202007081208/tools/bin/../lib/gcc/arm-none-eabi/7.3.1/thumb/v7-m\libgcc.a(_arm_fixunssfsi.o)
 .text          0x0000000000000000        0x0 c:/st/stm32cubeide_1.4.0/stm32cubeide/plugins/com.st.stm32cube.ide.mcu.externaltools.gnu-tools-for-stm32.7-2018-q2-update.win32_1.4.0.202007081208/tools/bin/../lib/gcc/arm-none-eabi/7.3.1/../../../../arm-none-eabi/lib/thumb/v7-m\libnosys.a(_exit.o)
 .data          0x0000000000000000        0x0 c:/st/stm32cubeide_1.4.0/stm32cubeide/plugins/com.st.stm32cube.ide.mcu.externaltools.gnu-tools-for-stm32.7-2018-q2-update.win32_1.4.0.202007081208/tools/bin/../lib/gcc/arm-none-eabi/7.3.1/../../../../arm-none-eabi/lib/thumb/v7-m\libnosys.a(_exit.o)
 .bss           0x0000000000000000        0x0 c:/st/stm32cubeide_1.4.0/stm32cubeide/plugins/com.st.stm32cube.ide.mcu.externaltools.gnu-tools-for-stm32.7-2018-q2-update.win32_1.4.0.202007081208/tools/bin/../lib/gcc/arm-none-eabi/7.3.1/../../../../arm-none-eabi/lib/thumb/v7-m\libnosys.a(_exit.o)
 .text._exit    0x0000000000000000        0x2 c:/st/stm32cubeide_1.4.0/stm32cubeide/plugins/com.st.stm32cube.ide.mcu.externaltools.gnu-tools-for-stm32.7-2018-q2-update.win32_1.4.0.202007081208/tools/bin/../lib/gcc/arm-none-eabi/7.3.1/../../../../arm-none-eabi/lib/thumb/v7-m\libnosys.a(_exit.o)
 .debug_frame   0x0000000000000000       0x20 c:/st/stm32cubeide_1.4.0/stm32cubeide/plugins/com.st.stm32cube.ide.mcu.externaltools.gnu-tools-for-stm32.7-2018-q2-update.win32_1.4.0.202007081208/tools/bin/../lib/gcc/arm-none-eabi/7.3.1/../../../../arm-none-eabi/lib/thumb/v7-m\libnosys.a(_exit.o)
 .ARM.attributes
                0x0000000000000000       0x2d c:/st/stm32cubeide_1.4.0/stm32cubeide/plugins/com.st.stm32cube.ide.mcu.externaltools.gnu-tools-for-stm32.7-2018-q2-update.win32_1.4.0.202007081208/tools/bin/../lib/gcc/arm-none-eabi/7.3.1/../../../../arm-none-eabi/lib/thumb/v7-m\libnosys.a(_exit.o)
 .text          0x0000000000000000        0x0 c:/st/stm32cubeide_1.4.0/stm32cubeide/plugins/com.st.stm32cube.ide.mcu.externaltools.gnu-tools-for-stm32.7-2018-q2-update.win32_1.4.0.202007081208/tools/bin/../lib/gcc/arm-none-eabi/7.3.1/thumb/v7-m/crtend.o
 .data          0x0000000000000000        0x0 c:/st/stm32cubeide_1.4.0/stm32cubeide/plugins/com.st.stm32cube.ide.mcu.externaltools.gnu-tools-for-stm32.7-2018-q2-update.win32_1.4.0.202007081208/tools/bin/../lib/gcc/arm-none-eabi/7.3.1/thumb/v7-m/crtend.o
 .bss           0x0000000000000000        0x0 c:/st/stm32cubeide_1.4.0/stm32cubeide/plugins/com.st.stm32cube.ide.mcu.externaltools.gnu-tools-for-stm32.7-2018-q2-update.win32_1.4.0.202007081208/tools/bin/../lib/gcc/arm-none-eabi/7.3.1/thumb/v7-m/crtend.o
 .eh_frame      0x0000000000000000        0x4 c:/st/stm32cubeide_1.4.0/stm32cubeide/plugins/com.st.stm32cube.ide.mcu.externaltools.gnu-tools-for-stm32.7-2018-q2-update.win32_1.4.0.202007081208/tools/bin/../lib/gcc/arm-none-eabi/7.3.1/thumb/v7-m/crtend.o
 .ARM.attributes
                0x0000000000000000       0x2d c:/st/stm32cubeide_1.4.0/stm32cubeide/plugins/com.st.stm32cube.ide.mcu.externaltools.gnu-tools-for-stm32.7-2018-q2-update.win32_1.4.0.202007081208/tools/bin/../lib/gcc/arm-none-eabi/7.3.1/thumb/v7-m/crtend.o
 .text          0x0000000000000000        0x0 c:/st/stm32cubeide_1.4.0/stm32cubeide/plugins/com.st.stm32cube.ide.mcu.externaltools.gnu-tools-for-stm32.7-2018-q2-update.win32_1.4.0.202007081208/tools/bin/../lib/gcc/arm-none-eabi/7.3.1/thumb/v7-m/crtn.o
 .data          0x0000000000000000        0x0 c:/st/stm32cubeide_1.4.0/stm32cubeide/plugins/com.st.stm32cube.ide.mcu.externaltools.gnu-tools-for-stm32.7-2018-q2-update.win32_1.4.0.202007081208/tools/bin/../lib/gcc/arm-none-eabi/7.3.1/thumb/v7-m/crtn.o
 .bss           0x0000000000000000        0x0 c:/st/stm32cubeide_1.4.0/stm32cubeide/plugins/com.st.stm32cube.ide.mcu.externaltools.gnu-tools-for-stm32.7-2018-q2-update.win32_1.4.0.202007081208/tools/bin/../lib/gcc/arm-none-eabi/7.3.1/thumb/v7-m/crtn.o

Memory Configuration

Name             Origin             Length             Attributes
RAM              0x0000000020000000 0x0000000000002800 xrw
ROM              0x0000000008000000 0x0000000000008000 xr
*default*        0x0000000000000000 0xffffffffffffffff

Linker script and memory map

LOAD c:/st/stm32cubeide_1.4.0/stm32cubeide/plugins/com.st.stm32cube.ide.mcu.externaltools.gnu-tools-for-stm32.7-2018-q2-update.win32_1.4.0.202007081208/tools/bin/../lib/gcc/arm-none-eabi/7.3.1/thumb/v7-m/crti.o
LOAD c:/st/stm32cubeide_1.4.0/stm32cubeide/plugins/com.st.stm32cube.ide.mcu.externaltools.gnu-tools-for-stm32.7-2018-q2-update.win32_1.4.0.202007081208/tools/bin/../lib/gcc/arm-none-eabi/7.3.1/thumb/v7-m/crtbegin.o
LOAD c:/st/stm32cubeide_1.4.0/stm32cubeide/plugins/com.st.stm32cube.ide.mcu.externaltools.gnu-tools-for-stm32.7-2018-q2-update.win32_1.4.0.202007081208/tools/bin/../lib/gcc/arm-none-eabi/7.3.1/../../../../arm-none-eabi/lib/thumb/v7-m/crt0.o
LOAD Src/ADC_program.o
LOAD Src/AFIO_program.o
LOAD Src/BatteryIndicator_program.o
LOAD Src/DIO_program.o
LOAD Src/DMA_program.o
LOAD Src/EXTI_program.o
LOAD Src/I2C_program.o
LOAD Src/LM35_program.o
LOAD Src/NVIC_program.o
LOAD Src/RCC_program.o
LOAD Src/SPI_program.o
LOAD Src/STK_program.o
LOAD Src/USART_program.o
LOAD Src/main.o
LOAD Startup/startup_stm32f103c6tx.o
START GROUP
LOAD c:/st/stm32cubeide_1.4.0/stm32cubeide/plugins/com.st.stm32cube.ide.mcu.externaltools.gnu-tools-for-stm32.7-2018-q2-update.win32_1.4.0.202007081208/tools/bin/../lib/gcc/arm-none-eabi/7.3.1/../../../../arm-none-eabi/lib/thumb/v7-m\libc_nano.a
LOAD c:/st/stm32cubeide_1.4.0/stm32cubeide/plugins/com.st.stm32cube.ide.mcu.externaltools.gnu-tools-for-stm32.7-2018-q2-update.win32_1.4.0.202007081208/tools/bin/../lib/gcc/arm-none-eabi/7.3.1/../../../../arm-none-eabi/lib/thumb/v7-m\libm.a
END GROUP
START GROUP
LOAD c:/st/stm32cubeide_1.4.0/stm32cubeide/plugins/com.st.stm32cube.ide.mcu.externaltools.gnu-tools-for-stm32.7-2018-q2-update.win32_1.4.0.202007081208/tools/bin/../lib/gcc/arm-none-eabi/7.3.1/thumb/v7-m\libgcc.a
LOAD c:/st/stm32cubeide_1.4.0/stm32cubeide/plugins/com.st.stm32cube.ide.mcu.externaltools.gnu-tools-for-stm32.7-2018-q2-update.win32_1.4.0.202007081208/tools/bin/../lib/gcc/arm-none-eabi/7.3.1/../../../../arm-none-eabi/lib/thumb/v7-m\libc_nano.a
END GROUP
START GROUP
LOAD c:/st/stm32cubeide_1.4.0/stm32cubeide/plugins/com.st.stm32cube.ide.mcu.externaltools.gnu-tools-for-stm32.7-2018-q2-update.win32_1.4.0.202007081208/tools/bin/../lib/gcc/arm-none-eabi/7.3.1/thumb/v7-m\libgcc.a
LOAD c:/st/stm32cubeide_1.4.0/stm32cubeide/plugins/com.st.stm32cube.ide.mcu.externaltools.gnu-tools-for-stm32.7-2018-q2-update.win32_1.4.0.202007081208/tools/bin/../lib/gcc/arm-none-eabi/7.3.1/../../../../arm-none-eabi/lib/thumb/v7-m\libc_nano.a
LOAD c:/st/stm32cubeide_1.4.0/stm32cubeide/plugins/com.st.stm32cube.ide.mcu.externaltools.gnu-tools-for-stm32.7-2018-q2-update.win32_1.4.0.202007081208/tools/bin/../lib/gcc/arm-none-eabi/7.3.1/../../../../arm-none-eabi/lib/thumb/v7-m\libnosys.a
END GROUP
START GROUP
LOAD c:/st/stm32cubeide_1.4.0/stm32cubeide/plugins/com.st.stm32cube.ide.mcu.externaltools.gnu-tools-for-stm32.7-2018-q2-update.win32_1.4.0.202007081208/tools/bin/../lib/gcc/arm-none-eabi/7.3.1/thumb/v7-m\libgcc.a
LOAD c:/st/stm32cubeide_1.4.0/stm32cubeide/plugins/com.st.stm32cube.ide.mcu.externaltools.gnu-tools-for-stm32.7-2018-q2-update.win32_1.4.0.202007081208/tools/bin/../lib/gcc/arm-none-eabi/7.3.1/../../../../arm-none-eabi/lib/thumb/v7-m\libc_nano.a
LOAD c:/st/stm32cubeide_1.4.0/stm32cubeide/plugins/com.st.stm32cube.ide.mcu.externaltools.gnu-tools-for-stm32.7-2018-q2-update.win32_1.4.0.202007081208/tools/bin/../lib/gcc/arm-none-eabi/7.3.1/../../../../arm-none-eabi/lib/thumb/v7-m\libnosys.a
END GROUP
LOAD c:/st/stm32cubeide_1.4.0/stm32cubeide/plugins/com.st.stm32cube.ide.mcu.externaltools.gnu-tools-for-stm32.7-2018-q2-update.win32_1.4.0.202007081208/tools/bin/../lib/gcc/arm-none-eabi/7.3.1/thumb/v7-m/crtend.o
LOAD c:/st/stm32cubeide_1.4.0/stm32cubeide/plugins/com.st.stm32cube.ide.mcu.externaltools.gnu-tools-for-stm32.7-2018-q2-update.win32_1.4.0.202007081208/tools/bin/../lib/gcc/arm-none-eabi/7.3.1/thumb/v7-m/crtn.o
                0x0000000020002800                _estack = (ORIGIN (RAM) + LENGTH (RAM))
                0x0000000000000200                _Min_Heap_Size = 0x200
                0x0000000000000400                _Min_Stack_Size = 0x400

.isr_vector     0x0000000008000000      0x130
                0x0000000008000000                . = ALIGN (0x4)
 *(.isr_vector)
 .isr_vector    0x0000000008000000      0x130 Startup/startup_stm32f103c6tx.o
                0x0000000008000000                g_pfnVectors
                0x0000000008000130                . = ALIGN (0x4)

.text           0x0000000008000130      0x38c
                0x0000000008000130                . = ALIGN (0x4)
 *(.text)
 .text          0x0000000008000130       0x40 c:/st/stm32cubeide_1.4.0/stm32cubeide/plugins/com.st.stm32cube.ide.mcu.externaltools.gnu-tools-for-stm32.7-2018-q2-update.win32_1.4.0.202007081208/tools/bin/../lib/gcc/arm-none-eabi/7.3.1/thumb/v7-m/crtbegin.o
 *(.text*)
 .text.DMA1_Channel1_IRQHandler
                0x0000000008000170       0x28 Src/DMA_program.o
                0x0000000008000170                DMA1_Channel1_IRQHandler
 .text.DMA1_Channel2_IRQHandler
                0x0000000008000198       0x28 Src/DMA_program.o
                0x0000000008000198                DMA1_Channel2_IRQHandler
 .text.DMA1_Channel3_IRQHandler
                0x00000000080001c0       0x28 Src/DMA_program.o
                0x00000000080001c0                DMA1_Channel3_IRQHandler
 .text.DMA1_Channel4_IRQHandler
                0x00000000080001e8       0x28 Src/DMA_program.o
                0x00000000080001e8                DMA1_Channel4_IRQHandler
 .text.DMA1_Channel5_IRQHandler
                0x0000000008000210       0x28 Src/DMA_program.o
                0x0000000008000210                DMA1_Channel5_IRQHandler
 .text.DMA1_Channel6_IRQHandler
                0x0000000008000238       0x28 Src/DMA_program.o
                0x0000000008000238                DMA1_Channel6_IRQHandler
 .text.DMA1_Channel7_IRQHandler
                0x0000000008000260       0x28 Src/DMA_program.o
                0x0000000008000260                DMA1_Channel7_IRQHandler
 .text.EXTI0_IRQHandler
                0x0000000008000288       0x24 Src/EXTI_program.o
                0x0000000008000288                EXTI0_IRQHandler
 .text.EXTI1_IRQHandler
                0x00000000080002ac       0x24 Src/EXTI_program.o
                0x00000000080002ac                EXTI1_IRQHandler
 .text.EXTI2_IRQHandler
                0x00000000080002d0       0x24 Src/EXTI_program.o
                0x00000000080002d0                EXTI2_IRQHandler
 .text.EXTI3_IRQHandler
                0x00000000080002f4       0x24 Src/EXTI_program.o
                0x00000000080002f4                EXTI3_IRQHandler
 .text.EXTI4_IRQHandler
                0x0000000008000318       0x24 Src/EXTI_program.o
                0x0000000008000318                EXTI4_IRQHandler
 .text.SPI1_IRQHandler
                0x000000000800033c       0x44 Src/SPI_program.o
                0x000000000800033c                SPI1_IRQHandler
 .text.SPI2_IRQHandler
                0x0000000008000380       0x44 Src/SPI_program.o
                0x0000000008000380                SPI2_IRQHandler
 .text.SysTick_Handler
                0x00000000080003c4       0x34 Src/STK_program.o
                0x00000000080003c4                SysTick_Handler
 .text.main     0x00000000080003f8        0xe Src/main.o
                0x00000000080003f8                main
 *fill*         0x0000000008000406        0x2 
 .text.Reset_Handler
                0x0000000008000408       0x50 Startup/startup_stm32f103c6tx.o
                0x0000000008000408                Reset_Handler
 .text.Default_Handler
                0x0000000008000458        0x2 Startup/startup_stm32f103c6tx.o
                0x0000000008000458                TIM8_TRG_COM_IRQHandler
                0x0000000008000458                TIM8_CC_IRQHandler
                0x0000000008000458                DebugMon_Handler
                0x0000000008000458                TIM1_CC_IRQHandler
                0x0000000008000458                HardFault_Handler
                0x0000000008000458                TIM6_IRQHandler
                0x0000000008000458                PVD_IRQHandler
                0x0000000008000458                SDIO_IRQHandler
                0x0000000008000458                PendSV_Handler
                0x0000000008000458                NMI_Handler
                0x0000000008000458                USB_HP_CAN_TX_IRQHandler
                0x0000000008000458                I2C2_EV_IRQHandler
                0x0000000008000458                UsageFault_Handler
                0x0000000008000458                ADC1_2_IRQHandler
                0x0000000008000458                CAN_SCE_IRQHandler
                0x0000000008000458                TAMPER_IRQHandler
                0x0000000008000458                TIM8_UP_IRQHandler
                0x0000000008000458                DMA2_Channel2_IRQHandler
                0x0000000008000458                USART3_IRQHandler
                0x0000000008000458                RTC_IRQHandler
                0x0000000008000458                UART5_IRQHandler
                0x0000000008000458                ADC3_IRQHandler
                0x0000000008000458                TIM4_IRQHandler
                0x0000000008000458                CAN_RX1_IRQHandler
                0x0000000008000458                DMA2_Channel1_IRQHandler
                0x0000000008000458                I2C1_EV_IRQHandler
                0x0000000008000458                UART4_IRQHandler
                0x0000000008000458                TIM3_IRQHandler
                0x0000000008000458                RCC_IRQHandler
                0x0000000008000458                TIM1_TRG_COM_IRQHandler
                0x0000000008000458                Default_Handler
                0x0000000008000458                EXTI15_10_IRQHandler
                0x0000000008000458                TIM7_IRQHandler
                0x0000000008000458                TIM5_IRQHandler
                0x0000000008000458                EXTI9_5_IRQHandler
                0x0000000008000458                USB_LP_CAN_RX0_IRQHandler
                0x0000000008000458                MemManage_Handler
                0x0000000008000458                SVC_Handler
                0x0000000008000458                FSMC_IRQHandler
                0x0000000008000458                TIM1_UP_IRQHandler
                0x0000000008000458                WWDG_IRQHandler
                0x0000000008000458                TIM2_IRQHandler
                0x0000000008000458                TIM1_BRK_IRQHandler
                0x0000000008000458                RTCAlarm_IRQHandler
                0x0000000008000458                DMA2_Channel4_5_IRQHandler
                0x0000000008000458                USART2_IRQHandler
                0x0000000008000458                I2C2_ER_IRQHandler
                0x0000000008000458                TIM8_BRK_IRQHandler
                0x0000000008000458                FLASH_IRQHandler
                0x0000000008000458                BusFault_Handler
                0x0000000008000458                USART1_IRQHandler
                0x0000000008000458                SPI3_IRQHandler
                0x0000000008000458                I2C1_ER_IRQHandler
                0x0000000008000458                DMA2_Channel3_IRQHandler
 *fill*         0x000000000800045a        0x2 
 .text.__libc_init_array
                0x000000000800045c       0x48 c:/st/stm32cubeide_1.4.0/stm32cubeide/plugins/com.st.stm32cube.ide.mcu.externaltools.gnu-tools-for-stm32.7-2018-q2-update.win32_1.4.0.202007081208/tools/bin/../lib/gcc/arm-none-eabi/7.3.1/../../../../arm-none-eabi/lib/thumb/v7-m\libc_nano.a(lib_a-init.o)
                0x000000000800045c                __libc_init_array
 *(.glue_7)
 .glue_7        0x00000000080004a4        0x0 linker stubs
 *(.glue_7t)
 .glue_7t       0x00000000080004a4        0x0 linker stubs
 *(.eh_frame)
 .eh_frame      0x00000000080004a4        0x0 c:/st/stm32cubeide_1.4.0/stm32cubeide/plugins/com.st.stm32cube.ide.mcu.externaltools.gnu-tools-for-stm32.7-2018-q2-update.win32_1.4.0.202007081208/tools/bin/../lib/gcc/arm-none-eabi/7.3.1/thumb/v7-m/crtbegin.o
 *(.init)
 .init          0x00000000080004a4        0x4 c:/st/stm32cubeide_1.4.0/stm32cubeide/plugins/com.st.stm32cube.ide.mcu.externaltools.gnu-tools-for-stm32.7-2018-q2-update.win32_1.4.0.202007081208/tools/bin/../lib/gcc/arm-none-eabi/7.3.1/thumb/v7-m/crti.o
                0x00000000080004a4                _init
 .init          0x00000000080004a8        0x8 c:/st/stm32cubeide_1.4.0/stm32cubeide/plugins/com.st.stm32cube.ide.mcu.externaltools.gnu-tools-for-stm32.7-2018-q2-update.win32_1.4.0.202007081208/tools/bin/../lib/gcc/arm-none-eabi/7.3.1/thumb/v7-m/crtn.o
 *(.fini)
 .fini          0x00000000080004b0        0x4 c:/st/stm32cubeide_1.4.0/stm32cubeide/plugins/com.st.stm32cube.ide.mcu.externaltools.gnu-tools-for-stm32.7-2018-q2-update.win32_1.4.0.202007081208/tools/bin/../lib/gcc/arm-none-eabi/7.3.1/thumb/v7-m/crti.o
                0x00000000080004b0                _fini
 .fini          0x00000000080004b4        0x8 c:/st/stm32cubeide_1.4.0/stm32cubeide/plugins/com.st.stm32cube.ide.mcu.externaltools.gnu-tools-for-stm32.7-2018-q2-update.win32_1.4.0.202007081208/tools/bin/../lib/gcc/arm-none-eabi/7.3.1/thumb/v7-m/crtn.o
                0x00000000080004bc                . = ALIGN (0x4)
                0x00000000080004bc                _etext = .

.vfp11_veneer   0x00000000080004bc        0x0
 .vfp11_veneer  0x00000000080004bc        0x0 linker stubs

.v4_bx          0x00000000080004bc        0x0
 .v4_bx         0x00000000080004bc        0x0 linker stubs

.iplt           0x00000000080004bc        0x0
 .iplt          0x00000000080004bc        0x0 c:/st/stm32cubeide_1.4.0/stm32cubeide/plugins/com.st.stm32cube.ide.mcu.externaltools.gnu-tools-for-stm32.7-2018-q2-update.win32_1.4.0.202007081208/tools/bin/../lib/gcc/arm-none-eabi/7.3.1/thumb/v7-m/crtbegin.o

.rel.dyn        0x00000000080004bc        0x0
 .rel.iplt      0x00000000080004bc        0x0 c:/st/stm32cubeide_1.4.0/stm32cubeide/plugins/com.st.stm32cube.ide.mcu.externaltools.gnu-tools-for-stm32.7-2018-q2-update.win32_1.4.0.202007081208/tools/bin/../lib/gcc/arm-none-eabi/7.3.1/thumb/v7-m/crtbegin.o

.rodata         0x00000000080004bc        0x0
                0x00000000080004bc                . = ALIGN (0x4)
 *(.rodata)
 *(.rodata*)
                0x00000000080004bc                . = ALIGN (0x4)

.ARM.extab      0x00000000080004bc        0x0
                0x00000000080004bc                . = ALIGN (0x4)
 *(.ARM.extab* .gnu.linkonce.armextab.*)
                0x00000000080004bc                . = ALIGN (0x4)

.ARM            0x00000000080004bc        0x0
                0x00000000080004bc                . = ALIGN (0x4)
                0x00000000080004bc                __exidx_start = .
 *(.ARM.exidx*)
                0x00000000080004bc                __exidx_end = .
                0x00000000080004bc                . = ALIGN (0x4)

.preinit_array  0x00000000080004bc        0x0
                0x00000000080004bc                . = ALIGN (0x4)
                0x00000000080004bc                PROVIDE (__preinit_array_start = .)
 *(.preinit_array*)
                0x00000000080004bc                PROVIDE (__preinit_array_end = .)
                0x00000000080004bc                . = ALIGN (0x4)

.init_array     0x00000000080004bc        0x4
                0x00000000080004bc                . = ALIGN (0x4)
                0x00000000080004bc                PROVIDE (__init_array_start = .)
 *(SORT_BY_NAME(.init_array.*))
 *(.init_array*)
 .init_array    0x00000000080004bc        0x4 c:/st/stm32cubeide_1.4.0/stm32cubeide/plugins/com.st.stm32cube.ide.mcu.externaltools.gnu-tools-for-stm32.7-2018-q2-update.win32_1.4.0.202007081208/tools/bin/../lib/gcc/arm-none-eabi/7.3.1/thumb/v7-m/crtbegin.o
                0x00000000080004c0                PROVIDE (__init_array_end = .)
                0x00000000080004c0                . = ALIGN (0x4)

.fini_array     0x00000000080004c0        0x4
                0x00000000080004c0                . = ALIGN (0x4)
                [!provide]                        PROVIDE (__fini_array_start = .)
 *(SORT_BY_NAME(.fini_array.*))
 *(.fini_array*)
 .fini_array    0x00000000080004c0        0x4 c:/st/stm32cubeide_1.4.0/stm32cubeide/plugins/com.st.stm32cube.ide.mcu.externaltools.gnu-tools-for-stm32.7-2018-q2-update.win32_1.4.0.202007081208/tools/bin/../lib/gcc/arm-none-eabi/7.3.1/thumb/v7-m/crtbegin.o
                [!provide]                        PROVIDE (__fini_array_end = .)
                0x00000000080004c4                . = ALIGN (0x4)
                0x00000000080004c4                _sidata = LOADADDR (.data)

.data           0x0000000020000000        0x0 load address 0x00000000080004c4
                0x0000000020000000                . = ALIGN (0x4)
                0x0000000020000000                _sdata = .
 *(.data)
 *(.data*)
                0x0000000020000000                . = ALIGN (0x4)
                0x0000000020000000                _edata = .

.igot.plt       0x0000000020000000        0x0 load address 0x00000000080004c4
 .igot.plt      0x0000000020000000        0x0 c:/st/stm32cubeide_1.4.0/stm32cubeide/plugins/com.st.stm32cube.ide.mcu.externaltools.gnu-tools-for-stm32.7-2018-q2-update.win32_1.4.0.202007081208/tools/bin/../lib/gcc/arm-none-eabi/7.3.1/thumb/v7-m/crtbegin.o
                0x0000000020000000                . = ALIGN (0x4)

.bss            0x0000000020000000       0x6c load address 0x00000000080004c4
                0x0000000020000000                _sbss = .
                0x0000000020000000                __bss_start__ = _sbss
 *(.bss)
 .bss           0x0000000020000000       0x1c c:/st/stm32cubeide_1.4.0/stm32cubeide/plugins/com.st.stm32cube.ide.mcu.externaltools.gnu-tools-for-stm32.7-2018-q2-update.win32_1.4.0.202007081208/tools/bin/../lib/gcc/arm-none-eabi/7.3.1/thumb/v7-m/crtbegin.o
 *(.bss*)
 .bss.EXTI_callBack
                0x000000002000001c       0x40 Src/EXTI_program.o
                0x000000002000001c                EXTI_callBack
 .bss.SPI1_callBack
                0x000000002000005c        0x4 Src/SPI_program.o
                0x000000002000005c                SPI1_callBack
 .bss.SPI2_callBack
                0x0000000020000060        0x4 Src/SPI_program.o
                0x0000000020000060                SPI2_callBack
 .bss.STK_callBack
                0x0000000020000064        0x4 Src/STK_program.o
 .bss.STK_INTERVAL_MODE
                0x0000000020000068        0x1 Src/STK_program.o
 *(COMMON)
                0x000000002000006c                . = ALIGN (0x4)
 *fill*         0x0000000020000069        0x3 
                0x000000002000006c                _ebss = .
                0x000000002000006c                __bss_end__ = _ebss

._user_heap_stack
                0x000000002000006c      0x604 load address 0x00000000080004c4
                0x0000000020000070                . = ALIGN (0x8)
 *fill*         0x000000002000006c        0x4 
                [!provide]                        PROVIDE (end = .)
                [!provide]                        PROVIDE (_end = .)
                0x0000000020000270                . = (. + _Min_Heap_Size)
 *fill*         0x0000000020000070      0x200 
                0x0000000020000670                . = (. + _Min_Stack_Size)
 *fill*         0x0000000020000270      0x400 
                0x0000000020000670                . = ALIGN (0x8)

/DISCARD/
 libc.a(*)
 libm.a(*)
 libgcc.a(*)

.ARM.attributes
                0x0000000000000000       0x29
 *(.ARM.attributes)
 .ARM.attributes
                0x0000000000000000       0x1d c:/st/stm32cubeide_1.4.0/stm32cubeide/plugins/com.st.stm32cube.ide.mcu.externaltools.gnu-tools-for-stm32.7-2018-q2-update.win32_1.4.0.202007081208/tools/bin/../lib/gcc/arm-none-eabi/7.3.1/thumb/v7-m/crti.o
 .ARM.attributes
                0x000000000000001d       0x2d c:/st/stm32cubeide_1.4.0/stm32cubeide/plugins/com.st.stm32cube.ide.mcu.externaltools.gnu-tools-for-stm32.7-2018-q2-update.win32_1.4.0.202007081208/tools/bin/../lib/gcc/arm-none-eabi/7.3.1/thumb/v7-m/crtbegin.o
 .ARM.attributes
                0x000000000000004a       0x33 Src/DMA_program.o
 .ARM.attributes
                0x000000000000007d       0x33 Src/EXTI_program.o
 .ARM.attributes
                0x00000000000000b0       0x33 Src/SPI_program.o
 .ARM.attributes
                0x00000000000000e3       0x33 Src/STK_program.o
 .ARM.attributes
                0x0000000000000116       0x33 Src/main.o
 .ARM.attributes
                0x0000000000000149       0x21 Startup/startup_stm32f103c6tx.o
 .ARM.attributes
                0x000000000000016a       0x2d c:/st/stm32cubeide_1.4.0/stm32cubeide/plugins/com.st.stm32cube.ide.mcu.externaltools.gnu-tools-for-stm32.7-2018-q2-update.win32_1.4.0.202007081208/tools/bin/../lib/gcc/arm-none-eabi/7.3.1/../../../../arm-none-eabi/lib/thumb/v7-m\libc_nano.a(lib_a-init.o)
 .ARM.attributes
                0x0000000000000197       0x1d c:/st/stm32cubeide_1.4.0/stm32cubeide/plugins/com.st.stm32cube.ide.mcu.externaltools.gnu-tools-for-stm32.7-2018-q2-update.win32_1.4.0.202007081208/tools/bin/../lib/gcc/arm-none-eabi/7.3.1/thumb/v7-m/crtn.o
OUTPUT(Wheelchair.elf elf32-littlearm)

.debug_info     0x0000000000000000      0xbf8
 .debug_info    0x0000000000000000      0x359 Src/DMA_program.o
 .debug_info    0x0000000000000359      0x2cd Src/EXTI_program.o
 .debug_info    0x0000000000000626      0x275 Src/SPI_program.o
 .debug_info    0x000000000000089b      0x2af Src/STK_program.o
 .debug_info    0x0000000000000b4a       0x8c Src/main.o
 .debug_info    0x0000000000000bd6       0x22 Startup/startup_stm32f103c6tx.o

.debug_abbrev   0x0000000000000000      0x442
 .debug_abbrev  0x0000000000000000       0xe4 Src/DMA_program.o
 .debug_abbrev  0x00000000000000e4       0xfc Src/EXTI_program.o
 .debug_abbrev  0x00000000000001e0       0xfc Src/SPI_program.o
 .debug_abbrev  0x00000000000002dc      0x10d Src/STK_program.o
 .debug_abbrev  0x00000000000003e9       0x47 Src/main.o
 .debug_abbrev  0x0000000000000430       0x12 Startup/startup_stm32f103c6tx.o

.debug_aranges  0x0000000000000000      0x228
 .debug_aranges
                0x0000000000000000       0x68 Src/DMA_program.o
 .debug_aranges
                0x0000000000000068       0xb8 Src/EXTI_program.o
 .debug_aranges
                0x0000000000000120       0x58 Src/SPI_program.o
 .debug_aranges
                0x0000000000000178       0x68 Src/STK_program.o
 .debug_aranges
                0x00000000000001e0       0x20 Src/main.o
 .debug_aranges
                0x0000000000000200       0x28 Startup/startup_stm32f103c6tx.o

.debug_ranges   0x0000000000000000      0x1d0
 .debug_ranges  0x0000000000000000       0x58 Src/DMA_program.o
 .debug_ranges  0x0000000000000058       0xa8 Src/EXTI_program.o
 .debug_ranges  0x0000000000000100       0x48 Src/SPI_program.o
 .debug_ranges  0x0000000000000148       0x58 Src/STK_program.o
 .debug_ranges  0x00000000000001a0       0x10 Src/main.o
 .debug_ranges  0x00000000000001b0       0x20 Startup/startup_stm32f103c6tx.o

.debug_macro    0x0000000000000000      0x472
 .debug_macro   0x0000000000000000       0x3f Src/DMA_program.o
 .debug_macro   0x000000000000003f       0x4c Src/DMA_program.o
 .debug_macro   0x000000000000008b       0x10 Src/DMA_program.o
 .debug_macro   0x000000000000009b       0x3f Src/EXTI_program.o
 .debug_macro   0x00000000000000da       0x7c Src/EXTI_program.o
 .debug_macro   0x0000000000000156       0x10 Src/EXTI_program.o
 .debug_macro   0x0000000000000166       0x48 Src/SPI_program.o
 .debug_macro   0x00000000000001ae       0xbe Src/SPI_program.o
 .debug_macro   0x000000000000026c       0xb2 Src/SPI_program.o
 .debug_macro   0x000000000000031e       0x4e Src/STK_program.o
 .debug_macro   0x000000000000036c       0x28 Src/STK_program.o
 .debug_macro   0x0000000000000394       0x10 Src/STK_program.o
 .debug_macro   0x00000000000003a4       0xac Src/main.o
 .debug_macro   0x0000000000000450       0x22 Src/main.o

.debug_line     0x0000000000000000      0x8de
 .debug_line    0x0000000000000000      0x18f Src/DMA_program.o
 .debug_line    0x000000000000018f      0x219 Src/EXTI_program.o
 .debug_line    0x00000000000003a8      0x15d Src/SPI_program.o
 .debug_line    0x0000000000000505      0x1d3 Src/STK_program.o
 .debug_line    0x00000000000006d8      0x182 Src/main.o
 .debug_line    0x000000000000085a       0x84 Startup/startup_stm32f103c6tx.o

.debug_str      0x0000000000000000     0x4c1c
 .debug_str     0x0000000000000000     0x337c Src/DMA_program.o
                                       0x3408 (size before relaxing)
 .debug_str     0x000000000000337c      0x304 Src/EXTI_program.o
                                       0x3358 (size before relaxing)
 .debug_str     0x0000000000003680      0xb09 Src/SPI_program.o
                                       0x3b58 (size before relaxing)
 .debug_str     0x0000000000004189      0x28c Src/STK_program.o
                                       0x32e8 (size before relaxing)
 .debug_str     0x0000000000004415      0x7d6 Src/main.o
                                       0x3d5f (size before relaxing)
 .debug_str     0x0000000000004beb       0x31 Startup/startup_stm32f103c6tx.o
                                         0x77 (size before relaxing)

.comment        0x0000000000000000       0x7b
 .comment       0x0000000000000000       0x7b Src/DMA_program.o
                                         0x7c (size before relaxing)
 .comment       0x000000000000007b       0x7c Src/EXTI_program.o
 .comment       0x000000000000007b       0x7c Src/SPI_program.o
 .comment       0x000000000000007b       0x7c Src/STK_program.o
 .comment       0x000000000000007b       0x7c Src/main.o

.debug_frame    0x0000000000000000      0x6d8
 .debug_frame   0x0000000000000000      0x168 Src/DMA_program.o
 .debug_frame   0x0000000000000168      0x270 Src/EXTI_program.o
 .debug_frame   0x00000000000003d8      0x120 Src/SPI_program.o
 .debug_frame   0x00000000000004f8      0x184 Src/STK_program.o
 .debug_frame   0x000000000000067c       0x30 Src/main.o
 .debug_frame   0x00000000000006ac       0x2c c:/st/stm32cubeide_1.4.0/stm32cubeide/plugins/com.st.stm32cube.ide.mcu.externaltools.gnu-tools-for-stm32.7-2018-q2-update.win32_1.4.0.202007081208/tools/bin/../lib/gcc/arm-none-eabi/7.3.1/../../../../arm-none-eabi/lib/thumb/v7-m\libc_nano.a(lib_a-init.o)
