02:13:58 **** Build of configuration Debug for project Wheelchair ****
make -j16 all 
arm-none-eabi-gcc -mcpu=cortex-m3 -g3 -c -x assembler-with-cpp -MMD -MP -MF"Startup/startup_stm32f103c6tx.d" -MT"Startup/startup_stm32f103c6tx.o" --specs=nano.specs -mfloat-abi=soft -mthumb -o "Startup/startup_stm32f103c6tx.o" "../Startup/startup_stm32f103c6tx.s"
arm-none-eabi-gcc "../Src/ADC_program.c" -mcpu=cortex-m3 -std=gnu11 -g3 -DSTM32 -DSTM32F1 -DSTM32F103C6Tx -DDEBUG -c -I../Inc -O0 -ffunction-sections -fdata-sections -Wall -fstack-usage -MMD -MP -MF"Src/ADC_program.d" -MT"Src/ADC_program.o" --specs=nano.specs -mfloat-abi=soft -mthumb -o "Src/ADC_program.o"
arm-none-eabi-gcc "../Src/AFIO_program.c" -mcpu=cortex-m3 -std=gnu11 -g3 -DSTM32 -DSTM32F1 -DSTM32F103C6Tx -DDEBUG -c -I../Inc -O0 -ffunction-sections -fdata-sections -Wall -fstack-usage -MMD -MP -MF"Src/AFIO_program.d" -MT"Src/AFIO_program.o" --specs=nano.specs -mfloat-abi=soft -mthumb -o "Src/AFIO_program.o"
arm-none-eabi-gcc "../Src/BatteryIndicator_program.c" -mcpu=cortex-m3 -std=gnu11 -g3 -DSTM32 -DSTM32F1 -DSTM32F103C6Tx -DDEBUG -c -I../Inc -O0 -ffunction-sections -fdata-sections -Wall -fstack-usage -MMD -MP -MF"Src/BatteryIndicator_program.d" -MT"Src/BatteryIndicator_program.o" --specs=nano.specs -mfloat-abi=soft -mthumb -o "Src/BatteryIndicator_program.o"
arm-none-eabi-gcc "../Src/DIO_program.c" -mcpu=cortex-m3 -std=gnu11 -g3 -DSTM32 -DSTM32F1 -DSTM32F103C6Tx -DDEBUG -c -I../Inc -O0 -ffunction-sections -fdata-sections -Wall -fstack-usage -MMD -MP -MF"Src/DIO_program.d" -MT"Src/DIO_program.o" --specs=nano.specs -mfloat-abi=soft -mthumb -o "Src/DIO_program.o"
arm-none-eabi-gcc "../Src/DMA_program.c" -mcpu=cortex-m3 -std=gnu11 -g3 -DSTM32 -DSTM32F1 -DSTM32F103C6Tx -DDEBUG -c -I../Inc -O0 -ffunction-sections -fdata-sections -Wall -fstack-usage -MMD -MP -MF"Src/DMA_program.d" -MT"Src/DMA_program.o" --specs=nano.specs -mfloat-abi=soft -mthumb -o "Src/DMA_program.o"
arm-none-eabi-gcc "../Src/EXTI_program.c" -mcpu=cortex-m3 -std=gnu11 -g3 -DSTM32 -DSTM32F1 -DSTM32F103C6Tx -DDEBUG -c -I../Inc -O0 -ffunction-sections -fdata-sections -Wall -fstack-usage -MMD -MP -MF"Src/EXTI_program.d" -MT"Src/EXTI_program.o" --specs=nano.specs -mfloat-abi=soft -mthumb -o "Src/EXTI_program.o"
arm-none-eabi-gcc "../Src/I2C_program.c" -mcpu=cortex-m3 -std=gnu11 -g3 -DSTM32 -DSTM32F1 -DSTM32F103C6Tx -DDEBUG -c -I../Inc -O0 -ffunction-sections -fdata-sections -Wall -fstack-usage -MMD -MP -MF"Src/I2C_program.d" -MT"Src/I2C_program.o" --specs=nano.specs -mfloat-abi=soft -mthumb -o "Src/I2C_program.o"
arm-none-eabi-gcc "../Src/LM35_program.c" -mcpu=cortex-m3 -std=gnu11 -g3 -DSTM32 -DSTM32F1 -DSTM32F103C6Tx -DDEBUG -c -I../Inc -O0 -ffunction-sections -fdata-sections -Wall -fstack-usage -MMD -MP -MF"Src/LM35_program.d" -MT"Src/LM35_program.o" --specs=nano.specs -mfloat-abi=soft -mthumb -o "Src/LM35_program.o"
arm-none-eabi-gcc "../Src/NVIC_program.c" -mcpu=cortex-m3 -std=gnu11 -g3 -DSTM32 -DSTM32F1 -DSTM32F103C6Tx -DDEBUG -c -I../Inc -O0 -ffunction-sections -fdata-sections -Wall -fstack-usage -MMD -MP -MF"Src/NVIC_program.d" -MT"Src/NVIC_program.o" --specs=nano.specs -mfloat-abi=soft -mthumb -o "Src/NVIC_program.o"
arm-none-eabi-gcc "../Src/RCC_program.c" -mcpu=cortex-m3 -std=gnu11 -g3 -DSTM32 -DSTM32F1 -DSTM32F103C6Tx -DDEBUG -c -I../Inc -O0 -ffunction-sections -fdata-sections -Wall -fstack-usage -MMD -MP -MF"Src/RCC_program.d" -MT"Src/RCC_program.o" --specs=nano.specs -mfloat-abi=soft -mthumb -o "Src/RCC_program.o"
arm-none-eabi-gcc "../Src/SPI_program.c" -mcpu=cortex-m3 -std=gnu11 -g3 -DSTM32 -DSTM32F1 -DSTM32F103C6Tx -DDEBUG -c -I../Inc -O0 -ffunction-sections -fdata-sections -Wall -fstack-usage -MMD -MP -MF"Src/SPI_program.d" -MT"Src/SPI_program.o" --specs=nano.specs -mfloat-abi=soft -mthumb -o "Src/SPI_program.o"
arm-none-eabi-gcc "../Src/STK_program.c" -mcpu=cortex-m3 -std=gnu11 -g3 -DSTM32 -DSTM32F1 -DSTM32F103C6Tx -DDEBUG -c -I../Inc -O0 -ffunction-sections -fdata-sections -Wall -fstack-usage -MMD -MP -MF"Src/STK_program.d" -MT"Src/STK_program.o" --specs=nano.specs -mfloat-abi=soft -mthumb -o "Src/STK_program.o"
arm-none-eabi-gcc "../Src/USART_program.c" -mcpu=cortex-m3 -std=gnu11 -g3 -DSTM32 -DSTM32F1 -DSTM32F103C6Tx -DDEBUG -c -I../Inc -O0 -ffunction-sections -fdata-sections -Wall -fstack-usage -MMD -MP -MF"Src/USART_program.d" -MT"Src/USART_program.o" --specs=nano.specs -mfloat-abi=soft -mthumb -o "Src/USART_program.o"
arm-none-eabi-gcc "../Src/main.c" -mcpu=cortex-m3 -std=gnu11 -g3 -DSTM32 -DSTM32F1 -DSTM32F103C6Tx -DDEBUG -c -I../Inc -O0 -ffunction-sections -fdata-sections -Wall -fstack-usage -MMD -MP -MF"Src/main.d" -MT"Src/main.o" --specs=nano.specs -mfloat-abi=soft -mthumb -o "Src/main.o"
arm-none-eabi-gcc -o "Wheelchair.elf" @"objects.list"   -mcpu=cortex-m3 -T"C:\Users\ibrah\OneDrive\Desktop\Wheelchair\Workspace\Wheelchair\STM32F103C6TX_FLASH.ld" --specs=nosys.specs -Wl,-Map="Wheelchair.map" -Wl,--gc-sections -static --specs=nano.specs -mfloat-abi=soft -mthumb -Wl,--start-group -lc -lm -Wl,--end-group
Finished building target: Wheelchair.elf
 
arm-none-eabi-size   Wheelchair.elf 
arm-none-eabi-objdump -h -S  Wheelchair.elf  > "Wheelchair.list"
arm-none-eabi-objcopy  -O binary  Wheelchair.elf  "Wheelchair.bin"
   text	   data	    bss	    dec	    hex	filename
   1212	      8	   1648	   2868	    b34	Wheelchair.elf
Finished building: default.size.stdout
 
Finished building: Wheelchair.list
Finished building: Wheelchair.bin
 
 
02:14:42 **** Incremental Build of configuration Debug for project Wheelchair ****
make -j16 all 
arm-none-eabi-size   Wheelchair.elf 
   text	   data	    bss	    dec	    hex	filename
   1212	      8	   1648	   2868	    b34	Wheelchair.elf
Finished building: default.size.stdout
 
02:25:45 **** Incremental Build of configuration Debug for project Wheelchair ****
make -j16 all 
arm-none-eabi-size   Wheelchair.elf 
   text	   data	    bss	    dec	    hex	filename
   1212	      8	   1648	   2868	    b34	Wheelchair.elf
Finished building: default.size.stdout
 
03:09:08 **** Incremental Build of configuration Debug for project Wheelchair ****
make -j16 all 
arm-none-eabi-size   Wheelchair.elf 
   text	   data	    bss	    dec	    hex	filename
   1212	      8	   1648	   2868	    b34	Wheelchair.elf
Finished building: default.size.stdout
 
17:00:52 **** Incremental Build of configuration Debug for project Wheelchair ****
make -j16 all 
arm-none-eabi-size   Wheelchair.elf 
   text	   data	    bss	    dec	    hex	filename
   1212	      8	   1648	   2868	    b34	Wheelchair.elf
Finished building: default.size.stdout
 
04:20:26 **** Build of configuration Debug for project Wheelchair ****
make -j16 all 
arm-none-eabi-gcc "../Src/I2C_program.c" -mcpu=cortex-m3 -std=gnu11 -g3 -DSTM32 -DSTM32F1 -DSTM32F103C6Tx -DDEBUG -c -I../Inc -O0 -ffunction-sections -fdata-sections -Wall -fstack-usage -MMD -MP -MF"Src/I2C_program.d" -MT"Src/I2C_program.o" --specs=nano.specs -mfloat-abi=soft -mthumb -o "Src/I2C_program.o"
arm-none-eabi-gcc "../Src/main.c" -mcpu=cortex-m3 -std=gnu11 -g3 -DSTM32 -DSTM32F1 -DSTM32F103C6Tx -DDEBUG -c -I../Inc -O0 -ffunction-sections -fdata-sections -Wall -fstack-usage -MMD -MP -MF"Src/main.d" -MT"Src/main.o" --specs=nano.specs -mfloat-abi=soft -mthumb -o "Src/main.o"
In file included from ../Src/I2C_program.c:14:0:
../Inc/I2C_interface.h:11:17: error: unknown type name 'I2C_t'
 volatile extern I2C_t * I2C[NNUMBER_OF_I2C_IN_STM32F103C6];
                 ^~~~~
../Inc/I2C_interface.h:11:29: error: 'NNUMBER_OF_I2C_IN_STM32F103C6' undeclared here (not in a function)
 volatile extern I2C_t * I2C[NNUMBER_OF_I2C_IN_STM32F103C6];
                             ^~~~~~~~~~~~~~~~~~~~~~~~~~~~~
In file included from ../Src/main.c:25:0:
../Inc/I2C_interface.h:11:17: error: unknown type name 'I2C_t'
 volatile extern I2C_t * I2C[NNUMBER_OF_I2C_IN_STM32F103C6];
                 ^~~~~
../Inc/I2C_interface.h:11:29: error: 'NNUMBER_OF_I2C_IN_STM32F103C6' undeclared here (not in a function)
 volatile extern I2C_t * I2C[NNUMBER_OF_I2C_IN_STM32F103C6];
                             ^~~~~~~~~~~~~~~~~~~~~~~~~~~~~
make: *** [Src/subdir.mk:69: Src/I2C_program.o] Error 1
make: *** Waiting for unfinished jobs....
make: *** [Src/subdir.mk:83: Src/main.o] Error 1
"make -j16 all" terminated with exit code 2. Build might be incomplete.
04:20:39 **** Incremental Build of configuration Debug for project Wheelchair ****
make -j16 all 
arm-none-eabi-gcc "../Src/I2C_program.c" -mcpu=cortex-m3 -std=gnu11 -g3 -DSTM32 -DSTM32F1 -DSTM32F103C6Tx -DDEBUG -c -I../Inc -O0 -ffunction-sections -fdata-sections -Wall -fstack-usage -MMD -MP -MF"Src/I2C_program.d" -MT"Src/I2C_program.o" --specs=nano.specs -mfloat-abi=soft -mthumb -o "Src/I2C_program.o"
arm-none-eabi-gcc "../Src/main.c" -mcpu=cortex-m3 -std=gnu11 -g3 -DSTM32 -DSTM32F1 -DSTM32F103C6Tx -DDEBUG -c -I../Inc -O0 -ffunction-sections -fdata-sections -Wall -fstack-usage -MMD -MP -MF"Src/main.d" -MT"Src/main.o" --specs=nano.specs -mfloat-abi=soft -mthumb -o "Src/main.o"
In file included from ../Src/I2C_program.c:14:0:
../Inc/I2C_interface.h:11:17: error: unknown type name 'I2C_t'
 volatile extern I2C_t * I2C[2];
                 ^~~~~
In file included from ../Src/I2C_program.c:16:0:
../Inc/I2C_private.h:28:19: error: conflicting types for 'I2C'
  volatile I2C_t * I2C[NNUMBER_OF_I2C_IN_STM32F103C6] =
                   ^~~
In file included from ../Src/I2C_program.c:14:0:
../Inc/I2C_interface.h:11:25: note: previous declaration of 'I2C' was here
 volatile extern I2C_t * I2C[2];
                         ^~~
In file included from ../Src/main.c:25:0:
../Inc/I2C_interface.h:11:17: error: unknown type name 'I2C_t'
 volatile extern I2C_t * I2C[2];
                 ^~~~~
make: *** [Src/subdir.mk:69: Src/I2C_program.o] Error 1
make: *** Waiting for unfinished jobs....
make: *** [Src/subdir.mk:83: Src/main.o] Error 1
"make -j16 all" terminated with exit code 2. Build might be incomplete.
04:21:14 **** Incremental Build of configuration Debug for project Wheelchair ****
make -j16 all 
arm-none-eabi-gcc "../Src/I2C_program.c" -mcpu=cortex-m3 -std=gnu11 -g3 -DSTM32 -DSTM32F1 -DSTM32F103C6Tx -DDEBUG -c -I../Inc -O0 -ffunction-sections -fdata-sections -Wall -fstack-usage -MMD -MP -MF"Src/I2C_program.d" -MT"Src/I2C_program.o" --specs=nano.specs -mfloat-abi=soft -mthumb -o "Src/I2C_program.o"
arm-none-eabi-gcc "../Src/main.c" -mcpu=cortex-m3 -std=gnu11 -g3 -DSTM32 -DSTM32F1 -DSTM32F103C6Tx -DDEBUG -c -I../Inc -O0 -ffunction-sections -fdata-sections -Wall -fstack-usage -MMD -MP -MF"Src/main.d" -MT"Src/main.o" --specs=nano.specs -mfloat-abi=soft -mthumb -o "Src/main.o"
arm-none-eabi-gcc -o "Wheelchair.elf" @"objects.list"   -mcpu=cortex-m3 -T"C:\Users\ibrah\OneDrive\Desktop\Wheelchair\Workspace\Wheelchair\STM32F103C6TX_FLASH.ld" --specs=nosys.specs -Wl,-Map="Wheelchair.map" -Wl,--gc-sections -static --specs=nano.specs -mfloat-abi=soft -mthumb -Wl,--start-group -lc -lm -Wl,--end-group
Finished building target: Wheelchair.elf
 
arm-none-eabi-objdump -h -S  Wheelchair.elf  > "Wheelchair.list"
arm-none-eabi-objcopy  -O binary  Wheelchair.elf  "Wheelchair.bin"
arm-none-eabi-size   Wheelchair.elf 
   text	   data	    bss	    dec	    hex	filename
   1212	      8	   1648	   2868	    b34	Wheelchair.elf
Finished building: default.size.stdout
 
Finished building: Wheelchair.bin
Finished building: Wheelchair.list
 
 
04:21:21 **** Incremental Build of configuration Debug for project Wheelchair ****
make -j16 all 
arm-none-eabi-size   Wheelchair.elf 
   text	   data	    bss	    dec	    hex	filename
   1212	      8	   1648	   2868	    b34	Wheelchair.elf
Finished building: default.size.stdout
 
04:21:25 **** Incremental Build of configuration Debug for project Wheelchair ****
make -j16 all 
arm-none-eabi-size   Wheelchair.elf 
   text	   data	    bss	    dec	    hex	filename
   1212	      8	   1648	   2868	    b34	Wheelchair.elf
Finished building: default.size.stdout
 
04:22:29 **** Incremental Build of configuration Debug for project Wheelchair ****
make -j16 all 
arm-none-eabi-gcc "../Src/I2C_program.c" -mcpu=cortex-m3 -std=gnu11 -g3 -DSTM32 -DSTM32F1 -DSTM32F103C6Tx -DDEBUG -c -I../Inc -O0 -ffunction-sections -fdata-sections -Wall -fstack-usage -MMD -MP -MF"Src/I2C_program.d" -MT"Src/I2C_program.o" --specs=nano.specs -mfloat-abi=soft -mthumb -o "Src/I2C_program.o"
arm-none-eabi-gcc -o "Wheelchair.elf" @"objects.list"   -mcpu=cortex-m3 -T"C:\Users\ibrah\OneDrive\Desktop\Wheelchair\Workspace\Wheelchair\STM32F103C6TX_FLASH.ld" --specs=nosys.specs -Wl,-Map="Wheelchair.map" -Wl,--gc-sections -static --specs=nano.specs -mfloat-abi=soft -mthumb -Wl,--start-group -lc -lm -Wl,--end-group
Finished building target: Wheelchair.elf
 
arm-none-eabi-objdump -h -S  Wheelchair.elf  > "Wheelchair.list"
arm-none-eabi-objcopy  -O binary  Wheelchair.elf  "Wheelchair.bin"
arm-none-eabi-size   Wheelchair.elf 
   text	   data	    bss	    dec	    hex	filename
   1212	      8	   1648	   2868	    b34	Wheelchair.elf
Finished building: default.size.stdout
 
Finished building: Wheelchair.list
Finished building: Wheelchair.bin
 
 
16:43:59 **** Incremental Build of configuration Debug for project Wheelchair ****
make -j16 all 
arm-none-eabi-gcc "../Src/Encoder_program.c" -mcpu=cortex-m3 -std=gnu11 -g3 -DSTM32 -DSTM32F1 -DSTM32F103C6Tx -DDEBUG -c -I../Inc -O0 -ffunction-sections -fdata-sections -Wall -fstack-usage -MMD -MP -MF"Src/Encoder_program.d" -MT"Src/Encoder_program.o" --specs=nano.specs -mfloat-abi=soft -mthumb -o "Src/Encoder_program.o"
arm-none-eabi-gcc -o "Wheelchair.elf" @"objects.list"   -mcpu=cortex-m3 -T"C:\Users\ibrah\OneDrive\Desktop\Wheelchair\Workspace\Wheelchair\STM32F103C6TX_FLASH.ld" --specs=nosys.specs -Wl,-Map="Wheelchair.map" -Wl,--gc-sections -static --specs=nano.specs -mfloat-abi=soft -mthumb -Wl,--start-group -lc -lm -Wl,--end-group
Finished building target: Wheelchair.elf
 
arm-none-eabi-objdump -h -S  Wheelchair.elf  > "Wheelchair.list"
arm-none-eabi-objcopy  -O binary  Wheelchair.elf  "Wheelchair.bin"
arm-none-eabi-size   Wheelchair.elf 
   text	   data	    bss	    dec	    hex	filename
   1212	      8	   1648	   2868	    b34	Wheelchair.elf
Finished building: default.size.stdout
 
Finished building: Wheelchair.list
Finished building: Wheelchair.bin
 
 
16:44:56 **** Incremental Build of configuration Debug for project Wheelchair ****
make -j16 all 
arm-none-eabi-gcc "../Src/Encoder_program.c" -mcpu=cortex-m3 -std=gnu11 -g3 -DSTM32 -DSTM32F1 -DSTM32F103C6Tx -DDEBUG -c -I../Inc -O0 -ffunction-sections -fdata-sections -Wall -fstack-usage -MMD -MP -MF"Src/Encoder_program.d" -MT"Src/Encoder_program.o" --specs=nano.specs -mfloat-abi=soft -mthumb -o "Src/Encoder_program.o"
In file included from ../Src/Encoder_program.c:14:0:
../Inc/Encoder_interface.h:13:1: warning: useless storage class specifier in empty declaration
 };
 ^
../Inc/Encoder_interface.h:15:19: error: unknown type name 'Encoders_Number_t'
 void Encoder_init(Encoders_Number_t Encoder_Num);
                   ^~~~~~~~~~~~~~~~~
make: *** [Src/subdir.mk:72: Src/Encoder_program.o] Error 1
"make -j16 all" terminated with exit code 2. Build might be incomplete.
16:45:21 **** Incremental Build of configuration Debug for project Wheelchair ****
make -j16 all 
arm-none-eabi-gcc "../Src/Encoder_program.c" -mcpu=cortex-m3 -std=gnu11 -g3 -DSTM32 -DSTM32F1 -DSTM32F103C6Tx -DDEBUG -c -I../Inc -O0 -ffunction-sections -fdata-sections -Wall -fstack-usage -MMD -MP -MF"Src/Encoder_program.d" -MT"Src/Encoder_program.o" --specs=nano.specs -mfloat-abi=soft -mthumb -o "Src/Encoder_program.o"
arm-none-eabi-gcc -o "Wheelchair.elf" @"objects.list"   -mcpu=cortex-m3 -T"C:\Users\ibrah\OneDrive\Desktop\Wheelchair\Workspace\Wheelchair\STM32F103C6TX_FLASH.ld" --specs=nosys.specs -Wl,-Map="Wheelchair.map" -Wl,--gc-sections -static --specs=nano.specs -mfloat-abi=soft -mthumb -Wl,--start-group -lc -lm -Wl,--end-group
Finished building target: Wheelchair.elf
 
arm-none-eabi-objdump -h -S  Wheelchair.elf  > "Wheelchair.list"
arm-none-eabi-objcopy  -O binary  Wheelchair.elf  "Wheelchair.bin"
arm-none-eabi-size   Wheelchair.elf 
   text	   data	    bss	    dec	    hex	filename
   1212	      8	   1648	   2868	    b34	Wheelchair.elf
Finished building: default.size.stdout
Finished building: Wheelchair.list
 
Finished building: Wheelchair.bin
 
 
16:47:40 **** Incremental Build of configuration Debug for project Wheelchair ****
make -j16 all 
arm-none-eabi-gcc "../Src/Encoder_program.c" -mcpu=cortex-m3 -std=gnu11 -g3 -DSTM32 -DSTM32F1 -DSTM32F103C6Tx -DDEBUG -c -I../Inc -O0 -ffunction-sections -fdata-sections -Wall -fstack-usage -MMD -MP -MF"Src/Encoder_program.d" -MT"Src/Encoder_program.o" --specs=nano.specs -mfloat-abi=soft -mthumb -o "Src/Encoder_program.o"
../Src/Encoder_program.c: In function 'Encoder_getPosition':
../Src/Encoder_program.c:26:1: warning: control reaches end of non-void function [-Wreturn-type]
 }
 ^
../Src/Encoder_program.c: In function 'Encoder_getSpeed':
../Src/Encoder_program.c:30:1: warning: control reaches end of non-void function [-Wreturn-type]
 }
 ^
../Src/Encoder_program.c: In function 'Encoder_getAcceleration':
../Src/Encoder_program.c:34:1: warning: control reaches end of non-void function [-Wreturn-type]
 }
 ^
arm-none-eabi-gcc -o "Wheelchair.elf" @"objects.list"   -mcpu=cortex-m3 -T"C:\Users\ibrah\OneDrive\Desktop\Wheelchair\Workspace\Wheelchair\STM32F103C6TX_FLASH.ld" --specs=nosys.specs -Wl,-Map="Wheelchair.map" -Wl,--gc-sections -static --specs=nano.specs -mfloat-abi=soft -mthumb -Wl,--start-group -lc -lm -Wl,--end-group
Finished building target: Wheelchair.elf
 
arm-none-eabi-objdump -h -S  Wheelchair.elf  > "Wheelchair.list"
arm-none-eabi-objcopy  -O binary  Wheelchair.elf  "Wheelchair.bin"
arm-none-eabi-size   Wheelchair.elf 
   text	   data	    bss	    dec	    hex	filename
   1212	      8	   1648	   2868	    b34	Wheelchair.elf
Finished building: default.size.stdout
 
Finished building: Wheelchair.bin
Finished building: Wheelchair.list
 
 
16:49:11 **** Incremental Build of configuration Debug for project Wheelchair ****
make -j16 all 
arm-none-eabi-gcc "../Src/GPT_program.c" -mcpu=cortex-m3 -std=gnu11 -g3 -DSTM32 -DSTM32F1 -DSTM32F103C6Tx -DDEBUG -c -I../Inc -O0 -ffunction-sections -fdata-sections -Wall -fstack-usage -MMD -MP -MF"Src/GPT_program.d" -MT"Src/GPT_program.o" --specs=nano.specs -mfloat-abi=soft -mthumb -o "Src/GPT_program.o"
In file included from ../Src/GPT_program.c:12:0:
../Inc/GPT_interface.h:80:15: error: unknown type name 'TIM_t'; did you mean 'PWM_t'?
 void Tim_init(TIM_t* TIMx, TIM_ConfigType * config);
               ^~~~~
               PWM_t
../Inc/GPT_interface.h:85:20: error: unknown type name 'TIM_t'; did you mean 'PWM_t'?
 void Tim_stopTimer(TIM_t* TIMx);
                    ^~~~~
                    PWM_t
../Inc/GPT_interface.h:91:21: error: unknown type name 'TIM_t'; did you mean 'PWM_t'?
 void Tim_startTimer(TIM_t* TIMx);
                     ^~~~~
                     PWM_t
../Inc/GPT_interface.h:96:23: error: unknown type name 'TIM_t'; did you mean 'PWM_t'?
 void Tim_setPrescaler(TIM_t * TIMx , uint32 prescaler);
                       ^~~~~
                       PWM_t
../Inc/GPT_interface.h:101:21: error: unknown type name 'TIM_t'; did you mean 'PWM_t'?
 void Tim_setPeriod (TIM_t * TIMx , uint32 period);
                     ^~~~~
                     PWM_t
../Inc/GPT_interface.h:106:25: error: unknown type name 'TIM_t'; did you mean 'PWM_t'?
 void Tim_setClockSource(TIM_t *TIMx, timer_clk_src_t CLK_SRC);
                         ^~~~~
                         PWM_t
../Inc/GPT_interface.h:111:25: error: unknown type name 'TIM_t'; did you mean 'PWM_t'?
 void Tim_setCounterMode(TIM_t *TIMx,counter_m counterMode);
                         ^~~~~
                         PWM_t
../Inc/GPT_interface.h:123:30: error: unknown type name 'TIM_t'; did you mean 'PWM_t'?
 void Tim_setInputCaptureMode(TIM_t* TIMx, channel_t Channel, uint32 filterDuration,edge_t Edge);
                              ^~~~~
                              PWM_t
../Inc/GPT_interface.h:128:26: error: unknown type name 'TIM_t'; did you mean 'PWM_t'?
 void Tim_setPWMInputMode(TIM_t* TIMx, channel_t Channel,edge_t Edge);
                          ^~~~~
                          PWM_t
../Inc/GPT_interface.h:130:30: error: unknown type name 'TIM_t'; did you mean 'PWM_t'?
 void Tim_setForcedOutputMode(TIM_t *Timx, channel_t Channel,edge_t Edge);
                              ^~~~~
                              PWM_t
In file included from ../Src/GPT_program.c:12:0:
../Inc/GPT_interface.h:156:21: error: unknown type name 'TIM_t'; did you mean 'PWM_t'?
 void Tim_setPWMmode(TIM_t * TIMx ,channel_t Channel,PWM_t Mode, counter_m CounterMode,uint32 pulse);
                     ^~~~~
                     PWM_t
../Inc/GPT_interface.h:162:24: error: unknown type name 'TIM_t'; did you mean 'PWM_t'?
 void TIM_set_Interrupt(TIM_t *TIMx,TIM_Update_INT_State Copy_IntState);
                        ^~~~~
                        PWM_t
../Inc/GPT_interface.h:168:22: error: unknown type name 'TIM_t'; did you mean 'PWM_t'?
 void TIM_setBusyWait(TIM_t *TIMx,uint32 ticks, uint32 ticksTybe);
                      ^~~~~
                      PWM_t
../Inc/GPT_interface.h:173:30: error: unknown type name 'TIM_t'; did you mean 'PWM_t'?
 void Tim_setIntervalSingle  (TIM_t *TIMx, uint32 ticks, uint32 ticksTybe, void (*pFuncPtr)(void) );
                              ^~~~~
                              PWM_t
../Inc/GPT_interface.h:178:30: error: unknown type name 'TIM_t'; did you mean 'PWM_t'?
 void TIM_setIntervalPeriodic(TIM_t *TIMx,uint32 ticks ,uint32 ticksTybe , void (* pFuncPtr) (void));
                              ^~~~~
                              PWM_t
../Src/GPT_program.c: In function 'Tim_init':
../Src/GPT_program.c:37:3: warning: implicit declaration of function 'Tim_stopTimer' [-Wimplicit-function-declaration]
   Tim_stopTimer( TIMx);
   ^~~~~~~~~~~~~
../Src/GPT_program.c:38:3: warning: implicit declaration of function 'Tim_setPrescaler' [-Wimplicit-function-declaration]
   Tim_setPrescaler(TIMx , config -> Prescaler);
   ^~~~~~~~~~~~~~~~
../Src/GPT_program.c:39:3: warning: implicit declaration of function 'Tim_setPeriod' [-Wimplicit-function-declaration]
   Tim_setPeriod (TIMx , config -> Period);
   ^~~~~~~~~~~~~
../Src/GPT_program.c:45:3: warning: implicit declaration of function 'Tim_setClockSource' [-Wimplicit-function-declaration]
   Tim_setClockSource(TIMx, config -> CLK_SRC );
   ^~~~~~~~~~~~~~~~~~
../Src/GPT_program.c:46:3: warning: implicit declaration of function 'Tim_setClkDiv' [-Wimplicit-function-declaration]
   Tim_setClkDiv(TIMx,config ->ClockFactor );
   ^~~~~~~~~~~~~
../Src/GPT_program.c:47:3: warning: implicit declaration of function 'Tim_setCounterMode' [-Wimplicit-function-declaration]
   Tim_setCounterMode(TIMx,config -> CounterMode);
   ^~~~~~~~~~~~~~~~~~
../Src/GPT_program.c:48:3: warning: implicit declaration of function 'Tim_set_Interrupt' [-Wimplicit-function-declaration]
   Tim_set_Interrupt(TIMx,config -> State);
   ^~~~~~~~~~~~~~~~~
../Src/GPT_program.c:49:3: warning: implicit declaration of function 'Tim_startTimer' [-Wimplicit-function-declaration]
   Tim_startTimer( TIMx);
   ^~~~~~~~~~~~~~
../Src/GPT_program.c: At top level:
../Src/GPT_program.c:54:6: warning: conflicting types for 'Tim_stopTimer'
 void Tim_stopTimer(TIM_t * TIMx){
      ^~~~~~~~~~~~~
../Src/GPT_program.c:37:3: note: previous implicit declaration of 'Tim_stopTimer' was here
   Tim_stopTimer( TIMx);
   ^~~~~~~~~~~~~
../Src/GPT_program.c:58:6: warning: conflicting types for 'Tim_startTimer'
 void Tim_startTimer(TIM_t* TIMx){
      ^~~~~~~~~~~~~~
../Src/GPT_program.c:49:3: note: previous implicit declaration of 'Tim_startTimer' was here
   Tim_startTimer( TIMx);
   ^~~~~~~~~~~~~~
../Src/GPT_program.c:61:6: warning: conflicting types for 'Tim_setPrescaler'
 void Tim_setPrescaler(TIM_t * TIMx , uint32 prescaler){
      ^~~~~~~~~~~~~~~~
../Src/GPT_program.c:38:3: note: previous implicit declaration of 'Tim_setPrescaler' was here
   Tim_setPrescaler(TIMx , config -> Prescaler);
   ^~~~~~~~~~~~~~~~
../Src/GPT_program.c:67:6: warning: conflicting types for 'Tim_setPeriod'
 void Tim_setPeriod (TIM_t * TIMx , uint32 period){
      ^~~~~~~~~~~~~
../Src/GPT_program.c:39:3: note: previous implicit declaration of 'Tim_setPeriod' was here
   Tim_setPeriod (TIMx , config -> Period);
   ^~~~~~~~~~~~~
../Src/GPT_program.c:71:6: warning: conflicting types for 'Tim_setClockSource'
 void Tim_setClockSource(TIM_t *TIMx, timer_clk_src_t CLK_SRC) {
      ^~~~~~~~~~~~~~~~~~
../Src/GPT_program.c:45:3: note: previous implicit declaration of 'Tim_setClockSource' was here
   Tim_setClockSource(TIMx, config -> CLK_SRC );
   ^~~~~~~~~~~~~~~~~~
../Src/GPT_program.c:125:6: warning: conflicting types for 'Tim_setCounterMode'
 void Tim_setCounterMode(TIM_t *TIMx,counter_m counterMode){
      ^~~~~~~~~~~~~~~~~~
../Src/GPT_program.c:47:3: note: previous implicit declaration of 'Tim_setCounterMode' was here
   Tim_setCounterMode(TIMx,config -> CounterMode);
   ^~~~~~~~~~~~~~~~~~
../Src/GPT_program.c:156:6: warning: conflicting types for 'Tim_setClkDiv'
 void Tim_setClkDiv(TIM_t *TIMx,Clk_Div clockDiv)
      ^~~~~~~~~~~~~
../Src/GPT_program.c:46:3: note: previous implicit declaration of 'Tim_setClkDiv' was here
   Tim_setClkDiv(TIMx,config ->ClockFactor );
   ^~~~~~~~~~~~~
../Src/GPT_program.c: In function 'Tim_setInputCaptureMode':
../Src/GPT_program.c:184:9: warning: unused variable 'Local_uint32Prescaler' [-Wunused-variable]
  uint32 Local_uint32Prescaler = TIMx -> PSC;
         ^~~~~~~~~~~~~~~~~~~~~
../Src/GPT_program.c: In function 'Tim_setPWMmode':
../Src/GPT_program.c:425:9: warning: unused variable 'Local' [-Wunused-variable]
  uint32 Local = TIMx -> ARR;
         ^~~~~
../Src/GPT_program.c: At top level:
../Src/GPT_program.c:436:6: warning: conflicting types for 'Tim_set_Interrupt'
 void Tim_set_Interrupt(TIM_t *TIMx,TIM_Update_INT_State intState)
      ^~~~~~~~~~~~~~~~~
../Src/GPT_program.c:48:3: note: previous implicit declaration of 'Tim_set_Interrupt' was here
   Tim_set_Interrupt(TIMx,config -> State);
   ^~~~~~~~~~~~~~~~~
make: *** [Src/subdir.mk:77: Src/GPT_program.o] Error 1
"make -j16 all" terminated with exit code 2. Build might be incomplete.
16:54:00 **** Incremental Build of configuration Debug for project Wheelchair ****
make -j16 all 
arm-none-eabi-gcc "../Src/GPT_program.c" -mcpu=cortex-m3 -std=gnu11 -g3 -DSTM32 -DSTM32F1 -DSTM32F103C6Tx -DDEBUG -c -I../Inc -O0 -ffunction-sections -fdata-sections -Wall -fstack-usage -MMD -MP -MF"Src/GPT_program.d" -MT"Src/GPT_program.o" --specs=nano.specs -mfloat-abi=soft -mthumb -o "Src/GPT_program.o"
../Src/GPT_program.c:10:10: fatal error: BIT_MATH.h: No such file or directory
 #include "BIT_MATH.h"
          ^~~~~~~~~~~~
compilation terminated.
make: *** [Src/subdir.mk:77: Src/GPT_program.o] Error 1
"make -j16 all" terminated with exit code 2. Build might be incomplete.
16:54:45 **** Incremental Build of configuration Debug for project Wheelchair ****
make -j16 all 
arm-none-eabi-gcc "../Src/GPT_program.c" -mcpu=cortex-m3 -std=gnu11 -g3 -DSTM32 -DSTM32F1 -DSTM32F103C6Tx -DDEBUG -c -I../Inc -O0 -ffunction-sections -fdata-sections -Wall -fstack-usage -MMD -MP -MF"Src/GPT_program.d" -MT"Src/GPT_program.o" --specs=nano.specs -mfloat-abi=soft -mthumb -o "Src/GPT_program.o"
In file included from ../Src/GPT_program.c:12:0:
../Inc/GPT_interface.h:33:2: warning: "/*" within comment [-Wcomment]
  /************************************************************************************************************* */
   
../Inc/GPT_interface.h:104:15: error: unknown type name 'TIM_t'; did you mean 'PWM_t'?
 void Tim_init(TIM_t* TIMx, TIM_ConfigType * config);
               ^~~~~
               PWM_t
../Inc/GPT_interface.h:109:20: error: unknown type name 'TIM_t'; did you mean 'PWM_t'?
 void Tim_stopTimer(TIM_t* TIMx);
                    ^~~~~
                    PWM_t
../Inc/GPT_interface.h:115:21: error: unknown type name 'TIM_t'; did you mean 'PWM_t'?
 void Tim_startTimer(TIM_t* TIMx);
                     ^~~~~
                     PWM_t
../Inc/GPT_interface.h:120:27: error: unknown type name 'TIM_t'; did you mean 'PWM_t'?
 void Tim_voidSetPrescaler(TIM_t * TIMx , u32 Copy_u32TimerFreq);
                           ^~~~~
                           PWM_t
../Inc/GPT_interface.h:120:42: error: unknown type name 'u32'
 void Tim_voidSetPrescaler(TIM_t * TIMx , u32 Copy_u32TimerFreq);
                                          ^~~
../Inc/GPT_interface.h:125:25: error: unknown type name 'TIM_t'; did you mean 'PWM_t'?
 void Tim_VoidSetPeriod (TIM_t * TIMx , u32 Copy_u32Period);
                         ^~~~~
                         PWM_t
../Inc/GPT_interface.h:125:40: error: unknown type name 'u32'
 void Tim_VoidSetPeriod (TIM_t * TIMx , u32 Copy_u32Period);
                                        ^~~
../Inc/GPT_interface.h:130:25: error: unknown type name 'TIM_t'; did you mean 'PWM_t'?
 void Tim_setClockSource(TIM_t *TIMx, timer_clk_src_t CLK_SRC);
                         ^~~~~
                         PWM_t
../Inc/GPT_interface.h:135:25: error: unknown type name 'TIM_t'; did you mean 'PWM_t'?
 void Tim_setCounterMode(TIM_t *TIMx,counter_m counterMode);
                         ^~~~~
                         PWM_t
../Inc/GPT_interface.h:142:24: error: unknown type name 'TIM_t'; did you mean 'PWM_t'?
 void Tim_voidSetClkDiv(TIM_t *TIMx,Clk_Div Copy_ClockDiv);
                        ^~~~~
                        PWM_t
../Inc/GPT_interface.h:148:30: error: unknown type name 'TIM_t'; did you mean 'PWM_t'?
 void Tim_setInputCaptureMode(TIM_t* TIMx, channel_t Channel, uint32 filterDuration,edge_t Edge);
                              ^~~~~
                              PWM_t
../Inc/GPT_interface.h:153:26: error: unknown type name 'TIM_t'; did you mean 'PWM_t'?
 void Tim_setPWMInputMode(TIM_t* TIMx, channel_t Channel,edge_t Edge);
                          ^~~~~
                          PWM_t
../Inc/GPT_interface.h:155:30: error: unknown type name 'TIM_t'; did you mean 'PWM_t'?
 void Tim_setForcedOutputMode(TIM_t *Timx, channel_t Channel,edge_t Edge);
                              ^~~~~
                              PWM_t
In file included from ../Src/GPT_program.c:12:0:
../Inc/GPT_interface.h:181:21: error: unknown type name 'TIM_t'; did you mean 'PWM_t'?
 void Tim_setPWMmode(TIM_t * TIMx ,channel_t Channel,PWM_t Mode, counter_m CounterMode,uint32 Copy_uint32DutyCyCle);
                     ^~~~~
                     PWM_t
../Inc/GPT_interface.h:187:24: error: unknown type name 'TIM_t'; did you mean 'PWM_t'?
 void TIM_set_Interrupt(TIM_t *TIMx,TIM_Update_INT_State Copy_IntState);
                        ^~~~~
                        PWM_t
../Inc/GPT_interface.h:193:26: error: unknown type name 'TIM_t'; did you mean 'PWM_t'?
 void Tim_voidSetBusyWait(TIM_t *TIMx,u32 Copy_u32TimeInterval, u32 Copy_u32TimeIntervalUnit);
                          ^~~~~
                          PWM_t
../Inc/GPT_interface.h:193:38: error: unknown type name 'u32'
 void Tim_voidSetBusyWait(TIM_t *TIMx,u32 Copy_u32TimeInterval, u32 Copy_u32TimeIntervalUnit);
                                      ^~~
../Inc/GPT_interface.h:193:64: error: unknown type name 'u32'
 void Tim_voidSetBusyWait(TIM_t *TIMx,u32 Copy_u32TimeInterval, u32 Copy_u32TimeIntervalUnit);
                                                                ^~~
../Inc/GPT_interface.h:198:34: error: unknown type name 'TIM_t'; did you mean 'PWM_t'?
 void Tim_voidSetIntervalSingle  (TIM_t *TIMx, u32 Copy_u32TimeInterval, u32 Copy_u32TimeIntervalUnit, void (*Copy_voidpFuncPtr)(void) );
                                  ^~~~~
                                  PWM_t
../Inc/GPT_interface.h:198:47: error: unknown type name 'u32'
 void Tim_voidSetIntervalSingle  (TIM_t *TIMx, u32 Copy_u32TimeInterval, u32 Copy_u32TimeIntervalUnit, void (*Copy_voidpFuncPtr)(void) );
                                               ^~~
../Inc/GPT_interface.h:198:73: error: unknown type name 'u32'
 void Tim_voidSetIntervalSingle  (TIM_t *TIMx, u32 Copy_u32TimeInterval, u32 Copy_u32TimeIntervalUnit, void (*Copy_voidpFuncPtr)(void) );
                                                                         ^~~
../Inc/GPT_interface.h:203:34: error: unknown type name 'TIM_t'; did you mean 'PWM_t'?
 void TIM_voidSetIntervalPeriodic(TIM_t *TIMx, u32 Copy_u32TimeInterval, u32 Copy_u32TimeIntervalUnit,  void (* Copy_voidpFuncPtr) (void));
                                  ^~~~~
                                  PWM_t
../Inc/GPT_interface.h:203:47: error: unknown type name 'u32'
 void TIM_voidSetIntervalPeriodic(TIM_t *TIMx, u32 Copy_u32TimeInterval, u32 Copy_u32TimeIntervalUnit,  void (* Copy_voidpFuncPtr) (void));
                                               ^~~
../Inc/GPT_interface.h:203:73: error: unknown type name 'u32'
 void TIM_voidSetIntervalPeriodic(TIM_t *TIMx, u32 Copy_u32TimeInterval, u32 Copy_u32TimeIntervalUnit,  void (* Copy_voidpFuncPtr) (void));
                                                                         ^~~
In file included from ../Src/GPT_program.c:13:0:
../Inc/GPT_private.h:103:36: error: unknown type name 'u32'
 void Tim_voidSetTicks (TIM_t *TIMx,u32 Copy_u32TimeInterval, u32 Copy_u32TimeIntervalUnit);
                                    ^~~
../Inc/GPT_private.h:103:62: error: unknown type name 'u32'
 void Tim_voidSetTicks (TIM_t *TIMx,u32 Copy_u32TimeInterval, u32 Copy_u32TimeIntervalUnit);
                                                              ^~~
../Src/GPT_program.c:25:17: error: unknown type name 'u8'
 static volatile u8 TIM_u8IntervalMode;
                 ^~
In file included from ../Src/GPT_program.c:10:0:
../Src/GPT_program.c: In function 'Tim_voidInit':
../Src/GPT_program.c:43:12: error: 'RCC' undeclared (first use in this function)
   SET_BIT (RCC->APB2ENR,TIM1EN);
            ^
../Inc/common_macros.h:11:39: note: in definition of macro 'SET_BIT'
 #define SET_BIT(REG,BIT)             (REG|=(1<<BIT))
                                       ^~~
../Src/GPT_program.c:43:12: note: each undeclared identifier is reported only once for each function it appears in
   SET_BIT (RCC->APB2ENR,TIM1EN);
            ^
../Inc/common_macros.h:11:39: note: in definition of macro 'SET_BIT'
 #define SET_BIT(REG,BIT)             (REG|=(1<<BIT))
                                       ^~~
../Src/GPT_program.c:46:31: error: 'TIM2EN' undeclared (first use in this function); did you mean 'TIM8EN'?
         SET_BIT (RCC->APB1ENR,TIM2EN);
                               ^
../Inc/common_macros.h:11:48: note: in definition of macro 'SET_BIT'
 #define SET_BIT(REG,BIT)             (REG|=(1<<BIT))
                                                ^~~
../Src/GPT_program.c:48:31: error: 'TIM3EN' undeclared (first use in this function); did you mean 'TIM2EN'?
         SET_BIT (RCC->APB1ENR,TIM3EN);
                               ^
../Inc/common_macros.h:11:48: note: in definition of macro 'SET_BIT'
 #define SET_BIT(REG,BIT)             (REG|=(1<<BIT))
                                                ^~~
../Src/GPT_program.c:50:31: error: 'TIM4EN' undeclared (first use in this function); did you mean 'TIM3EN'?
         SET_BIT (RCC->APB1ENR,TIM4EN);
                               ^
../Inc/common_macros.h:11:48: note: in definition of macro 'SET_BIT'
 #define SET_BIT(REG,BIT)             (REG|=(1<<BIT))
                                                ^~~
../Src/GPT_program.c:54:3: warning: implicit declaration of function 'Tim_voidStopTimer'; did you mean 'Tim_voidInit'? [-Wimplicit-function-declaration]
   Tim_voidStopTimer( TIMx);
   ^~~~~~~~~~~~~~~~~
   Tim_voidInit
../Src/GPT_program.c:55:3: warning: implicit declaration of function 'Tim_voidSetPrescaler' [-Wimplicit-function-declaration]
   Tim_voidSetPrescaler(TIMx , config -> DesiredTimerFreq);
   ^~~~~~~~~~~~~~~~~~~~
../Src/GPT_program.c:56:3: warning: implicit declaration of function 'Tim_VoidSetPeriod' [-Wimplicit-function-declaration]
   Tim_VoidSetPeriod (TIMx , config -> AutoReloadValue);
   ^~~~~~~~~~~~~~~~~
../Src/GPT_program.c:62:3: warning: implicit declaration of function 'Tim_voidSetClockSource' [-Wimplicit-function-declaration]
   Tim_voidSetClockSource(TIMx, config -> CLK_SRC );
   ^~~~~~~~~~~~~~~~~~~~~~
../Src/GPT_program.c:63:3: warning: implicit declaration of function 'Tim_voidSetClkDiv'; did you mean 'Tim_voidInit'? [-Wimplicit-function-declaration]
   Tim_voidSetClkDiv(TIMx,config ->ClockFactor );
   ^~~~~~~~~~~~~~~~~
   Tim_voidInit
../Src/GPT_program.c:64:3: warning: implicit declaration of function 'Tim_voidCounterMode' [-Wimplicit-function-declaration]
   Tim_voidCounterMode(TIMx,config -> CounterMode);
   ^~~~~~~~~~~~~~~~~~~
../Src/GPT_program.c:65:3: warning: implicit declaration of function 'Tim_voidSet_Interrupt'; did you mean 'Tim_voidInit'? [-Wimplicit-function-declaration]
   Tim_voidSet_Interrupt(TIMx,config -> State);
   ^~~~~~~~~~~~~~~~~~~~~
   Tim_voidInit
../Src/GPT_program.c:66:3: warning: implicit declaration of function 'Tim_voidStartTimer'; did you mean 'Tim_voidInit'? [-Wimplicit-function-declaration]
   Tim_voidStartTimer( TIMx);
   ^~~~~~~~~~~~~~~~~~
   Tim_voidInit
../Src/GPT_program.c: At top level:
../Src/GPT_program.c:71:6: warning: conflicting types for 'Tim_voidStopTimer'
 void Tim_voidStopTimer(TIM_t * TIMx){
      ^~~~~~~~~~~~~~~~~
../Src/GPT_program.c:54:3: note: previous implicit declaration of 'Tim_voidStopTimer' was here
   Tim_voidStopTimer( TIMx);
   ^~~~~~~~~~~~~~~~~
../Src/GPT_program.c: In function 'Tim_voidStopTimer':
../Src/GPT_program.c:73:2: warning: implicit declaration of function 'CLEAR_BIT'; did you mean 'CLR_BIT'? [-Wimplicit-function-declaration]
  CLEAR_BIT(TIMx ->CR1 ,CEN);
  ^~~~~~~~~
  CLR_BIT
../Src/GPT_program.c: At top level:
../Src/GPT_program.c:75:6: warning: conflicting types for 'Tim_voidStartTimer'
 void Tim_voidStartTimer(TIM_t* TIMx){
      ^~~~~~~~~~~~~~~~~~
../Src/GPT_program.c:66:3: note: previous implicit declaration of 'Tim_voidStartTimer' was here
   Tim_voidStartTimer( TIMx);
   ^~~~~~~~~~~~~~~~~~
../Src/GPT_program.c:78:42: error: unknown type name 'u32'
 void Tim_voidSetPrescaler(TIM_t * TIMx , u32 Copy_u32TimerFreq){
                                          ^~~
../Src/GPT_program.c:85:40: error: unknown type name 'u32'
 void Tim_VoidSetPeriod (TIM_t * TIMx , u32 Copy_u32Period){
                                        ^~~
../Src/GPT_program.c:89:6: warning: conflicting types for 'Tim_voidSetClockSource'
 void Tim_voidSetClockSource(TIM_t *TIMx, timer_clk_src_t Copy_CLK_SRC) {
      ^~~~~~~~~~~~~~~~~~~~~~
../Src/GPT_program.c:62:3: note: previous implicit declaration of 'Tim_voidSetClockSource' was here
   Tim_voidSetClockSource(TIMx, config -> CLK_SRC );
   ^~~~~~~~~~~~~~~~~~~~~~
../Src/GPT_program.c:143:6: warning: conflicting types for 'Tim_voidCounterMode'
 void Tim_voidCounterMode(TIM_t *TIMx,counter_m Copy_CounterMode){
      ^~~~~~~~~~~~~~~~~~~
../Src/GPT_program.c:64:3: note: previous implicit declaration of 'Tim_voidCounterMode' was here
   Tim_voidCounterMode(TIMx,config -> CounterMode);
   ^~~~~~~~~~~~~~~~~~~
../Src/GPT_program.c:167:44: error: unknown type name 'u32'
 void TIM_voidReptitionCounter(TIM_t * TIMx,u32 Copy_u32Count ){
                                            ^~~
../Src/GPT_program.c:174:6: warning: conflicting types for 'Tim_voidSetClkDiv'
 void Tim_voidSetClkDiv(TIM_t *TIMx,Clk_Div Copy_ClockDiv)
      ^~~~~~~~~~~~~~~~~
../Src/GPT_program.c:63:3: note: previous implicit declaration of 'Tim_voidSetClkDiv' was here
   Tim_voidSetClkDiv(TIMx,config ->ClockFactor );
   ^~~~~~~~~~~~~~~~~
../Src/GPT_program.c:200:63: error: unknown type name 'u32'
 void Tim_voidInputCaptureMode(TIM_t* TIMx, channel_t Channel, u32 Copy_u32FilterDuration,edge_t Edge)
                                                               ^~~
../Src/GPT_program.c: In function 'Tim_voidSetPWMmode':
../Src/GPT_program.c:409:2: error: unknown type name 'u32'
  u32 Copy_u32Pulse = ( (SYSTEM_CLOCK_FREQUENCY /Local_PWM_Freq)*  Copy_uint32DutyCycle )-1;
  ^~~
../Src/GPT_program.c:414:3: warning: implicit declaration of function 'ClEAR_BIT'; did you mean 'CLR_BIT'? [-Wimplicit-function-declaration]
   ClEAR_BIT(TIMx -> CCMR1,4);
   ^~~~~~~~~
   CLR_BIT
../Src/GPT_program.c:445:2: error: unknown type name 'u32'
  u32 Local = TIMx -> ARR;
  ^~~
../Src/GPT_program.c:445:6: warning: unused variable 'Local' [-Wunused-variable]
  u32 Local = TIMx -> ARR;
      ^~~~~
../Src/GPT_program.c: At top level:
../Src/GPT_program.c:456:6: warning: conflicting types for 'Tim_voidSet_Interrupt'
 void Tim_voidSet_Interrupt(TIM_t *TIMx,TIM_Update_INT_State Copy_IntState)
      ^~~~~~~~~~~~~~~~~~~~~
../Src/GPT_program.c:65:3: note: previous implicit declaration of 'Tim_voidSet_Interrupt' was here
   Tim_voidSet_Interrupt(TIMx,config -> State);
   ^~~~~~~~~~~~~~~~~~~~~
../Src/GPT_program.c:470:36: error: unknown type name 'u32'
 void Tim_voidSetTicks (TIM_t *TIMx,u32 Copy_u32TimeInterval, u32 Copy_u32TimeIntervalUnit){
                                    ^~~
../Src/GPT_program.c:470:62: error: unknown type name 'u32'
 void Tim_voidSetTicks (TIM_t *TIMx,u32 Copy_u32TimeInterval, u32 Copy_u32TimeIntervalUnit){
                                                              ^~~
../Src/GPT_program.c:503:38: error: unknown type name 'u32'
 void Tim_voidSetBusyWait(TIM_t *TIMx,u32 Copy_u32TimeInterval, u32 Copy_u32TimeIntervalUnit)
                                      ^~~
../Src/GPT_program.c:503:64: error: unknown type name 'u32'
 void Tim_voidSetBusyWait(TIM_t *TIMx,u32 Copy_u32TimeInterval, u32 Copy_u32TimeIntervalUnit)
                                                                ^~~
../Src/GPT_program.c:518:47: error: unknown type name 'u32'
 void Tim_voidSetIntervalSingle  (TIM_t *TIMx, u32 Copy_u32TimeInterval, u32 Copy_u32TimeIntervalUnit, void (*Copy_voidpFuncPtr)(void) )
                                               ^~~
../Src/GPT_program.c:518:73: error: unknown type name 'u32'
 void Tim_voidSetIntervalSingle  (TIM_t *TIMx, u32 Copy_u32TimeInterval, u32 Copy_u32TimeIntervalUnit, void (*Copy_voidpFuncPtr)(void) )
                                                                         ^~~
../Src/GPT_program.c:559:47: error: unknown type name 'u32'
 void TIM_voidSetIntervalPeriodic(TIM_t *TIMx, u32 Copy_u32TimeInterval, u32 Copy_u32TimeIntervalUnit,  void (* Copy_voidpFuncPtr) (void))
                                               ^~~
../Src/GPT_program.c:559:73: error: unknown type name 'u32'
 void TIM_voidSetIntervalPeriodic(TIM_t *TIMx, u32 Copy_u32TimeInterval, u32 Copy_u32TimeIntervalUnit,  void (* Copy_voidpFuncPtr) (void))
                                                                         ^~~
make: *** [Src/subdir.mk:77: Src/GPT_program.o] Error 1
"make -j16 all" terminated with exit code 2. Build might be incomplete.
17:25:30 **** Incremental Build of configuration Debug for project Wheelchair ****
make -j16 all 
arm-none-eabi-gcc -o "Wheelchair.elf" @"objects.list"   -mcpu=cortex-m3 -T"C:\Users\ibrah\OneDrive\Desktop\Wheelchair\Workspace\Wheelchair\STM32F103C6TX_FLASH.ld" --specs=nosys.specs -Wl,-Map="Wheelchair.map" -Wl,--gc-sections -static --specs=nano.specs -mfloat-abi=soft -mthumb -Wl,--start-group -lc -lm -Wl,--end-group
Finished building target: Wheelchair.elf
 
arm-none-eabi-objdump -h -S  Wheelchair.elf  > "Wheelchair.list"
arm-none-eabi-objcopy  -O binary  Wheelchair.elf  "Wheelchair.bin"
arm-none-eabi-size   Wheelchair.elf 
   text	   data	    bss	    dec	    hex	filename
   1212	      8	   1648	   2868	    b34	Wheelchair.elf
Finished building: default.size.stdout
 
Finished building: Wheelchair.list
Finished building: Wheelchair.bin
 
 
23:04:10 **** Build of configuration Debug for project Wheelchair ****
make -j16 all 
arm-none-eabi-size   Wheelchair.elf 
   text	   data	    bss	    dec	    hex	filename
   1212	      8	   1648	   2868	    b34	Wheelchair.elf
Finished building: default.size.stdout
 
18:04:37 **** Incremental Build of configuration Debug for project Wheelchair ****
make -j16 all 
arm-none-eabi-gcc -gdwarf-2 -mcpu=cortex-m3 -g3 -c -x assembler-with-cpp -MMD -MP -MF"Startup/startup_stm32f103c6tx.d" -MT"Startup/startup_stm32f103c6tx.o" --specs=nano.specs -mfloat-abi=soft -mthumb -o "Startup/startup_stm32f103c6tx.o" "../Startup/startup_stm32f103c6tx.s"
arm-none-eabi-gcc -gdwarf-2 "../Src/ADC_program.c" -mcpu=cortex-m3 -std=gnu11 -g3 -DSTM32 -DSTM32F1 -DSTM32F103C6Tx -DDEBUG -c -I../Inc -O0 -ffunction-sections -fdata-sections -Wall -fstack-usage -MMD -MP -MF"Src/ADC_program.d" -MT"Src/ADC_program.o" --specs=nano.specs -mfloat-abi=soft -mthumb -o "Src/ADC_program.o"
arm-none-eabi-gcc -gdwarf-2 "../Src/AFIO_program.c" -mcpu=cortex-m3 -std=gnu11 -g3 -DSTM32 -DSTM32F1 -DSTM32F103C6Tx -DDEBUG -c -I../Inc -O0 -ffunction-sections -fdata-sections -Wall -fstack-usage -MMD -MP -MF"Src/AFIO_program.d" -MT"Src/AFIO_program.o" --specs=nano.specs -mfloat-abi=soft -mthumb -o "Src/AFIO_program.o"
arm-none-eabi-gcc -gdwarf-2 "../Src/BatteryIndicator_program.c" -mcpu=cortex-m3 -std=gnu11 -g3 -DSTM32 -DSTM32F1 -DSTM32F103C6Tx -DDEBUG -c -I../Inc -O0 -ffunction-sections -fdata-sections -Wall -fstack-usage -MMD -MP -MF"Src/BatteryIndicator_program.d" -MT"Src/BatteryIndicator_program.o" --specs=nano.specs -mfloat-abi=soft -mthumb -o "Src/BatteryIndicator_program.o"
arm-none-eabi-gcc -gdwarf-2 "../Src/DIO_program.c" -mcpu=cortex-m3 -std=gnu11 -g3 -DSTM32 -DSTM32F1 -DSTM32F103C6Tx -DDEBUG -c -I../Inc -O0 -ffunction-sections -fdata-sections -Wall -fstack-usage -MMD -MP -MF"Src/DIO_program.d" -MT"Src/DIO_program.o" --specs=nano.specs -mfloat-abi=soft -mthumb -o "Src/DIO_program.o"
arm-none-eabi-gcc -gdwarf-2 "../Src/DMA_program.c" -mcpu=cortex-m3 -std=gnu11 -g3 -DSTM32 -DSTM32F1 -DSTM32F103C6Tx -DDEBUG -c -I../Inc -O0 -ffunction-sections -fdata-sections -Wall -fstack-usage -MMD -MP -MF"Src/DMA_program.d" -MT"Src/DMA_program.o" --specs=nano.specs -mfloat-abi=soft -mthumb -o "Src/DMA_program.o"
arm-none-eabi-gcc -gdwarf-2 "../Src/EXTI_program.c" -mcpu=cortex-m3 -std=gnu11 -g3 -DSTM32 -DSTM32F1 -DSTM32F103C6Tx -DDEBUG -c -I../Inc -O0 -ffunction-sections -fdata-sections -Wall -fstack-usage -MMD -MP -MF"Src/EXTI_program.d" -MT"Src/EXTI_program.o" --specs=nano.specs -mfloat-abi=soft -mthumb -o "Src/EXTI_program.o"
arm-none-eabi-gcc -gdwarf-2 "../Src/Encoder_program.c" -mcpu=cortex-m3 -std=gnu11 -g3 -DSTM32 -DSTM32F1 -DSTM32F103C6Tx -DDEBUG -c -I../Inc -O0 -ffunction-sections -fdata-sections -Wall -fstack-usage -MMD -MP -MF"Src/Encoder_program.d" -MT"Src/Encoder_program.o" --specs=nano.specs -mfloat-abi=soft -mthumb -o "Src/Encoder_program.o"
arm-none-eabi-gcc -gdwarf-2 "../Src/I2C_program.c" -mcpu=cortex-m3 -std=gnu11 -g3 -DSTM32 -DSTM32F1 -DSTM32F103C6Tx -DDEBUG -c -I../Inc -O0 -ffunction-sections -fdata-sections -Wall -fstack-usage -MMD -MP -MF"Src/I2C_program.d" -MT"Src/I2C_program.o" --specs=nano.specs -mfloat-abi=soft -mthumb -o "Src/I2C_program.o"
arm-none-eabi-gcc -gdwarf-2 "../Src/LM35_program.c" -mcpu=cortex-m3 -std=gnu11 -g3 -DSTM32 -DSTM32F1 -DSTM32F103C6Tx -DDEBUG -c -I../Inc -O0 -ffunction-sections -fdata-sections -Wall -fstack-usage -MMD -MP -MF"Src/LM35_program.d" -MT"Src/LM35_program.o" --specs=nano.specs -mfloat-abi=soft -mthumb -o "Src/LM35_program.o"
arm-none-eabi-gcc -gdwarf-2 "../Src/NVIC_program.c" -mcpu=cortex-m3 -std=gnu11 -g3 -DSTM32 -DSTM32F1 -DSTM32F103C6Tx -DDEBUG -c -I../Inc -O0 -ffunction-sections -fdata-sections -Wall -fstack-usage -MMD -MP -MF"Src/NVIC_program.d" -MT"Src/NVIC_program.o" --specs=nano.specs -mfloat-abi=soft -mthumb -o "Src/NVIC_program.o"
arm-none-eabi-gcc -gdwarf-2 "../Src/RCC_program.c" -mcpu=cortex-m3 -std=gnu11 -g3 -DSTM32 -DSTM32F1 -DSTM32F103C6Tx -DDEBUG -c -I../Inc -O0 -ffunction-sections -fdata-sections -Wall -fstack-usage -MMD -MP -MF"Src/RCC_program.d" -MT"Src/RCC_program.o" --specs=nano.specs -mfloat-abi=soft -mthumb -o "Src/RCC_program.o"
arm-none-eabi-gcc -gdwarf-2 "../Src/SPI_program.c" -mcpu=cortex-m3 -std=gnu11 -g3 -DSTM32 -DSTM32F1 -DSTM32F103C6Tx -DDEBUG -c -I../Inc -O0 -ffunction-sections -fdata-sections -Wall -fstack-usage -MMD -MP -MF"Src/SPI_program.d" -MT"Src/SPI_program.o" --specs=nano.specs -mfloat-abi=soft -mthumb -o "Src/SPI_program.o"
arm-none-eabi-gcc -gdwarf-2 "../Src/STK_program.c" -mcpu=cortex-m3 -std=gnu11 -g3 -DSTM32 -DSTM32F1 -DSTM32F103C6Tx -DDEBUG -c -I../Inc -O0 -ffunction-sections -fdata-sections -Wall -fstack-usage -MMD -MP -MF"Src/STK_program.d" -MT"Src/STK_program.o" --specs=nano.specs -mfloat-abi=soft -mthumb -o "Src/STK_program.o"
arm-none-eabi-gcc -gdwarf-2 "../Src/USART_program.c" -mcpu=cortex-m3 -std=gnu11 -g3 -DSTM32 -DSTM32F1 -DSTM32F103C6Tx -DDEBUG -c -I../Inc -O0 -ffunction-sections -fdata-sections -Wall -fstack-usage -MMD -MP -MF"Src/USART_program.d" -MT"Src/USART_program.o" --specs=nano.specs -mfloat-abi=soft -mthumb -o "Src/USART_program.o"
arm-none-eabi-gcc -gdwarf-2 "../Src/main.c" -mcpu=cortex-m3 -std=gnu11 -g3 -DSTM32 -DSTM32F1 -DSTM32F103C6Tx -DDEBUG -c -I../Inc -O0 -ffunction-sections -fdata-sections -Wall -fstack-usage -MMD -MP -MF"Src/main.d" -MT"Src/main.o" --specs=nano.specs -mfloat-abi=soft -mthumb -o "Src/main.o"
arm-none-eabi-gcc -gdwarf-2 -o "Wheelchair.elf" @"objects.list"   -mcpu=cortex-m3 -T"C:\Users\ibrah\OneDrive\Desktop\Wheelchair\Workspace\Wheelchair\STM32F103C6TX_FLASH.ld" --specs=nosys.specs -Wl,-Map="Wheelchair.map" -Wl,--gc-sections -static --specs=nano.specs -mfloat-abi=soft -mthumb -Wl,--start-group -lc -lm -Wl,--end-group
Finished building target: Wheelchair.elf
 
arm-none-eabi-objdump -h -S  Wheelchair.elf  > "Wheelchair.list"
arm-none-eabi-objcopy  -O ihex  Wheelchair.elf  "Wheelchair.hex"
arm-none-eabi-objcopy  -O binary  Wheelchair.elf  "Wheelchair.bin"
arm-none-eabi-size   Wheelchair.elf 
   text	   data	    bss	    dec	    hex	filename
   7656	     16	   1656	   9328	   2470	Wheelchair.elf
Finished building: default.size.stdout
Finished building: Wheelchair.hex
Finished building: Wheelchair.bin
Finished building: Wheelchair.list
 
 
 
 
18:07:12 **** Incremental Build of configuration Debug for project Wheelchair ****
make -j16 all 
arm-none-eabi-gcc -gdwarf-2 "../Src/MotorDriver_program.c" -mcpu=cortex-m3 -std=gnu11 -g3 -DSTM32 -DSTM32F1 -DSTM32F103C6Tx -DDEBUG -c -I../Inc -O0 -ffunction-sections -fdata-sections -Wall -fstack-usage -MMD -MP -MF"Src/MotorDriver_program.d" -MT"Src/MotorDriver_program.o" --specs=nano.specs -mfloat-abi=soft -mthumb -o "Src/MotorDriver_program.o"
arm-none-eabi-gcc -gdwarf-2 -o "Wheelchair.elf" @"objects.list"   -mcpu=cortex-m3 -T"C:\Users\ibrah\OneDrive\Desktop\Wheelchair\Workspace\Wheelchair\STM32F103C6TX_FLASH.ld" --specs=nosys.specs -Wl,-Map="Wheelchair.map" -Wl,--gc-sections -static --specs=nano.specs -mfloat-abi=soft -mthumb -Wl,--start-group -lc -lm -Wl,--end-group
Finished building target: Wheelchair.elf
 
arm-none-eabi-objdump -h -S  Wheelchair.elf  > "Wheelchair.list"
arm-none-eabi-objcopy  -O ihex  Wheelchair.elf  "Wheelchair.hex"
arm-none-eabi-objcopy  -O binary  Wheelchair.elf  "Wheelchair.bin"
arm-none-eabi-size   Wheelchair.elf 
   text	   data	    bss	    dec	    hex	filename
   7656	     16	   1656	   9328	   2470	Wheelchair.elf
Finished building: default.size.stdout
Finished building: Wheelchair.hex
Finished building: Wheelchair.bin
Finished building: Wheelchair.list
 
 
 
 
18:14:50 **** Incremental Build of configuration Debug for project Wheelchair ****
make -j16 all 
arm-none-eabi-gcc -gdwarf-2 "../Src/Ultrasonic_program.c" -mcpu=cortex-m3 -std=gnu11 -g3 -DSTM32 -DSTM32F1 -DSTM32F103C6Tx -DDEBUG -c -I../Inc -O0 -ffunction-sections -fdata-sections -Wall -fstack-usage -MMD -MP -MF"Src/Ultrasonic_program.d" -MT"Src/Ultrasonic_program.o" --specs=nano.specs -mfloat-abi=soft -mthumb -o "Src/Ultrasonic_program.o"
arm-none-eabi-gcc -gdwarf-2 -o "Wheelchair.elf" @"objects.list"   -mcpu=cortex-m3 -T"C:\Users\ibrah\OneDrive\Desktop\Wheelchair\Workspace\Wheelchair\STM32F103C6TX_FLASH.ld" --specs=nosys.specs -Wl,-Map="Wheelchair.map" -Wl,--gc-sections -static --specs=nano.specs -mfloat-abi=soft -mthumb -Wl,--start-group -lc -lm -Wl,--end-group
Finished building target: Wheelchair.elf
 
arm-none-eabi-objdump -h -S  Wheelchair.elf  > "Wheelchair.list"
arm-none-eabi-objcopy  -O ihex  Wheelchair.elf  "Wheelchair.hex"
arm-none-eabi-objcopy  -O binary  Wheelchair.elf  "Wheelchair.bin"
arm-none-eabi-size   Wheelchair.elf 
   text	   data	    bss	    dec	    hex	filename
   7656	     16	   1656	   9328	   2470	Wheelchair.elf
Finished building: default.size.stdout
 
Finished building: Wheelchair.hex
Finished building: Wheelchair.bin
Finished building: Wheelchair.list
 
 
 
18:15:34 **** Incremental Build of configuration Debug for project Wheelchair ****
make -j16 all 
arm-none-eabi-gcc -gdwarf-2 "../Src/Ultrasonic_program.c" -mcpu=cortex-m3 -std=gnu11 -g3 -DSTM32 -DSTM32F1 -DSTM32F103C6Tx -DDEBUG -c -I../Inc -O0 -ffunction-sections -fdata-sections -Wall -fstack-usage -MMD -MP -MF"Src/Ultrasonic_program.d" -MT"Src/Ultrasonic_program.o" --specs=nano.specs -mfloat-abi=soft -mthumb -o "Src/Ultrasonic_program.o"
arm-none-eabi-gcc -gdwarf-2 -o "Wheelchair.elf" @"objects.list"   -mcpu=cortex-m3 -T"C:\Users\ibrah\OneDrive\Desktop\Wheelchair\Workspace\Wheelchair\STM32F103C6TX_FLASH.ld" --specs=nosys.specs -Wl,-Map="Wheelchair.map" -Wl,--gc-sections -static --specs=nano.specs -mfloat-abi=soft -mthumb -Wl,--start-group -lc -lm -Wl,--end-group
Finished building target: Wheelchair.elf
 
arm-none-eabi-objdump -h -S  Wheelchair.elf  > "Wheelchair.list"
arm-none-eabi-objcopy  -O ihex  Wheelchair.elf  "Wheelchair.hex"
arm-none-eabi-objcopy  -O binary  Wheelchair.elf  "Wheelchair.bin"
arm-none-eabi-size   Wheelchair.elf 
   text	   data	    bss	    dec	    hex	filename
   7656	     16	   1656	   9328	   2470	Wheelchair.elf
Finished building: default.size.stdout
 
Finished building: Wheelchair.hex
Finished building: Wheelchair.list
Finished building: Wheelchair.bin
 
 
 
22:26:23 **** Incremental Build of configuration Debug for project Wheelchair ****
make -j16 all 
arm-none-eabi-size   Wheelchair.elf 
   text	   data	    bss	    dec	    hex	filename
   7656	     16	   1656	   9328	   2470	Wheelchair.elf
Finished building: default.size.stdout
 
23:07:08 **** Incremental Build of configuration Debug for project Wheelchair ****
make -j16 all 
arm-none-eabi-gcc -gdwarf-2 "../Src/MotorDriver_program.c" -mcpu=cortex-m3 -std=gnu11 -g3 -DSTM32 -DSTM32F1 -DSTM32F103C6Tx -DDEBUG -c -I../Inc -O0 -ffunction-sections -fdata-sections -Wall -fstack-usage -MMD -MP -MF"Src/MotorDriver_program.d" -MT"Src/MotorDriver_program.o" --specs=nano.specs -mfloat-abi=soft -mthumb -o "Src/MotorDriver_program.o"
arm-none-eabi-gcc -gdwarf-2 "../Src/main.c" -mcpu=cortex-m3 -std=gnu11 -g3 -DSTM32 -DSTM32F1 -DSTM32F103C6Tx -DDEBUG -c -I../Inc -O0 -ffunction-sections -fdata-sections -Wall -fstack-usage -MMD -MP -MF"Src/main.d" -MT"Src/main.o" --specs=nano.specs -mfloat-abi=soft -mthumb -o "Src/main.o"
In file included from ../Src/MotorDriver_program.c:19:0:
../Inc/MotorDriver_interface.h:10:1: warning: data definition has no type or storage class
 MotorDriver_Init();
 ^~~~~~~~~~~~~~~~
../Inc/MotorDriver_interface.h:10:1: warning: type defaults to 'int' in declaration of 'MotorDriver_Init' [-Wimplicit-int]
../Src/main.c:57:1: warning: "/*" within comment [-Wcomment]
 /*read temp from lm sensor*//*
  
arm-none-eabi-gcc -gdwarf-2 -o "Wheelchair.elf" @"objects.list"   -mcpu=cortex-m3 -T"C:\Users\ibrah\OneDrive\Desktop\Wheelchair\Workspace\Wheelchair\STM32F103C6TX_FLASH.ld" --specs=nosys.specs -Wl,-Map="Wheelchair.map" -Wl,--gc-sections -static --specs=nano.specs -mfloat-abi=soft -mthumb -Wl,--start-group -lc -lm -Wl,--end-group
Finished building target: Wheelchair.elf
 
arm-none-eabi-objdump -h -S  Wheelchair.elf  > "Wheelchair.list"
arm-none-eabi-objcopy  -O ihex  Wheelchair.elf  "Wheelchair.hex"
arm-none-eabi-objcopy  -O binary  Wheelchair.elf  "Wheelchair.bin"
arm-none-eabi-size   Wheelchair.elf 
   text	   data	    bss	    dec	    hex	filename
   4008	      8	   1648	   5664	   1620	Wheelchair.elf
Finished building: default.size.stdout
 
Finished building: Wheelchair.bin
Finished building: Wheelchair.hex
Finished building: Wheelchair.list
 
 
 
23:10:26 **** Incremental Build of configuration Debug for project Wheelchair ****
make -j16 all 
arm-none-eabi-gcc -gdwarf-2 "../Src/main.c" -mcpu=cortex-m3 -std=gnu11 -g3 -DSTM32 -DSTM32F1 -DSTM32F103C6Tx -DDEBUG -c -I../Inc -O0 -ffunction-sections -fdata-sections -Wall -fstack-usage -MMD -MP -MF"Src/main.d" -MT"Src/main.o" --specs=nano.specs -mfloat-abi=soft -mthumb -o "Src/main.o"
../Src/main.c:57:1: warning: "/*" within comment [-Wcomment]
 /*read temp from lm sensor*//*
  
arm-none-eabi-gcc -gdwarf-2 -o "Wheelchair.elf" @"objects.list"   -mcpu=cortex-m3 -T"C:\Users\ibrah\OneDrive\Desktop\Wheelchair\Workspace\Wheelchair\STM32F103C6TX_FLASH.ld" --specs=nosys.specs -Wl,-Map="Wheelchair.map" -Wl,--gc-sections -static --specs=nano.specs -mfloat-abi=soft -mthumb -Wl,--start-group -lc -lm -Wl,--end-group
Finished building target: Wheelchair.elf
 
arm-none-eabi-objdump -h -S  Wheelchair.elf  > "Wheelchair.list"
arm-none-eabi-objcopy  -O ihex  Wheelchair.elf  "Wheelchair.hex"
arm-none-eabi-objcopy  -O binary  Wheelchair.elf  "Wheelchair.bin"
arm-none-eabi-size   Wheelchair.elf 
   text	   data	    bss	    dec	    hex	filename
   3804	      8	   1648	   5460	   1554	Wheelchair.elf
Finished building: default.size.stdout
 
Finished building: Wheelchair.list
Finished building: Wheelchair.hex
Finished building: Wheelchair.bin
 
 
 
23:14:47 **** Incremental Build of configuration Debug for project Wheelchair ****
make -j16 all 
arm-none-eabi-gcc -gdwarf-2 "../Src/main.c" -mcpu=cortex-m3 -std=gnu11 -g3 -DSTM32 -DSTM32F1 -DSTM32F103C6Tx -DDEBUG -c -I../Inc -O0 -ffunction-sections -fdata-sections -Wall -fstack-usage -MMD -MP -MF"Src/main.d" -MT"Src/main.o" --specs=nano.specs -mfloat-abi=soft -mthumb -o "Src/main.o"
../Src/main.c:57:1: warning: "/*" within comment [-Wcomment]
 /*read temp from lm sensor*//*
  
arm-none-eabi-gcc -gdwarf-2 -o "Wheelchair.elf" @"objects.list"   -mcpu=cortex-m3 -T"C:\Users\ibrah\OneDrive\Desktop\Wheelchair\Workspace\Wheelchair\STM32F103C6TX_FLASH.ld" --specs=nosys.specs -Wl,-Map="Wheelchair.map" -Wl,--gc-sections -static --specs=nano.specs -mfloat-abi=soft -mthumb -Wl,--start-group -lc -lm -Wl,--end-group
Finished building target: Wheelchair.elf
 
arm-none-eabi-objdump -h -S  Wheelchair.elf  > "Wheelchair.list"
arm-none-eabi-objcopy  -O ihex  Wheelchair.elf  "Wheelchair.hex"
arm-none-eabi-objcopy  -O binary  Wheelchair.elf  "Wheelchair.bin"
arm-none-eabi-size   Wheelchair.elf 
   text	   data	    bss	    dec	    hex	filename
   4328	      8	   1648	   5984	   1760	Wheelchair.elf
Finished building: default.size.stdout
Finished building: Wheelchair.hex
Finished building: Wheelchair.list
Finished building: Wheelchair.bin
 
 
 
 
23:17:10 **** Incremental Build of configuration Debug for project Wheelchair ****
make -j16 all 
arm-none-eabi-gcc -gdwarf-2 "../Src/main.c" -mcpu=cortex-m3 -std=gnu11 -g3 -DSTM32 -DSTM32F1 -DSTM32F103C6Tx -DDEBUG -c -I../Inc -O0 -ffunction-sections -fdata-sections -Wall -fstack-usage -MMD -MP -MF"Src/main.d" -MT"Src/main.o" --specs=nano.specs -mfloat-abi=soft -mthumb -o "Src/main.o"
../Src/main.c:57:1: warning: "/*" within comment [-Wcomment]
 /*read temp from lm sensor*//*
  
arm-none-eabi-gcc -gdwarf-2 -o "Wheelchair.elf" @"objects.list"   -mcpu=cortex-m3 -T"C:\Users\ibrah\OneDrive\Desktop\Wheelchair\Workspace\Wheelchair\STM32F103C6TX_FLASH.ld" --specs=nosys.specs -Wl,-Map="Wheelchair.map" -Wl,--gc-sections -static --specs=nano.specs -mfloat-abi=soft -mthumb -Wl,--start-group -lc -lm -Wl,--end-group
Finished building target: Wheelchair.elf
 
arm-none-eabi-objdump -h -S  Wheelchair.elf  > "Wheelchair.list"
arm-none-eabi-objcopy  -O ihex  Wheelchair.elf  "Wheelchair.hex"
arm-none-eabi-objcopy  -O binary  Wheelchair.elf  "Wheelchair.bin"
arm-none-eabi-size   Wheelchair.elf 
   text	   data	    bss	    dec	    hex	filename
   4396	      8	   1648	   6052	   17a4	Wheelchair.elf
Finished building: default.size.stdout
Finished building: Wheelchair.hex
Finished building: Wheelchair.bin
Finished building: Wheelchair.list
 
 
 
 
23:35:07 **** Incremental Build of configuration Debug for project Wheelchair ****
make -j16 all 
arm-none-eabi-gcc -gdwarf-2 "../Src/main.c" -mcpu=cortex-m3 -std=gnu11 -g3 -DSTM32 -DSTM32F1 -DSTM32F103C6Tx -DDEBUG -c -I../Inc -O0 -ffunction-sections -fdata-sections -Wall -fstack-usage -MMD -MP -MF"Src/main.d" -MT"Src/main.o" --specs=nano.specs -mfloat-abi=soft -mthumb -o "Src/main.o"
../Src/main.c:57:1: warning: "/*" within comment [-Wcomment]
 /*read temp from lm sensor*//*
  
arm-none-eabi-gcc -gdwarf-2 -o "Wheelchair.elf" @"objects.list"   -mcpu=cortex-m3 -T"C:\Users\ibrah\OneDrive\Desktop\Wheelchair\Workspace\Wheelchair\STM32F103C6TX_FLASH.ld" --specs=nosys.specs -Wl,-Map="Wheelchair.map" -Wl,--gc-sections -static --specs=nano.specs -mfloat-abi=soft -mthumb -Wl,--start-group -lc -lm -Wl,--end-group
Finished building target: Wheelchair.elf
 
arm-none-eabi-objdump -h -S  Wheelchair.elf  > "Wheelchair.list"
arm-none-eabi-objcopy  -O ihex  Wheelchair.elf  "Wheelchair.hex"
arm-none-eabi-objcopy  -O binary  Wheelchair.elf  "Wheelchair.bin"
arm-none-eabi-size   Wheelchair.elf 
   text	   data	    bss	    dec	    hex	filename
   4544	      8	   1648	   6200	   1838	Wheelchair.elf
Finished building: default.size.stdout
Finished building: Wheelchair.hex
Finished building: Wheelchair.bin
Finished building: Wheelchair.list
 
 
 
 
23:35:14 **** Incremental Build of configuration Debug for project Wheelchair ****
make -j16 all 
arm-none-eabi-gcc -gdwarf-2 "../Src/main.c" -mcpu=cortex-m3 -std=gnu11 -g3 -DSTM32 -DSTM32F1 -DSTM32F103C6Tx -DDEBUG -c -I../Inc -O0 -ffunction-sections -fdata-sections -Wall -fstack-usage -MMD -MP -MF"Src/main.d" -MT"Src/main.o" --specs=nano.specs -mfloat-abi=soft -mthumb -o "Src/main.o"
../Src/main.c:57:1: warning: "/*" within comment [-Wcomment]
 /*read temp from lm sensor*//*
  
arm-none-eabi-gcc -gdwarf-2 -o "Wheelchair.elf" @"objects.list"   -mcpu=cortex-m3 -T"C:\Users\ibrah\OneDrive\Desktop\Wheelchair\Workspace\Wheelchair\STM32F103C6TX_FLASH.ld" --specs=nosys.specs -Wl,-Map="Wheelchair.map" -Wl,--gc-sections -static --specs=nano.specs -mfloat-abi=soft -mthumb -Wl,--start-group -lc -lm -Wl,--end-group
Finished building target: Wheelchair.elf
 
arm-none-eabi-objdump -h -S  Wheelchair.elf  > "Wheelchair.list"
arm-none-eabi-objcopy  -O ihex  Wheelchair.elf  "Wheelchair.hex"
arm-none-eabi-objcopy  -O binary  Wheelchair.elf  "Wheelchair.bin"
arm-none-eabi-size   Wheelchair.elf 
   text	   data	    bss	    dec	    hex	filename
   3872	      8	   1648	   5528	   1598	Wheelchair.elf
Finished building: default.size.stdout
 
Finished building: Wheelchair.list
Finished building: Wheelchair.hex
Finished building: Wheelchair.bin
 
 
 
23:42:16 **** Incremental Build of configuration Debug for project Wheelchair ****
make -j16 all 
arm-none-eabi-gcc -gdwarf-2 "../Src/main.c" -mcpu=cortex-m3 -std=gnu11 -g3 -DSTM32 -DSTM32F1 -DSTM32F103C6Tx -DDEBUG -c -I../Inc -O0 -ffunction-sections -fdata-sections -Wall -fstack-usage -MMD -MP -MF"Src/main.d" -MT"Src/main.o" --specs=nano.specs -mfloat-abi=soft -mthumb -o "Src/main.o"
../Src/main.c:57:1: warning: "/*" within comment [-Wcomment]
 /*read temp from lm sensor*//*
  
arm-none-eabi-gcc -gdwarf-2 -o "Wheelchair.elf" @"objects.list"   -mcpu=cortex-m3 -T"C:\Users\ibrah\OneDrive\Desktop\Wheelchair\Workspace\Wheelchair\STM32F103C6TX_FLASH.ld" --specs=nosys.specs -Wl,-Map="Wheelchair.map" -Wl,--gc-sections -static --specs=nano.specs -mfloat-abi=soft -mthumb -Wl,--start-group -lc -lm -Wl,--end-group
Finished building target: Wheelchair.elf
 
arm-none-eabi-objdump -h -S  Wheelchair.elf  > "Wheelchair.list"
arm-none-eabi-objcopy  -O ihex  Wheelchair.elf  "Wheelchair.hex"
arm-none-eabi-objcopy  -O binary  Wheelchair.elf  "Wheelchair.bin"
arm-none-eabi-size   Wheelchair.elf 
   text	   data	    bss	    dec	    hex	filename
   3556	      8	   1648	   5212	   145c	Wheelchair.elf
Finished building: default.size.stdout
Finished building: Wheelchair.hex
 
Finished building: Wheelchair.list
Finished building: Wheelchair.bin
 
 
 
23:45:02 **** Incremental Build of configuration Debug for project Wheelchair ****
make -j16 all 
arm-none-eabi-gcc -gdwarf-2 "../Src/main.c" -mcpu=cortex-m3 -std=gnu11 -g3 -DSTM32 -DSTM32F1 -DSTM32F103C6Tx -DDEBUG -c -I../Inc -O0 -ffunction-sections -fdata-sections -Wall -fstack-usage -MMD -MP -MF"Src/main.d" -MT"Src/main.o" --specs=nano.specs -mfloat-abi=soft -mthumb -o "Src/main.o"
../Src/main.c:57:1: warning: "/*" within comment [-Wcomment]
 /*read temp from lm sensor*//*
  
arm-none-eabi-gcc -gdwarf-2 -o "Wheelchair.elf" @"objects.list"   -mcpu=cortex-m3 -T"C:\Users\ibrah\OneDrive\Desktop\Wheelchair\Workspace\Wheelchair\STM32F103C6TX_FLASH.ld" --specs=nosys.specs -Wl,-Map="Wheelchair.map" -Wl,--gc-sections -static --specs=nano.specs -mfloat-abi=soft -mthumb -Wl,--start-group -lc -lm -Wl,--end-group
Finished building target: Wheelchair.elf
 
arm-none-eabi-objdump -h -S  Wheelchair.elf  > "Wheelchair.list"
arm-none-eabi-objcopy  -O ihex  Wheelchair.elf  "Wheelchair.hex"
arm-none-eabi-objcopy  -O binary  Wheelchair.elf  "Wheelchair.bin"
arm-none-eabi-size   Wheelchair.elf 
   text	   data	    bss	    dec	    hex	filename
   3872	      8	   1648	   5528	   1598	Wheelchair.elf
Finished building: default.size.stdout
 
Finished building: Wheelchair.list
Finished building: Wheelchair.hex
Finished building: Wheelchair.bin
 
 
 
23:58:10 **** Incremental Build of configuration Debug for project Wheelchair ****
make -j16 all 
arm-none-eabi-gcc -gdwarf-2 "../Src/main.c" -mcpu=cortex-m3 -std=gnu11 -g3 -DSTM32 -DSTM32F1 -DSTM32F103C6Tx -DDEBUG -c -I../Inc -O0 -ffunction-sections -fdata-sections -Wall -fstack-usage -MMD -MP -MF"Src/main.d" -MT"Src/main.o" --specs=nano.specs -mfloat-abi=soft -mthumb -o "Src/main.o"
../Src/main.c:57:1: warning: "/*" within comment [-Wcomment]
 /*read temp from lm sensor*//*
  
../Src/main.c: In function 'main':
../Src/main.c:136:33: error: 'turnOnLED' undeclared (first use in this function); did you mean 'turnLED'?
   EXTI_setCallBack(EXTI_LINE_0, turnOnLED);
                                 ^~~~~~~~~
                                 turnLED
../Src/main.c:136:33: note: each undeclared identifier is reported only once for each function it appears in
../Src/main.c:137:33: error: 'turnOffLED' undeclared (first use in this function); did you mean 'turnOnLED'?
   EXTI_setCallBack(EXTI_LINE_1, turnOffLED);
                                 ^~~~~~~~~~
                                 turnOnLED
make: *** [Src/subdir.mk:103: Src/main.o] Error 1
"make -j16 all" terminated with exit code 2. Build might be incomplete.
23:58:42 **** Incremental Build of configuration Debug for project Wheelchair ****
make -j16 all 
arm-none-eabi-gcc -gdwarf-2 "../Src/main.c" -mcpu=cortex-m3 -std=gnu11 -g3 -DSTM32 -DSTM32F1 -DSTM32F103C6Tx -DDEBUG -c -I../Inc -O0 -ffunction-sections -fdata-sections -Wall -fstack-usage -MMD -MP -MF"Src/main.d" -MT"Src/main.o" --specs=nano.specs -mfloat-abi=soft -mthumb -o "Src/main.o"
../Src/main.c:57:1: warning: "/*" within comment [-Wcomment]
 /*read temp from lm sensor*//*
  
arm-none-eabi-gcc -gdwarf-2 -o "Wheelchair.elf" @"objects.list"   -mcpu=cortex-m3 -T"C:\Users\ibrah\OneDrive\Desktop\Wheelchair\Workspace\Wheelchair\STM32F103C6TX_FLASH.ld" --specs=nosys.specs -Wl,-Map="Wheelchair.map" -Wl,--gc-sections -static --specs=nano.specs -mfloat-abi=soft -mthumb -Wl,--start-group -lc -lm -Wl,--end-group
Finished building target: Wheelchair.elf
 
arm-none-eabi-objdump -h -S  Wheelchair.elf  > "Wheelchair.list"
arm-none-eabi-objcopy  -O ihex  Wheelchair.elf  "Wheelchair.hex"
arm-none-eabi-objcopy  -O binary  Wheelchair.elf  "Wheelchair.bin"
arm-none-eabi-size   Wheelchair.elf 
   text	   data	    bss	    dec	    hex	filename
   3904	      8	   1648	   5560	   15b8	Wheelchair.elf
Finished building: default.size.stdout
Finished building: Wheelchair.hex
Finished building: Wheelchair.list
Finished building: Wheelchair.bin
 
 
 
 
23:59:10 **** Incremental Build of configuration Debug for project Wheelchair ****
make -j16 all 
arm-none-eabi-gcc -gdwarf-2 "../Src/main.c" -mcpu=cortex-m3 -std=gnu11 -g3 -DSTM32 -DSTM32F1 -DSTM32F103C6Tx -DDEBUG -c -I../Inc -O0 -ffunction-sections -fdata-sections -Wall -fstack-usage -MMD -MP -MF"Src/main.d" -MT"Src/main.o" --specs=nano.specs -mfloat-abi=soft -mthumb -o "Src/main.o"
../Src/main.c:57:1: warning: "/*" within comment [-Wcomment]
 /*read temp from lm sensor*//*
  
arm-none-eabi-gcc -gdwarf-2 -o "Wheelchair.elf" @"objects.list"   -mcpu=cortex-m3 -T"C:\Users\ibrah\OneDrive\Desktop\Wheelchair\Workspace\Wheelchair\STM32F103C6TX_FLASH.ld" --specs=nosys.specs -Wl,-Map="Wheelchair.map" -Wl,--gc-sections -static --specs=nano.specs -mfloat-abi=soft -mthumb -Wl,--start-group -lc -lm -Wl,--end-group
Finished building target: Wheelchair.elf
 
arm-none-eabi-objdump -h -S  Wheelchair.elf  > "Wheelchair.list"
arm-none-eabi-objcopy  -O ihex  Wheelchair.elf  "Wheelchair.hex"
arm-none-eabi-objcopy  -O binary  Wheelchair.elf  "Wheelchair.bin"
arm-none-eabi-size   Wheelchair.elf 
   text	   data	    bss	    dec	    hex	filename
   3684	      8	   1648	   5340	   14dc	Wheelchair.elf
Finished building: default.size.stdout
 
Finished building: Wheelchair.list
Finished building: Wheelchair.hex
Finished building: Wheelchair.bin
 
 
 
00:15:09 **** Incremental Build of configuration Debug for project Wheelchair ****
make -j16 all 
arm-none-eabi-gcc -gdwarf-2 "../Src/main.c" -mcpu=cortex-m3 -std=gnu11 -g3 -DSTM32 -DSTM32F1 -DSTM32F103C6Tx -DDEBUG -c -I../Inc -O0 -ffunction-sections -fdata-sections -Wall -fstack-usage -MMD -MP -MF"Src/main.d" -MT"Src/main.o" --specs=nano.specs -mfloat-abi=soft -mthumb -o "Src/main.o"
../Src/main.c:57:1: warning: "/*" within comment [-Wcomment]
 /*read temp from lm sensor*//*
  
arm-none-eabi-gcc -gdwarf-2 -o "Wheelchair.elf" @"objects.list"   -mcpu=cortex-m3 -T"C:\Users\ibrah\OneDrive\Desktop\Wheelchair\Workspace\Wheelchair\STM32F103C6TX_FLASH.ld" --specs=nosys.specs -Wl,-Map="Wheelchair.map" -Wl,--gc-sections -static --specs=nano.specs -mfloat-abi=soft -mthumb -Wl,--start-group -lc -lm -Wl,--end-group
Finished building target: Wheelchair.elf
 
arm-none-eabi-objdump -h -S  Wheelchair.elf  > "Wheelchair.list"
arm-none-eabi-objcopy  -O ihex  Wheelchair.elf  "Wheelchair.hex"
arm-none-eabi-objcopy  -O binary  Wheelchair.elf  "Wheelchair.bin"
arm-none-eabi-size   Wheelchair.elf 
   text	   data	    bss	    dec	    hex	filename
   3912	      8	   1648	   5568	   15c0	Wheelchair.elf
Finished building: default.size.stdout
 
Finished building: Wheelchair.list
Finished building: Wheelchair.hex
Finished building: Wheelchair.bin
 
 
 
00:18:21 **** Incremental Build of configuration Debug for project Wheelchair ****
make -j16 all 
arm-none-eabi-gcc -gdwarf-2 "../Src/main.c" -mcpu=cortex-m3 -std=gnu11 -g3 -DSTM32 -DSTM32F1 -DSTM32F103C6Tx -DDEBUG -c -I../Inc -O0 -ffunction-sections -fdata-sections -Wall -fstack-usage -MMD -MP -MF"Src/main.d" -MT"Src/main.o" --specs=nano.specs -mfloat-abi=soft -mthumb -o "Src/main.o"
../Src/main.c:57:1: warning: "/*" within comment [-Wcomment]
 /*read temp from lm sensor*//*
  
arm-none-eabi-gcc -gdwarf-2 -o "Wheelchair.elf" @"objects.list"   -mcpu=cortex-m3 -T"C:\Users\ibrah\OneDrive\Desktop\Wheelchair\Workspace\Wheelchair\STM32F103C6TX_FLASH.ld" --specs=nosys.specs -Wl,-Map="Wheelchair.map" -Wl,--gc-sections -static --specs=nano.specs -mfloat-abi=soft -mthumb -Wl,--start-group -lc -lm -Wl,--end-group
Finished building target: Wheelchair.elf
 
arm-none-eabi-objdump -h -S  Wheelchair.elf  > "Wheelchair.list"
arm-none-eabi-objcopy  -O ihex  Wheelchair.elf  "Wheelchair.hex"
arm-none-eabi-objcopy  -O binary  Wheelchair.elf  "Wheelchair.bin"
arm-none-eabi-size   Wheelchair.elf 
   text	   data	    bss	    dec	    hex	filename
   3920	      8	   1648	   5576	   15c8	Wheelchair.elf
Finished building: default.size.stdout
 
Finished building: Wheelchair.hex
Finished building: Wheelchair.list
Finished building: Wheelchair.bin
 
 
 
04:44:45 **** Incremental Build of configuration Debug for project Wheelchair ****
make -j16 all 
arm-none-eabi-gcc -gdwarf-2 "../Src/STK_program.c" -mcpu=cortex-m3 -std=gnu11 -g3 -DSTM32 -DSTM32F1 -DSTM32F103C6Tx -DDEBUG -c -I../Inc -O0 -ffunction-sections -fdata-sections -Wall -fstack-usage -MMD -MP -MF"Src/STK_program.d" -MT"Src/STK_program.o" --specs=nano.specs -mfloat-abi=soft -mthumb -o "Src/STK_program.o"
arm-none-eabi-gcc -gdwarf-2 -o "Wheelchair.elf" @"objects.list"   -mcpu=cortex-m3 -T"C:\Users\ibrah\OneDrive\Desktop\Wheelchair\Workspace\Wheelchair\STM32F103C6TX_FLASH.ld" --specs=nosys.specs -Wl,-Map="Wheelchair.map" -Wl,--gc-sections -static --specs=nano.specs -mfloat-abi=soft -mthumb -Wl,--start-group -lc -lm -Wl,--end-group
Finished building target: Wheelchair.elf
 
arm-none-eabi-objdump -h -S  Wheelchair.elf  > "Wheelchair.list"
arm-none-eabi-objcopy  -O ihex  Wheelchair.elf  "Wheelchair.hex"
arm-none-eabi-objcopy  -O binary  Wheelchair.elf  "Wheelchair.bin"
arm-none-eabi-size   Wheelchair.elf 
   text	   data	    bss	    dec	    hex	filename
   3924	      8	   1648	   5580	   15cc	Wheelchair.elf
Finished building: default.size.stdout
Finished building: Wheelchair.hex
Finished building: Wheelchair.bin
Finished building: Wheelchair.list
 
 
 
 
16:34:27 **** Incremental Build of configuration Debug for project Wheelchair ****
make -j16 all 
arm-none-eabi-gcc -gdwarf-2 "../Src/Ultrasonic_program.c" -mcpu=cortex-m3 -std=gnu11 -g3 -DSTM32 -DSTM32F1 -DSTM32F103C6Tx -DDEBUG -c -I../Inc -O0 -ffunction-sections -fdata-sections -Wall -fstack-usage -MMD -MP -MF"Src/Ultrasonic_program.d" -MT"Src/Ultrasonic_program.o" --specs=nano.specs -mfloat-abi=soft -mthumb -o "Src/Ultrasonic_program.o"
arm-none-eabi-gcc -gdwarf-2 -o "Wheelchair.elf" @"objects.list"   -mcpu=cortex-m3 -T"C:\Users\ibrah\OneDrive\Desktop\Wheelchair\Workspace\Wheelchair\STM32F103C6TX_FLASH.ld" --specs=nosys.specs -Wl,-Map="Wheelchair.map" -Wl,--gc-sections -static --specs=nano.specs -mfloat-abi=soft -mthumb -Wl,--start-group -lc -lm -Wl,--end-group
Finished building target: Wheelchair.elf
 
arm-none-eabi-objdump -h -S  Wheelchair.elf  > "Wheelchair.list"
arm-none-eabi-objcopy  -O ihex  Wheelchair.elf  "Wheelchair.hex"
arm-none-eabi-objcopy  -O binary  Wheelchair.elf  "Wheelchair.bin"
arm-none-eabi-size   Wheelchair.elf 
   text	   data	    bss	    dec	    hex	filename
   3924	      8	   1648	   5580	   15cc	Wheelchair.elf
Finished building: default.size.stdout
 
Finished building: Wheelchair.bin
Finished building: Wheelchair.hex
 
 
Finished building: Wheelchair.list
 
16:34:39 **** Incremental Build of configuration Debug for project Wheelchair ****
make -j16 all 
arm-none-eabi-gcc -gdwarf-2 "../Src/Ultrasonic_program.c" -mcpu=cortex-m3 -std=gnu11 -g3 -DSTM32 -DSTM32F1 -DSTM32F103C6Tx -DDEBUG -c -I../Inc -O0 -ffunction-sections -fdata-sections -Wall -fstack-usage -MMD -MP -MF"Src/Ultrasonic_program.d" -MT"Src/Ultrasonic_program.o" --specs=nano.specs -mfloat-abi=soft -mthumb -o "Src/Ultrasonic_program.o"
arm-none-eabi-gcc -gdwarf-2 -o "Wheelchair.elf" @"objects.list"   -mcpu=cortex-m3 -T"C:\Users\ibrah\OneDrive\Desktop\Wheelchair\Workspace\Wheelchair\STM32F103C6TX_FLASH.ld" --specs=nosys.specs -Wl,-Map="Wheelchair.map" -Wl,--gc-sections -static --specs=nano.specs -mfloat-abi=soft -mthumb -Wl,--start-group -lc -lm -Wl,--end-group
Finished building target: Wheelchair.elf
 
arm-none-eabi-objdump -h -S  Wheelchair.elf  > "Wheelchair.list"
arm-none-eabi-objcopy  -O ihex  Wheelchair.elf  "Wheelchair.hex"
arm-none-eabi-objcopy  -O binary  Wheelchair.elf  "Wheelchair.bin"
arm-none-eabi-size   Wheelchair.elf 
   text	   data	    bss	    dec	    hex	filename
   3924	      8	   1648	   5580	   15cc	Wheelchair.elf
Finished building: default.size.stdout
 
Finished building: Wheelchair.list
Finished building: Wheelchair.hex
Finished building: Wheelchair.bin
 
 
 
16:39:19 **** Incremental Build of configuration Debug for project Wheelchair ****
make -j16 all 
arm-none-eabi-gcc -gdwarf-2 "../Src/Encoder_program.c" -mcpu=cortex-m3 -std=gnu11 -g3 -DSTM32 -DSTM32F1 -DSTM32F103C6Tx -DDEBUG -c -I../Inc -O0 -ffunction-sections -fdata-sections -Wall -fstack-usage -MMD -MP -MF"Src/Encoder_program.d" -MT"Src/Encoder_program.o" --specs=nano.specs -mfloat-abi=soft -mthumb -o "Src/Encoder_program.o"
arm-none-eabi-gcc -gdwarf-2 "../Src/Ultrasonic_program.c" -mcpu=cortex-m3 -std=gnu11 -g3 -DSTM32 -DSTM32F1 -DSTM32F103C6Tx -DDEBUG -c -I../Inc -O0 -ffunction-sections -fdata-sections -Wall -fstack-usage -MMD -MP -MF"Src/Ultrasonic_program.d" -MT"Src/Ultrasonic_program.o" --specs=nano.specs -mfloat-abi=soft -mthumb -o "Src/Ultrasonic_program.o"
In file included from ../Src/Ultrasonic_program.c:19:0:
../Inc/Ultrasonic_interface.h:28:2: error: unknown type name 'Ultrasonic_state_t'
  Ultrasonic_state_t state;
  ^~~~~~~~~~~~~~~~~~
make: *** [Src/subdir.mk:101: Src/Ultrasonic_program.o] Error 1
make: *** Waiting for unfinished jobs....
"make -j16 all" terminated with exit code 2. Build might be incomplete.
16:39:48 **** Incremental Build of configuration Debug for project Wheelchair ****
make -j16 all 
arm-none-eabi-gcc -gdwarf-2 "../Src/Ultrasonic_program.c" -mcpu=cortex-m3 -std=gnu11 -g3 -DSTM32 -DSTM32F1 -DSTM32F103C6Tx -DDEBUG -c -I../Inc -O0 -ffunction-sections -fdata-sections -Wall -fstack-usage -MMD -MP -MF"Src/Ultrasonic_program.d" -MT"Src/Ultrasonic_program.o" --specs=nano.specs -mfloat-abi=soft -mthumb -o "Src/Ultrasonic_program.o"
In file included from ../Src/Ultrasonic_program.c:19:0:
../Inc/Ultrasonic_interface.h:28:2: error: unknown type name 'Ultrasonic_state_t'
  Ultrasonic_state_t state;
  ^~~~~~~~~~~~~~~~~~
make: *** [Src/subdir.mk:101: Src/Ultrasonic_program.o] Error 1
"make -j16 all" terminated with exit code 2. Build might be incomplete.
16:40:02 **** Incremental Build of configuration Debug for project Wheelchair ****
make -j16 all 
arm-none-eabi-gcc -gdwarf-2 "../Src/Ultrasonic_program.c" -mcpu=cortex-m3 -std=gnu11 -g3 -DSTM32 -DSTM32F1 -DSTM32F103C6Tx -DDEBUG -c -I../Inc -O0 -ffunction-sections -fdata-sections -Wall -fstack-usage -MMD -MP -MF"Src/Ultrasonic_program.d" -MT"Src/Ultrasonic_program.o" --specs=nano.specs -mfloat-abi=soft -mthumb -o "Src/Ultrasonic_program.o"
In file included from ../Src/Ultrasonic_program.c:19:0:
../Inc/Ultrasonic_interface.h:28:2: error: expected specifier-qualifier-list before 'Ultrasonic_state_t'
  Ultrasonic_state_t state;
  ^~~~~~~~~~~~~~~~~~
make: *** [Src/subdir.mk:101: Src/Ultrasonic_program.o] Error 1
"make -j16 all" terminated with exit code 2. Build might be incomplete.
16:40:16 **** Incremental Build of configuration Debug for project Wheelchair ****
make -j16 all 
arm-none-eabi-gcc -gdwarf-2 "../Src/Ultrasonic_program.c" -mcpu=cortex-m3 -std=gnu11 -g3 -DSTM32 -DSTM32F1 -DSTM32F103C6Tx -DDEBUG -c -I../Inc -O0 -ffunction-sections -fdata-sections -Wall -fstack-usage -MMD -MP -MF"Src/Ultrasonic_program.d" -MT"Src/Ultrasonic_program.o" --specs=nano.specs -mfloat-abi=soft -mthumb -o "Src/Ultrasonic_program.o"
In file included from ../Src/Ultrasonic_program.c:19:0:
../Inc/Ultrasonic_interface.h:28:2: error: expected specifier-qualifier-list before 'Ultrasonic_state_t'
  Ultrasonic_state_t state;
  ^~~~~~~~~~~~~~~~~~
make: *** [Src/subdir.mk:101: Src/Ultrasonic_program.o] Error 1
"make -j16 all" terminated with exit code 2. Build might be incomplete.
16:40:43 **** Incremental Build of configuration Debug for project Wheelchair ****
make -j16 all 
[...]
                                                                                         ^
In file included from ../Src/Oximeter.c:26:0:
../Inc/Oximeter_algorithm.h:77:6: note: expected 'int32 * {aka long int *}' but argument is of type 'volatile uint8 * {aka volatile unsigned char *}'
 void maxim_heart_rate_and_oxygen_saturation(uint32 *pun_ir_buffer ,  int32 n_ir_buffer_length, uint32 *pun_red_buffer ,   int32 *pn_spo2, int8 *pch_spo2_valid ,  int32 *pn_heart_rate , int8  *pch_hr_valid);
      ^~~~~~~~~~~~~~~~~~~~~~~~~~~~~~~~~~~~~~
../Src/Oximeter.c:993:122: warning: passing argument 6 of 'maxim_heart_rate_and_oxygen_saturation' from incompatible pointer type [-Wincompatible-pointer-types]
  maxim_heart_rate_and_oxygen_saturation(IR_buffer, Samples_Measured_Number, RED_buffer, &G_SPO2_Value, &SPO2_Valid_Flag, &G_HeartRate_value, &HR_Valid_Flag);
                                                                                                                          ^
In file included from ../Src/Oximeter.c:26:0:
../Inc/Oximeter_algorithm.h:77:6: note: expected 'int32 * {aka long int *}' but argument is of type 'volatile uint8 * {aka volatile unsigned char *}'
 void maxim_heart_rate_and_oxygen_saturation(uint32 *pun_ir_buffer ,  int32 n_ir_buffer_length, uint32 *pun_red_buffer ,   int32 *pn_spo2, int8 *pch_spo2_valid ,  int32 *pn_heart_rate , int8  *pch_hr_valid);
      ^~~~~~~~~~~~~~~~~~~~~~~~~~~~~~~~~~~~~~
../Src/Oximeter.c:997:4: error: 'SPO2_value' undeclared (first use in this function); did you mean 'G_SPO2_Value'?
   *SPO2_value = INVALID; // INVALID = 0xFF
    ^~~~~~~~~~
    G_SPO2_Value
../Src/Oximeter.c:997:4: note: each undeclared identifier is reported only once for each function it appears in
../Src/Oximeter.c:1001:4: error: 'HeartRate_value' undeclared (first use in this function); did you mean 'G_HeartRate_value'?
   *HeartRate_value = INVALID; // INVALID = 0xFF*/
    ^~~~~~~~~~~~~~~
    G_HeartRate_value
make: *** [Src/subdir.mk:99: Src/Oximeter.o] Error 1
"make -j16 all" terminated with exit code 2. Build might be incomplete.
21:39:06 **** Incremental Build of configuration Debug for project Wheelchair ****
make -j16 all 
arm-none-eabi-gcc -gdwarf-2 "../Src/Oximeter.c" -mcpu=cortex-m3 -std=gnu11 -g3 -DSTM32 -DSTM32F1 -DSTM32F103C6Tx -DDEBUG -c -I../Inc -O0 -ffunction-sections -fdata-sections -Wall -fstack-usage -MMD -MP -MF"Src/Oximeter.d" -MT"Src/Oximeter.o" --specs=nano.specs -mfloat-abi=soft -mthumb -o "Src/Oximeter.o"
../Src/Oximeter.c: In function 'read_Spo2_HR_value_Asenq':
../Src/Oximeter.c:993:89: warning: passing argument 4 of 'maxim_heart_rate_and_oxygen_saturation' from incompatible pointer type [-Wincompatible-pointer-types]
  maxim_heart_rate_and_oxygen_saturation(IR_buffer, Samples_Measured_Number, RED_buffer, &G_SPO2_Value, &SPO2_Valid_Flag, &G_HeartRate_value, &HR_Valid_Flag);
                                                                                         ^
In file included from ../Src/Oximeter.c:26:0:
../Inc/Oximeter_algorithm.h:77:6: note: expected 'int32 * {aka long int *}' but argument is of type 'volatile uint8 * {aka volatile unsigned char *}'
 void maxim_heart_rate_and_oxygen_saturation(uint32 *pun_ir_buffer ,  int32 n_ir_buffer_length, uint32 *pun_red_buffer ,   int32 *pn_spo2, int8 *pch_spo2_valid ,  int32 *pn_heart_rate , int8  *pch_hr_valid);
      ^~~~~~~~~~~~~~~~~~~~~~~~~~~~~~~~~~~~~~
../Src/Oximeter.c:993:122: warning: passing argument 6 of 'maxim_heart_rate_and_oxygen_saturation' from incompatible pointer type [-Wincompatible-pointer-types]
  maxim_heart_rate_and_oxygen_saturation(IR_buffer, Samples_Measured_Number, RED_buffer, &G_SPO2_Value, &SPO2_Valid_Flag, &G_HeartRate_value, &HR_Valid_Flag);
                                                                                                                          ^
In file included from ../Src/Oximeter.c:26:0:
../Inc/Oximeter_algorithm.h:77:6: note: expected 'int32 * {aka long int *}' but argument is of type 'volatile uint8 * {aka volatile unsigned char *}'
 void maxim_heart_rate_and_oxygen_saturation(uint32 *pun_ir_buffer ,  int32 n_ir_buffer_length, uint32 *pun_red_buffer ,   int32 *pn_spo2, int8 *pch_spo2_valid ,  int32 *pn_heart_rate , int8  *pch_hr_valid);
      ^~~~~~~~~~~~~~~~~~~~~~~~~~~~~~~~~~~~~~
arm-none-eabi-gcc -gdwarf-2 -o "Wheelchair.elf" @"objects.list"   -mcpu=cortex-m3 -T"C:\Users\ibrah\OneDrive\Desktop\Wheelchair\Workspace\Wheelchair\STM32F103C6TX_FLASH.ld" --specs=nosys.specs -Wl,-Map="Wheelchair.map" -Wl,--gc-sections -static --specs=nano.specs -mfloat-abi=soft -mthumb -Wl,--start-group -lc -lm -Wl,--end-group
Finished building target: Wheelchair.elf
 
arm-none-eabi-objdump -h -S  Wheelchair.elf  > "Wheelchair.list"
arm-none-eabi-objcopy  -O ihex  Wheelchair.elf  "Wheelchair.hex"
arm-none-eabi-objcopy  -O binary  Wheelchair.elf  "Wheelchair.bin"
arm-none-eabi-size   Wheelchair.elf 
   text	   data	    bss	    dec	    hex	filename
   5032	      8	   1648	   6688	   1a20	Wheelchair.elf
Finished building: default.size.stdout
Finished building: Wheelchair.hex
Finished building: Wheelchair.bin
Finished building: Wheelchair.list
 
 
 
 
21:40:27 **** Incremental Build of configuration Debug for project Wheelchair ****
make -j16 all 
arm-none-eabi-gcc -gdwarf-2 "../Src/Oximeter.c" -mcpu=cortex-m3 -std=gnu11 -g3 -DSTM32 -DSTM32F1 -DSTM32F103C6Tx -DDEBUG -c -I../Inc -O0 -ffunction-sections -fdata-sections -Wall -fstack-usage -MMD -MP -MF"Src/Oximeter.d" -MT"Src/Oximeter.o" --specs=nano.specs -mfloat-abi=soft -mthumb -o "Src/Oximeter.o"
../Src/Oximeter.c: In function 'read_Spo2_HR_value_Asenq':
../Src/Oximeter.c:993:89: warning: passing argument 4 of 'maxim_heart_rate_and_oxygen_saturation' from incompatible pointer type [-Wincompatible-pointer-types]
  maxim_heart_rate_and_oxygen_saturation(IR_buffer, Samples_Measured_Number, RED_buffer, (uint8*)&G_SPO2_Value, &SPO2_Valid_Flag, &G_HeartRate_value, &HR_Valid_Flag);
                                                                                         ^
In file included from ../Src/Oximeter.c:26:0:
../Inc/Oximeter_algorithm.h:77:6: note: expected 'int32 * {aka long int *}' but argument is of type 'uint8 * {aka unsigned char *}'
 void maxim_heart_rate_and_oxygen_saturation(uint32 *pun_ir_buffer ,  int32 n_ir_buffer_length, uint32 *pun_red_buffer ,   int32 *pn_spo2, int8 *pch_spo2_valid ,  int32 *pn_heart_rate , int8  *pch_hr_valid);
      ^~~~~~~~~~~~~~~~~~~~~~~~~~~~~~~~~~~~~~
../Src/Oximeter.c:993:130: warning: passing argument 6 of 'maxim_heart_rate_and_oxygen_saturation' from incompatible pointer type [-Wincompatible-pointer-types]
  maxim_heart_rate_and_oxygen_saturation(IR_buffer, Samples_Measured_Number, RED_buffer, (uint8*)&G_SPO2_Value, &SPO2_Valid_Flag, &G_HeartRate_value, &HR_Valid_Flag);
                                                                                                                                  ^
In file included from ../Src/Oximeter.c:26:0:
../Inc/Oximeter_algorithm.h:77:6: note: expected 'int32 * {aka long int *}' but argument is of type 'volatile uint8 * {aka volatile unsigned char *}'
 void maxim_heart_rate_and_oxygen_saturation(uint32 *pun_ir_buffer ,  int32 n_ir_buffer_length, uint32 *pun_red_buffer ,   int32 *pn_spo2, int8 *pch_spo2_valid ,  int32 *pn_heart_rate , int8  *pch_hr_valid);
      ^~~~~~~~~~~~~~~~~~~~~~~~~~~~~~~~~~~~~~
arm-none-eabi-gcc -gdwarf-2 -o "Wheelchair.elf" @"objects.list"   -mcpu=cortex-m3 -T"C:\Users\ibrah\OneDrive\Desktop\Wheelchair\Workspace\Wheelchair\STM32F103C6TX_FLASH.ld" --specs=nosys.specs -Wl,-Map="Wheelchair.map" -Wl,--gc-sections -static --specs=nano.specs -mfloat-abi=soft -mthumb -Wl,--start-group -lc -lm -Wl,--end-group
Finished building target: Wheelchair.elf
 
arm-none-eabi-objdump -h -S  Wheelchair.elf  > "Wheelchair.list"
arm-none-eabi-objcopy  -O ihex  Wheelchair.elf  "Wheelchair.hex"
arm-none-eabi-objcopy  -O binary  Wheelchair.elf  "Wheelchair.bin"
arm-none-eabi-size   Wheelchair.elf 
   text	   data	    bss	    dec	    hex	filename
   5032	      8	   1648	   6688	   1a20	Wheelchair.elf
Finished building: default.size.stdout
Finished building: Wheelchair.hex
Finished building: Wheelchair.list
Finished building: Wheelchair.bin
 
 
 
 
21:40:34 **** Incremental Build of configuration Debug for project Wheelchair ****
make -j16 all 
arm-none-eabi-gcc -gdwarf-2 "../Src/Oximeter.c" -mcpu=cortex-m3 -std=gnu11 -g3 -DSTM32 -DSTM32F1 -DSTM32F103C6Tx -DDEBUG -c -I../Inc -O0 -ffunction-sections -fdata-sections -Wall -fstack-usage -MMD -MP -MF"Src/Oximeter.d" -MT"Src/Oximeter.o" --specs=nano.specs -mfloat-abi=soft -mthumb -o "Src/Oximeter.o"
../Src/Oximeter.c: In function 'read_Spo2_HR_value_Asenq':
../Src/Oximeter.c:993:89: warning: pointer targets in passing argument 4 of 'maxim_heart_rate_and_oxygen_saturation' differ in signedness [-Wpointer-sign]
  maxim_heart_rate_and_oxygen_saturation(IR_buffer, Samples_Measured_Number, RED_buffer, (uint32*)&G_SPO2_Value, &SPO2_Valid_Flag, &G_HeartRate_value, &HR_Valid_Flag);
                                                                                         ^
In file included from ../Src/Oximeter.c:26:0:
../Inc/Oximeter_algorithm.h:77:6: note: expected 'int32 * {aka long int *}' but argument is of type 'uint32 * {aka long unsigned int *}'
 void maxim_heart_rate_and_oxygen_saturation(uint32 *pun_ir_buffer ,  int32 n_ir_buffer_length, uint32 *pun_red_buffer ,   int32 *pn_spo2, int8 *pch_spo2_valid ,  int32 *pn_heart_rate , int8  *pch_hr_valid);
      ^~~~~~~~~~~~~~~~~~~~~~~~~~~~~~~~~~~~~~
../Src/Oximeter.c:993:131: warning: passing argument 6 of 'maxim_heart_rate_and_oxygen_saturation' from incompatible pointer type [-Wincompatible-pointer-types]
  maxim_heart_rate_and_oxygen_saturation(IR_buffer, Samples_Measured_Number, RED_buffer, (uint32*)&G_SPO2_Value, &SPO2_Valid_Flag, &G_HeartRate_value, &HR_Valid_Flag);
                                                                                                                                   ^
In file included from ../Src/Oximeter.c:26:0:
../Inc/Oximeter_algorithm.h:77:6: note: expected 'int32 * {aka long int *}' but argument is of type 'volatile uint8 * {aka volatile unsigned char *}'
 void maxim_heart_rate_and_oxygen_saturation(uint32 *pun_ir_buffer ,  int32 n_ir_buffer_length, uint32 *pun_red_buffer ,   int32 *pn_spo2, int8 *pch_spo2_valid ,  int32 *pn_heart_rate , int8  *pch_hr_valid);
      ^~~~~~~~~~~~~~~~~~~~~~~~~~~~~~~~~~~~~~
arm-none-eabi-gcc -gdwarf-2 -o "Wheelchair.elf" @"objects.list"   -mcpu=cortex-m3 -T"C:\Users\ibrah\OneDrive\Desktop\Wheelchair\Workspace\Wheelchair\STM32F103C6TX_FLASH.ld" --specs=nosys.specs -Wl,-Map="Wheelchair.map" -Wl,--gc-sections -static --specs=nano.specs -mfloat-abi=soft -mthumb -Wl,--start-group -lc -lm -Wl,--end-group
Finished building target: Wheelchair.elf
 
arm-none-eabi-objdump -h -S  Wheelchair.elf  > "Wheelchair.list"
arm-none-eabi-objcopy  -O ihex  Wheelchair.elf  "Wheelchair.hex"
arm-none-eabi-objcopy  -O binary  Wheelchair.elf  "Wheelchair.bin"
arm-none-eabi-size   Wheelchair.elf 
   text	   data	    bss	    dec	    hex	filename
   5032	      8	   1648	   6688	   1a20	Wheelchair.elf
Finished building: default.size.stdout
 
Finished building: Wheelchair.hex
Finished building: Wheelchair.list
Finished building: Wheelchair.bin
 
 
 
21:40:51 **** Incremental Build of configuration Debug for project Wheelchair ****
make -j16 all 
arm-none-eabi-gcc -gdwarf-2 "../Src/Oximeter.c" -mcpu=cortex-m3 -std=gnu11 -g3 -DSTM32 -DSTM32F1 -DSTM32F103C6Tx -DDEBUG -c -I../Inc -O0 -ffunction-sections -fdata-sections -Wall -fstack-usage -MMD -MP -MF"Src/Oximeter.d" -MT"Src/Oximeter.o" --specs=nano.specs -mfloat-abi=soft -mthumb -o "Src/Oximeter.o"
../Src/Oximeter.c: In function 'read_Spo2_HR_value_Asenq':
../Src/Oximeter.c:993:130: warning: passing argument 6 of 'maxim_heart_rate_and_oxygen_saturation' from incompatible pointer type [-Wincompatible-pointer-types]
  maxim_heart_rate_and_oxygen_saturation(IR_buffer, Samples_Measured_Number, RED_buffer, (int32*)&G_SPO2_Value, &SPO2_Valid_Flag, &G_HeartRate_value, &HR_Valid_Flag);
                                                                                                                                  ^
In file included from ../Src/Oximeter.c:26:0:
../Inc/Oximeter_algorithm.h:77:6: note: expected 'int32 * {aka long int *}' but argument is of type 'volatile uint8 * {aka volatile unsigned char *}'
 void maxim_heart_rate_and_oxygen_saturation(uint32 *pun_ir_buffer ,  int32 n_ir_buffer_length, uint32 *pun_red_buffer ,   int32 *pn_spo2, int8 *pch_spo2_valid ,  int32 *pn_heart_rate , int8  *pch_hr_valid);
      ^~~~~~~~~~~~~~~~~~~~~~~~~~~~~~~~~~~~~~
arm-none-eabi-gcc -gdwarf-2 -o "Wheelchair.elf" @"objects.list"   -mcpu=cortex-m3 -T"C:\Users\ibrah\OneDrive\Desktop\Wheelchair\Workspace\Wheelchair\STM32F103C6TX_FLASH.ld" --specs=nosys.specs -Wl,-Map="Wheelchair.map" -Wl,--gc-sections -static --specs=nano.specs -mfloat-abi=soft -mthumb -Wl,--start-group -lc -lm -Wl,--end-group
Finished building target: Wheelchair.elf
 
arm-none-eabi-objdump -h -S  Wheelchair.elf  > "Wheelchair.list"
arm-none-eabi-objcopy  -O ihex  Wheelchair.elf  "Wheelchair.hex"
arm-none-eabi-objcopy  -O binary  Wheelchair.elf  "Wheelchair.bin"
arm-none-eabi-size   Wheelchair.elf 
   text	   data	    bss	    dec	    hex	filename
   5032	      8	   1648	   6688	   1a20	Wheelchair.elf
Finished building: default.size.stdout
Finished building: Wheelchair.hex
Finished building: Wheelchair.bin
Finished building: Wheelchair.list
 
 
 
 
21:41:05 **** Incremental Build of configuration Debug for project Wheelchair ****
make -j16 all 
arm-none-eabi-gcc -gdwarf-2 "../Src/Oximeter.c" -mcpu=cortex-m3 -std=gnu11 -g3 -DSTM32 -DSTM32F1 -DSTM32F103C6Tx -DDEBUG -c -I../Inc -O0 -ffunction-sections -fdata-sections -Wall -fstack-usage -MMD -MP -MF"Src/Oximeter.d" -MT"Src/Oximeter.o" --specs=nano.specs -mfloat-abi=soft -mthumb -o "Src/Oximeter.o"
arm-none-eabi-gcc -gdwarf-2 -o "Wheelchair.elf" @"objects.list"   -mcpu=cortex-m3 -T"C:\Users\ibrah\OneDrive\Desktop\Wheelchair\Workspace\Wheelchair\STM32F103C6TX_FLASH.ld" --specs=nosys.specs -Wl,-Map="Wheelchair.map" -Wl,--gc-sections -static --specs=nano.specs -mfloat-abi=soft -mthumb -Wl,--start-group -lc -lm -Wl,--end-group
Finished building target: Wheelchair.elf
 
arm-none-eabi-objdump -h -S  Wheelchair.elf  > "Wheelchair.list"
arm-none-eabi-objcopy  -O ihex  Wheelchair.elf  "Wheelchair.hex"
arm-none-eabi-objcopy  -O binary  Wheelchair.elf  "Wheelchair.bin"
arm-none-eabi-size   Wheelchair.elf 
   text	   data	    bss	    dec	    hex	filename
   5032	      8	   1648	   6688	   1a20	Wheelchair.elf
Finished building: default.size.stdout
Finished building: Wheelchair.hex
 
Finished building: Wheelchair.list
Finished building: Wheelchair.bin
 
 
 
21:48:31 **** Incremental Build of configuration Debug for project Wheelchair ****
make -j16 all 
arm-none-eabi-gcc -gdwarf-2 "../Src/Oximeter.c" -mcpu=cortex-m3 -std=gnu11 -g3 -DSTM32 -DSTM32F1 -DSTM32F103C6Tx -DDEBUG -c -I../Inc -O0 -ffunction-sections -fdata-sections -Wall -fstack-usage -MMD -MP -MF"Src/Oximeter.d" -MT"Src/Oximeter.o" --specs=nano.specs -mfloat-abi=soft -mthumb -o "Src/Oximeter.o"
arm-none-eabi-gcc -gdwarf-2 -o "Wheelchair.elf" @"objects.list"   -mcpu=cortex-m3 -T"C:\Users\ibrah\OneDrive\Desktop\Wheelchair\Workspace\Wheelchair\STM32F103C6TX_FLASH.ld" --specs=nosys.specs -Wl,-Map="Wheelchair.map" -Wl,--gc-sections -static --specs=nano.specs -mfloat-abi=soft -mthumb -Wl,--start-group -lc -lm -Wl,--end-group
Finished building target: Wheelchair.elf
 
arm-none-eabi-objdump -h -S  Wheelchair.elf  > "Wheelchair.list"
arm-none-eabi-objcopy  -O ihex  Wheelchair.elf  "Wheelchair.hex"
arm-none-eabi-objcopy  -O binary  Wheelchair.elf  "Wheelchair.bin"
arm-none-eabi-size   Wheelchair.elf 
   text	   data	    bss	    dec	    hex	filename
   5032	      8	   1648	   6688	   1a20	Wheelchair.elf
Finished building: default.size.stdout
 
Finished building: Wheelchair.hex
Finished building: Wheelchair.list
Finished building: Wheelchair.bin
 
 
 
22:00:58 **** Incremental Build of configuration Debug for project Wheelchair ****
make -j16 all 
arm-none-eabi-gcc -gdwarf-2 "../Src/Oximeter.c" -mcpu=cortex-m3 -std=gnu11 -g3 -DSTM32 -DSTM32F1 -DSTM32F103C6Tx -DDEBUG -c -I../Inc -O0 -ffunction-sections -fdata-sections -Wall -fstack-usage -MMD -MP -MF"Src/Oximeter.d" -MT"Src/Oximeter.o" --specs=nano.specs -mfloat-abi=soft -mthumb -o "Src/Oximeter.o"
arm-none-eabi-gcc -gdwarf-2 -o "Wheelchair.elf" @"objects.list"   -mcpu=cortex-m3 -T"C:\Users\ibrah\OneDrive\Desktop\Wheelchair\Workspace\Wheelchair\STM32F103C6TX_FLASH.ld" --specs=nosys.specs -Wl,-Map="Wheelchair.map" -Wl,--gc-sections -static --specs=nano.specs -mfloat-abi=soft -mthumb -Wl,--start-group -lc -lm -Wl,--end-group
Finished building target: Wheelchair.elf
 
arm-none-eabi-objdump -h -S  Wheelchair.elf  > "Wheelchair.list"
arm-none-eabi-objcopy  -O ihex  Wheelchair.elf  "Wheelchair.hex"
arm-none-eabi-objcopy  -O binary  Wheelchair.elf  "Wheelchair.bin"
arm-none-eabi-size   Wheelchair.elf 
   text	   data	    bss	    dec	    hex	filename
   5032	      8	   1648	   6688	   1a20	Wheelchair.elf
Finished building: default.size.stdout
Finished building: Wheelchair.hex
Finished building: Wheelchair.list
Finished building: Wheelchair.bin
 
 
 
 
22:10:09 **** Incremental Build of configuration Debug for project Wheelchair ****
make -j16 all 
arm-none-eabi-gcc -gdwarf-2 "../Src/main.c" -mcpu=cortex-m3 -std=gnu11 -g3 -DSTM32 -DSTM32F1 -DSTM32F103C6Tx -DDEBUG -c -I../Inc -O0 -ffunction-sections -fdata-sections -Wall -fstack-usage -MMD -MP -MF"Src/main.d" -MT"Src/main.o" --specs=nano.specs -mfloat-abi=soft -mthumb -o "Src/main.o"
arm-none-eabi-gcc -gdwarf-2 -o "Wheelchair.elf" @"objects.list"   -mcpu=cortex-m3 -T"C:\Users\ibrah\OneDrive\Desktop\Wheelchair\Workspace\Wheelchair\STM32F103C6TX_FLASH.ld" --specs=nosys.specs -Wl,-Map="Wheelchair.map" -Wl,--gc-sections -static --specs=nano.specs -mfloat-abi=soft -mthumb -Wl,--start-group -lc -lm -Wl,--end-group
Finished building target: Wheelchair.elf
 
arm-none-eabi-objdump -h -S  Wheelchair.elf  > "Wheelchair.list"
arm-none-eabi-objcopy  -O ihex  Wheelchair.elf  "Wheelchair.hex"
arm-none-eabi-objcopy  -O binary  Wheelchair.elf  "Wheelchair.bin"
arm-none-eabi-size   Wheelchair.elf 
   text	   data	    bss	    dec	    hex	filename
   1228	      8	   1648	   2884	    b44	Wheelchair.elf
Finished building: default.size.stdout
Finished building: Wheelchair.list
Finished building: Wheelchair.hex
Finished building: Wheelchair.bin
 
 
 
 
22:11:51 **** Incremental Build of configuration Debug for project Wheelchair ****
make -j16 all 
arm-none-eabi-gcc -gdwarf-2 "../Src/GPT_program.c" -mcpu=cortex-m3 -std=gnu11 -g3 -DSTM32 -DSTM32F1 -DSTM32F103C6Tx -DDEBUG -c -I../Inc -O0 -ffunction-sections -fdata-sections -Wall -fstack-usage -MMD -MP -MF"Src/GPT_program.d" -MT"Src/GPT_program.o" --specs=nano.specs -mfloat-abi=soft -mthumb -o "Src/GPT_program.o"
arm-none-eabi-gcc -gdwarf-2 -o "Wheelchair.elf" @"objects.list"   -mcpu=cortex-m3 -T"C:\Users\ibrah\OneDrive\Desktop\Wheelchair\Workspace\Wheelchair\STM32F103C6TX_FLASH.ld" --specs=nosys.specs -Wl,-Map="Wheelchair.map" -Wl,--gc-sections -static --specs=nano.specs -mfloat-abi=soft -mthumb -Wl,--start-group -lc -lm -Wl,--end-group
Finished building target: Wheelchair.elf
 
arm-none-eabi-objdump -h -S  Wheelchair.elf  > "Wheelchair.list"
arm-none-eabi-objcopy  -O ihex  Wheelchair.elf  "Wheelchair.hex"
arm-none-eabi-objcopy  -O binary  Wheelchair.elf  "Wheelchair.bin"
arm-none-eabi-size   Wheelchair.elf 
   text	   data	    bss	    dec	    hex	filename
   1336	     24	   1656	   3016	    bc8	Wheelchair.elf
Finished building: default.size.stdout
Finished building: Wheelchair.hex
Finished building: Wheelchair.list
Finished building: Wheelchair.bin
 
 
 
 
