22:11:51 **** Incremental Build of configuration Debug for project Wheelchair ****
make -j16 all 
arm-none-eabi-gcc -gdwarf-2 "../Src/GPT_program.c" -mcpu=cortex-m3 -std=gnu11 -g3 -DSTM32 -DSTM32F1 -DSTM32F103C6Tx -DDEBUG -c -I../Inc -O0 -ffunction-sections -fdata-sections -Wall -fstack-usage -MMD -MP -MF"Src/GPT_program.d" -MT"Src/GPT_program.o" --specs=nano.specs -mfloat-abi=soft -mthumb -o "Src/GPT_program.o"
arm-none-eabi-gcc -gdwarf-2 -o "Wheelchair.elf" @"objects.list"   -mcpu=cortex-m3 -T"C:\Users\ibrah\OneDrive\Desktop\Wheelchair\Workspace\Wheelchair\STM32F103C6TX_FLASH.ld" --specs=nosys.specs -Wl,-Map="Wheelchair.map" -Wl,--gc-sections -static --specs=nano.specs -mfloat-abi=soft -mthumb -Wl,--start-group -lc -lm -Wl,--end-group
Finished building target: Wheelchair.elf
 
arm-none-eabi-objdump -h -S  Wheelchair.elf  > "Wheelchair.list"
arm-none-eabi-objcopy  -O ihex  Wheelchair.elf  "Wheelchair.hex"
arm-none-eabi-objcopy  -O binary  Wheelchair.elf  "Wheelchair.bin"
arm-none-eabi-size   Wheelchair.elf 
   text	   data	    bss	    dec	    hex	filename
   1336	     24	   1656	   3016	    bc8	Wheelchair.elf
Finished building: default.size.stdout
Finished building: Wheelchair.hex
Finished building: Wheelchair.list
Finished building: Wheelchair.bin
 
 
 
 

22:11:52 Build Finished. 0 errors, 0 warnings. (took 557ms)

