Archive member included to satisfy reference by file (symbol)

c:/st/stm32cubeide_1.4.0/stm32cubeide/plugins/com.st.stm32cube.ide.mcu.externaltools.gnu-tools-for-stm32.7-2018-q2-update.win32_1.4.0.202007081208/tools/bin/../lib/gcc/arm-none-eabi/7.3.1/../../../../arm-none-eabi/lib/thumb/v7-m\libc_nano.a(lib_a-exit.o)
                              c:/st/stm32cubeide_1.4.0/stm32cubeide/plugins/com.st.stm32cube.ide.mcu.externaltools.gnu-tools-for-stm32.7-2018-q2-update.win32_1.4.0.202007081208/tools/bin/../lib/gcc/arm-none-eabi/7.3.1/../../../../arm-none-eabi/lib/thumb/v7-m/crt0.o (exit)
c:/st/stm32cubeide_1.4.0/stm32cubeide/plugins/com.st.stm32cube.ide.mcu.externaltools.gnu-tools-for-stm32.7-2018-q2-update.win32_1.4.0.202007081208/tools/bin/../lib/gcc/arm-none-eabi/7.3.1/../../../../arm-none-eabi/lib/thumb/v7-m\libc_nano.a(lib_a-impure.o)
                              c:/st/stm32cubeide_1.4.0/stm32cubeide/plugins/com.st.stm32cube.ide.mcu.externaltools.gnu-tools-for-stm32.7-2018-q2-update.win32_1.4.0.202007081208/tools/bin/../lib/gcc/arm-none-eabi/7.3.1/../../../../arm-none-eabi/lib/thumb/v7-m\libc_nano.a(lib_a-exit.o) (_global_impure_ptr)
c:/st/stm32cubeide_1.4.0/stm32cubeide/plugins/com.st.stm32cube.ide.mcu.externaltools.gnu-tools-for-stm32.7-2018-q2-update.win32_1.4.0.202007081208/tools/bin/../lib/gcc/arm-none-eabi/7.3.1/../../../../arm-none-eabi/lib/thumb/v7-m\libc_nano.a(lib_a-init.o)
                              c:/st/stm32cubeide_1.4.0/stm32cubeide/plugins/com.st.stm32cube.ide.mcu.externaltools.gnu-tools-for-stm32.7-2018-q2-update.win32_1.4.0.202007081208/tools/bin/../lib/gcc/arm-none-eabi/7.3.1/../../../../arm-none-eabi/lib/thumb/v7-m/crt0.o (__libc_init_array)
c:/st/stm32cubeide_1.4.0/stm32cubeide/plugins/com.st.stm32cube.ide.mcu.externaltools.gnu-tools-for-stm32.7-2018-q2-update.win32_1.4.0.202007081208/tools/bin/../lib/gcc/arm-none-eabi/7.3.1/../../../../arm-none-eabi/lib/thumb/v7-m\libc_nano.a(lib_a-memset.o)
                              c:/st/stm32cubeide_1.4.0/stm32cubeide/plugins/com.st.stm32cube.ide.mcu.externaltools.gnu-tools-for-stm32.7-2018-q2-update.win32_1.4.0.202007081208/tools/bin/../lib/gcc/arm-none-eabi/7.3.1/../../../../arm-none-eabi/lib/thumb/v7-m/crt0.o (memset)
c:/st/stm32cubeide_1.4.0/stm32cubeide/plugins/com.st.stm32cube.ide.mcu.externaltools.gnu-tools-for-stm32.7-2018-q2-update.win32_1.4.0.202007081208/tools/bin/../lib/gcc/arm-none-eabi/7.3.1/thumb/v7-m\libgcc.a(_arm_addsubdf3.o)
                              Src/LM35.o (__aeabi_dadd)
c:/st/stm32cubeide_1.4.0/stm32cubeide/plugins/com.st.stm32cube.ide.mcu.externaltools.gnu-tools-for-stm32.7-2018-q2-update.win32_1.4.0.202007081208/tools/bin/../lib/gcc/arm-none-eabi/7.3.1/thumb/v7-m\libgcc.a(_arm_muldivdf3.o)
                              Src/BatteryIndicator.o (__aeabi_dmul)
c:/st/stm32cubeide_1.4.0/stm32cubeide/plugins/com.st.stm32cube.ide.mcu.externaltools.gnu-tools-for-stm32.7-2018-q2-update.win32_1.4.0.202007081208/tools/bin/../lib/gcc/arm-none-eabi/7.3.1/thumb/v7-m\libgcc.a(_arm_fixunsdfsi.o)
                              Src/BatteryIndicator.o (__aeabi_d2uiz)
c:/st/stm32cubeide_1.4.0/stm32cubeide/plugins/com.st.stm32cube.ide.mcu.externaltools.gnu-tools-for-stm32.7-2018-q2-update.win32_1.4.0.202007081208/tools/bin/../lib/gcc/arm-none-eabi/7.3.1/thumb/v7-m\libgcc.a(_arm_truncdfsf2.o)
                              Src/Oximeter.o (__aeabi_d2f)
c:/st/stm32cubeide_1.4.0/stm32cubeide/plugins/com.st.stm32cube.ide.mcu.externaltools.gnu-tools-for-stm32.7-2018-q2-update.win32_1.4.0.202007081208/tools/bin/../lib/gcc/arm-none-eabi/7.3.1/thumb/v7-m\libgcc.a(_arm_addsubsf3.o)
                              Src/USART.o (__aeabi_fsub)
c:/st/stm32cubeide_1.4.0/stm32cubeide/plugins/com.st.stm32cube.ide.mcu.externaltools.gnu-tools-for-stm32.7-2018-q2-update.win32_1.4.0.202007081208/tools/bin/../lib/gcc/arm-none-eabi/7.3.1/thumb/v7-m\libgcc.a(_arm_muldivsf3.o)
                              Src/Encoder.o (__aeabi_fmul)
c:/st/stm32cubeide_1.4.0/stm32cubeide/plugins/com.st.stm32cube.ide.mcu.externaltools.gnu-tools-for-stm32.7-2018-q2-update.win32_1.4.0.202007081208/tools/bin/../lib/gcc/arm-none-eabi/7.3.1/thumb/v7-m\libgcc.a(_arm_cmpsf2.o)
                              Src/Oximeter.o (__aeabi_fcmpeq)
c:/st/stm32cubeide_1.4.0/stm32cubeide/plugins/com.st.stm32cube.ide.mcu.externaltools.gnu-tools-for-stm32.7-2018-q2-update.win32_1.4.0.202007081208/tools/bin/../lib/gcc/arm-none-eabi/7.3.1/thumb/v7-m\libgcc.a(_arm_fixunssfsi.o)
                              Src/STK.o (__aeabi_f2uiz)
c:/st/stm32cubeide_1.4.0/stm32cubeide/plugins/com.st.stm32cube.ide.mcu.externaltools.gnu-tools-for-stm32.7-2018-q2-update.win32_1.4.0.202007081208/tools/bin/../lib/gcc/arm-none-eabi/7.3.1/../../../../arm-none-eabi/lib/thumb/v7-m\libnosys.a(_exit.o)
[...]
Memory Configuration

Name             Origin             Length             Attributes
RAM              0x0000000020000000 0x0000000000002800 xrw
ROM              0x0000000008000000 0x0000000000008000 xr
*default*        0x0000000000000000 0xffffffffffffffff

Linker script and memory map

LOAD c:/st/stm32cubeide_1.4.0/stm32cubeide/plugins/com.st.stm32cube.ide.mcu.externaltools.gnu-tools-for-stm32.7-2018-q2-update.win32_1.4.0.202007081208/tools/bin/../lib/gcc/arm-none-eabi/7.3.1/thumb/v7-m/crti.o
LOAD c:/st/stm32cubeide_1.4.0/stm32cubeide/plugins/com.st.stm32cube.ide.mcu.externaltools.gnu-tools-for-stm32.7-2018-q2-update.win32_1.4.0.202007081208/tools/bin/../lib/gcc/arm-none-eabi/7.3.1/thumb/v7-m/crtbegin.o
LOAD c:/st/stm32cubeide_1.4.0/stm32cubeide/plugins/com.st.stm32cube.ide.mcu.externaltools.gnu-tools-for-stm32.7-2018-q2-update.win32_1.4.0.202007081208/tools/bin/../lib/gcc/arm-none-eabi/7.3.1/../../../../arm-none-eabi/lib/thumb/v7-m/crt0.o
LOAD Src/ADC.o
LOAD Src/AFIO.o
LOAD Src/BatteryIndicator.o
LOAD Src/DIO.o
LOAD Src/DMA.o
LOAD Src/EEPROM.o
LOAD Src/EXTI.o
LOAD Src/Encoder.o
LOAD Src/GPT_program.o
LOAD Src/I2C.o
LOAD Src/LM35.o
LOAD Src/MotorDriver.o
LOAD Src/NVIC.o
LOAD Src/Oximeter.o
LOAD Src/Oximeter_algorithm.o
LOAD Src/RCC.o
LOAD Src/SPI.o
LOAD Src/STK.o
LOAD Src/USART.o
LOAD Src/Ultrasonic.o
LOAD Src/main.o
LOAD Startup/startup_stm32f103c6tx.o
START GROUP
LOAD c:/st/stm32cubeide_1.4.0/stm32cubeide/plugins/com.st.stm32cube.ide.mcu.externaltools.gnu-tools-for-stm32.7-2018-q2-update.win32_1.4.0.202007081208/tools/bin/../lib/gcc/arm-none-eabi/7.3.1/../../../../arm-none-eabi/lib/thumb/v7-m\libc_nano.a
LOAD c:/st/stm32cubeide_1.4.0/stm32cubeide/plugins/com.st.stm32cube.ide.mcu.externaltools.gnu-tools-for-stm32.7-2018-q2-update.win32_1.4.0.202007081208/tools/bin/../lib/gcc/arm-none-eabi/7.3.1/../../../../arm-none-eabi/lib/thumb/v7-m\libm.a
END GROUP
START GROUP
LOAD c:/st/stm32cubeide_1.4.0/stm32cubeide/plugins/com.st.stm32cube.ide.mcu.externaltools.gnu-tools-for-stm32.7-2018-q2-update.win32_1.4.0.202007081208/tools/bin/../lib/gcc/arm-none-eabi/7.3.1/thumb/v7-m\libgcc.a
LOAD c:/st/stm32cubeide_1.4.0/stm32cubeide/plugins/com.st.stm32cube.ide.mcu.externaltools.gnu-tools-for-stm32.7-2018-q2-update.win32_1.4.0.202007081208/tools/bin/../lib/gcc/arm-none-eabi/7.3.1/../../../../arm-none-eabi/lib/thumb/v7-m\libg_nano.a
LOAD c:/st/stm32cubeide_1.4.0/stm32cubeide/plugins/com.st.stm32cube.ide.mcu.externaltools.gnu-tools-for-stm32.7-2018-q2-update.win32_1.4.0.202007081208/tools/bin/../lib/gcc/arm-none-eabi/7.3.1/../../../../arm-none-eabi/lib/thumb/v7-m\libc_nano.a
END GROUP
START GROUP
LOAD c:/st/stm32cubeide_1.4.0/stm32cubeide/plugins/com.st.stm32cube.ide.mcu.externaltools.gnu-tools-for-stm32.7-2018-q2-update.win32_1.4.0.202007081208/tools/bin/../lib/gcc/arm-none-eabi/7.3.1/thumb/v7-m\libgcc.a
LOAD c:/st/stm32cubeide_1.4.0/stm32cubeide/plugins/com.st.stm32cube.ide.mcu.externaltools.gnu-tools-for-stm32.7-2018-q2-update.win32_1.4.0.202007081208/tools/bin/../lib/gcc/arm-none-eabi/7.3.1/../../../../arm-none-eabi/lib/thumb/v7-m\libc_nano.a
LOAD c:/st/stm32cubeide_1.4.0/stm32cubeide/plugins/com.st.stm32cube.ide.mcu.externaltools.gnu-tools-for-stm32.7-2018-q2-update.win32_1.4.0.202007081208/tools/bin/../lib/gcc/arm-none-eabi/7.3.1/../../../../arm-none-eabi/lib/thumb/v7-m\libnosys.a
END GROUP
START GROUP
LOAD c:/st/stm32cubeide_1.4.0/stm32cubeide/plugins/com.st.stm32cube.ide.mcu.externaltools.gnu-tools-for-stm32.7-2018-q2-update.win32_1.4.0.202007081208/tools/bin/../lib/gcc/arm-none-eabi/7.3.1/thumb/v7-m\libgcc.a
LOAD c:/st/stm32cubeide_1.4.0/stm32cubeide/plugins/com.st.stm32cube.ide.mcu.externaltools.gnu-tools-for-stm32.7-2018-q2-update.win32_1.4.0.202007081208/tools/bin/../lib/gcc/arm-none-eabi/7.3.1/../../../../arm-none-eabi/lib/thumb/v7-m\libc_nano.a
LOAD c:/st/stm32cubeide_1.4.0/stm32cubeide/plugins/com.st.stm32cube.ide.mcu.externaltools.gnu-tools-for-stm32.7-2018-q2-update.win32_1.4.0.202007081208/tools/bin/../lib/gcc/arm-none-eabi/7.3.1/../../../../arm-none-eabi/lib/thumb/v7-m\libnosys.a
END GROUP
LOAD c:/st/stm32cubeide_1.4.0/stm32cubeide/plugins/com.st.stm32cube.ide.mcu.externaltools.gnu-tools-for-stm32.7-2018-q2-update.win32_1.4.0.202007081208/tools/bin/../lib/gcc/arm-none-eabi/7.3.1/thumb/v7-m/crtend.o
LOAD c:/st/stm32cubeide_1.4.0/stm32cubeide/plugins/com.st.stm32cube.ide.mcu.externaltools.gnu-tools-for-stm32.7-2018-q2-update.win32_1.4.0.202007081208/tools/bin/../lib/gcc/arm-none-eabi/7.3.1/thumb/v7-m/crtn.o
                0x0000000020002800                _estack = (ORIGIN (RAM) + LENGTH (RAM))
                0x0000000000000200                _Min_Heap_Size = 0x200
                0x0000000000000400                _Min_Stack_Size = 0x400

.isr_vector     0x0000000008000000      0x130
                0x0000000008000000                . = ALIGN (0x4)
 *(.isr_vector)
 .isr_vector    0x0000000008000000      0x130 Startup/startup_stm32f103c6tx.o
                0x0000000008000000                g_pfnVectors
                0x0000000008000130                . = ALIGN (0x4)

.text           0x0000000008000130      0x408
                0x0000000008000130                . = ALIGN (0x4)
 *(.text)
 .text          0x0000000008000130       0x40 c:/st/stm32cubeide_1.4.0/stm32cubeide/plugins/com.st.stm32cube.ide.mcu.externaltools.gnu-tools-for-stm32.7-2018-q2-update.win32_1.4.0.202007081208/tools/bin/../lib/gcc/arm-none-eabi/7.3.1/thumb/v7-m/crtbegin.o
 *(.text*)
 .text.DMA1_Channel1_IRQHandler
                0x0000000008000170       0x28 Src/DMA.o
                0x0000000008000170                DMA1_Channel1_IRQHandler
 .text.DMA1_Channel2_IRQHandler
                0x0000000008000198       0x28 Src/DMA.o
                0x0000000008000198                DMA1_Channel2_IRQHandler
 .text.DMA1_Channel3_IRQHandler
                0x00000000080001c0       0x28 Src/DMA.o
                0x00000000080001c0                DMA1_Channel3_IRQHandler
 .text.DMA1_Channel4_IRQHandler
                0x00000000080001e8       0x28 Src/DMA.o
                0x00000000080001e8                DMA1_Channel4_IRQHandler
 .text.DMA1_Channel5_IRQHandler
                0x0000000008000210       0x28 Src/DMA.o
                0x0000000008000210                DMA1_Channel5_IRQHandler
 .text.DMA1_Channel6_IRQHandler
                0x0000000008000238       0x28 Src/DMA.o
                0x0000000008000238                DMA1_Channel6_IRQHandler
 .text.DMA1_Channel7_IRQHandler
                0x0000000008000260       0x28 Src/DMA.o
                0x0000000008000260                DMA1_Channel7_IRQHandler
 .text.EXTI0_IRQHandler
                0x0000000008000288       0x24 Src/EXTI.o
                0x0000000008000288                EXTI0_IRQHandler
 .text.EXTI1_IRQHandler
                0x00000000080002ac       0x24 Src/EXTI.o
                0x00000000080002ac                EXTI1_IRQHandler
 .text.EXTI2_IRQHandler
                0x00000000080002d0       0x24 Src/EXTI.o
                0x00000000080002d0                EXTI2_IRQHandler
 .text.EXTI3_IRQHandler
                0x00000000080002f4       0x24 Src/EXTI.o
                0x00000000080002f4                EXTI3_IRQHandler
 .text.EXTI4_IRQHandler
                0x0000000008000318       0x24 Src/EXTI.o
                0x0000000008000318                EXTI4_IRQHandler
 .text.TIM1_UP_IRQHandler
                0x000000000800033c       0x6c Src/GPT_program.o
                0x000000000800033c                TIM1_UP_IRQHandler
 .text.SPI1_IRQHandler
                0x00000000080003a8       0x44 Src/SPI.o
                0x00000000080003a8                SPI1_IRQHandler
 .text.SPI2_IRQHandler
                0x00000000080003ec       0x44 Src/SPI.o
                0x00000000080003ec                SPI2_IRQHandler
 .text.SysTick_Handler
                0x0000000008000430       0x44 Src/STK.o
                0x0000000008000430                SysTick_Handler
 .text.main     0x0000000008000474        0xe Src/main.o
                0x0000000008000474                main
 *fill*         0x0000000008000482        0x2 
 .text.Reset_Handler
                0x0000000008000484       0x50 Startup/startup_stm32f103c6tx.o
                0x0000000008000484                Reset_Handler
 .text.Default_Handler
                0x00000000080004d4        0x2 Startup/startup_stm32f103c6tx.o
                0x00000000080004d4                TIM8_TRG_COM_IRQHandler
                0x00000000080004d4                TIM8_CC_IRQHandler
                0x00000000080004d4                DebugMon_Handler
                0x00000000080004d4                TIM1_CC_IRQHandler
                0x00000000080004d4                HardFault_Handler
                0x00000000080004d4                TIM6_IRQHandler
                0x00000000080004d4                PVD_IRQHandler
                0x00000000080004d4                SDIO_IRQHandler
                0x00000000080004d4                PendSV_Handler
                0x00000000080004d4                NMI_Handler
                0x00000000080004d4                USB_HP_CAN_TX_IRQHandler
                0x00000000080004d4                I2C2_EV_IRQHandler
                0x00000000080004d4                UsageFault_Handler
                0x00000000080004d4                ADC1_2_IRQHandler
                0x00000000080004d4                CAN_SCE_IRQHandler
                0x00000000080004d4                TAMPER_IRQHandler
                0x00000000080004d4                TIM8_UP_IRQHandler
                0x00000000080004d4                DMA2_Channel2_IRQHandler
                0x00000000080004d4                USART3_IRQHandler
                0x00000000080004d4                RTC_IRQHandler
                0x00000000080004d4                UART5_IRQHandler
                0x00000000080004d4                ADC3_IRQHandler
                0x00000000080004d4                TIM4_IRQHandler
                0x00000000080004d4                CAN_RX1_IRQHandler
                0x00000000080004d4                DMA2_Channel1_IRQHandler
                0x00000000080004d4                I2C1_EV_IRQHandler
                0x00000000080004d4                UART4_IRQHandler
                0x00000000080004d4                TIM3_IRQHandler
                0x00000000080004d4                RCC_IRQHandler
                0x00000000080004d4                TIM1_TRG_COM_IRQHandler
                0x00000000080004d4                Default_Handler
                0x00000000080004d4                EXTI15_10_IRQHandler
                0x00000000080004d4                TIM7_IRQHandler
                0x00000000080004d4                TIM5_IRQHandler
                0x00000000080004d4                EXTI9_5_IRQHandler
                0x00000000080004d4                USB_LP_CAN_RX0_IRQHandler
                0x00000000080004d4                MemManage_Handler
                0x00000000080004d4                SVC_Handler
                0x00000000080004d4                FSMC_IRQHandler
                0x00000000080004d4                WWDG_IRQHandler
                0x00000000080004d4                TIM2_IRQHandler
                0x00000000080004d4                TIM1_BRK_IRQHandler
                0x00000000080004d4                RTCAlarm_IRQHandler
                0x00000000080004d4                DMA2_Channel4_5_IRQHandler
                0x00000000080004d4                USART2_IRQHandler
                0x00000000080004d4                I2C2_ER_IRQHandler
                0x00000000080004d4                TIM8_BRK_IRQHandler
                0x00000000080004d4                FLASH_IRQHandler
                0x00000000080004d4                BusFault_Handler
                0x00000000080004d4                USART1_IRQHandler
                0x00000000080004d4                SPI3_IRQHandler
                0x00000000080004d4                I2C1_ER_IRQHandler
                0x00000000080004d4                DMA2_Channel3_IRQHandler
 *fill*         0x00000000080004d6        0x2 
 .text.__libc_init_array
                0x00000000080004d8       0x48 c:/st/stm32cubeide_1.4.0/stm32cubeide/plugins/com.st.stm32cube.ide.mcu.externaltools.gnu-tools-for-stm32.7-2018-q2-update.win32_1.4.0.202007081208/tools/bin/../lib/gcc/arm-none-eabi/7.3.1/../../../../arm-none-eabi/lib/thumb/v7-m\libc_nano.a(lib_a-init.o)
                0x00000000080004d8                __libc_init_array
 *(.glue_7)
 .glue_7        0x0000000008000520        0x0 linker stubs
 *(.glue_7t)
 .glue_7t       0x0000000008000520        0x0 linker stubs
 *(.eh_frame)
 .eh_frame      0x0000000008000520        0x0 c:/st/stm32cubeide_1.4.0/stm32cubeide/plugins/com.st.stm32cube.ide.mcu.externaltools.gnu-tools-for-stm32.7-2018-q2-update.win32_1.4.0.202007081208/tools/bin/../lib/gcc/arm-none-eabi/7.3.1/thumb/v7-m/crtbegin.o
 *(.init)
 .init          0x0000000008000520        0x4 c:/st/stm32cubeide_1.4.0/stm32cubeide/plugins/com.st.stm32cube.ide.mcu.externaltools.gnu-tools-for-stm32.7-2018-q2-update.win32_1.4.0.202007081208/tools/bin/../lib/gcc/arm-none-eabi/7.3.1/thumb/v7-m/crti.o
                0x0000000008000520                _init
 .init          0x0000000008000524        0x8 c:/st/stm32cubeide_1.4.0/stm32cubeide/plugins/com.st.stm32cube.ide.mcu.externaltools.gnu-tools-for-stm32.7-2018-q2-update.win32_1.4.0.202007081208/tools/bin/../lib/gcc/arm-none-eabi/7.3.1/thumb/v7-m/crtn.o
 *(.fini)
 .fini          0x000000000800052c        0x4 c:/st/stm32cubeide_1.4.0/stm32cubeide/plugins/com.st.stm32cube.ide.mcu.externaltools.gnu-tools-for-stm32.7-2018-q2-update.win32_1.4.0.202007081208/tools/bin/../lib/gcc/arm-none-eabi/7.3.1/thumb/v7-m/crti.o
                0x000000000800052c                _fini
 .fini          0x0000000008000530        0x8 c:/st/stm32cubeide_1.4.0/stm32cubeide/plugins/com.st.stm32cube.ide.mcu.externaltools.gnu-tools-for-stm32.7-2018-q2-update.win32_1.4.0.202007081208/tools/bin/../lib/gcc/arm-none-eabi/7.3.1/thumb/v7-m/crtn.o
                0x0000000008000538                . = ALIGN (0x4)
                0x0000000008000538                _etext = .

.vfp11_veneer   0x0000000008000538        0x0
 .vfp11_veneer  0x0000000008000538        0x0 linker stubs

.v4_bx          0x0000000008000538        0x0
 .v4_bx         0x0000000008000538        0x0 linker stubs

.iplt           0x0000000008000538        0x0
 .iplt          0x0000000008000538        0x0 c:/st/stm32cubeide_1.4.0/stm32cubeide/plugins/com.st.stm32cube.ide.mcu.externaltools.gnu-tools-for-stm32.7-2018-q2-update.win32_1.4.0.202007081208/tools/bin/../lib/gcc/arm-none-eabi/7.3.1/thumb/v7-m/crtbegin.o

.rel.dyn        0x0000000008000538        0x0
 .rel.iplt      0x0000000008000538        0x0 c:/st/stm32cubeide_1.4.0/stm32cubeide/plugins/com.st.stm32cube.ide.mcu.externaltools.gnu-tools-for-stm32.7-2018-q2-update.win32_1.4.0.202007081208/tools/bin/../lib/gcc/arm-none-eabi/7.3.1/thumb/v7-m/crtbegin.o

.rodata         0x0000000008000538        0x0
                0x0000000008000538                . = ALIGN (0x4)
 *(.rodata)
 *(.rodata*)
                0x0000000008000538                . = ALIGN (0x4)

.ARM.extab      0x0000000008000538        0x0
                0x0000000008000538                . = ALIGN (0x4)
 *(.ARM.extab* .gnu.linkonce.armextab.*)
                0x0000000008000538                . = ALIGN (0x4)

.ARM            0x0000000008000538        0x0
                0x0000000008000538                . = ALIGN (0x4)
                0x0000000008000538                __exidx_start = .
 *(.ARM.exidx*)
                0x0000000008000538                __exidx_end = .
                0x0000000008000538                . = ALIGN (0x4)

.preinit_array  0x0000000008000538        0x0
                0x0000000008000538                . = ALIGN (0x4)
                0x0000000008000538                PROVIDE (__preinit_array_start = .)
 *(.preinit_array*)
                0x0000000008000538                PROVIDE (__preinit_array_end = .)
                0x0000000008000538                . = ALIGN (0x4)

.init_array     0x0000000008000538        0x4
                0x0000000008000538                . = ALIGN (0x4)
                0x0000000008000538                PROVIDE (__init_array_start = .)
 *(SORT_BY_NAME(.init_array.*))
 *(.init_array*)
 .init_array    0x0000000008000538        0x4 c:/st/stm32cubeide_1.4.0/stm32cubeide/plugins/com.st.stm32cube.ide.mcu.externaltools.gnu-tools-for-stm32.7-2018-q2-update.win32_1.4.0.202007081208/tools/bin/../lib/gcc/arm-none-eabi/7.3.1/thumb/v7-m/crtbegin.o
                0x000000000800053c                PROVIDE (__init_array_end = .)
                0x000000000800053c                . = ALIGN (0x4)

.fini_array     0x000000000800053c        0x4
                0x000000000800053c                . = ALIGN (0x4)
                [!provide]                        PROVIDE (__fini_array_start = .)
 *(SORT_BY_NAME(.fini_array.*))
 *(.fini_array*)
 .fini_array    0x000000000800053c        0x4 c:/st/stm32cubeide_1.4.0/stm32cubeide/plugins/com.st.stm32cube.ide.mcu.externaltools.gnu-tools-for-stm32.7-2018-q2-update.win32_1.4.0.202007081208/tools/bin/../lib/gcc/arm-none-eabi/7.3.1/thumb/v7-m/crtbegin.o
                [!provide]                        PROVIDE (__fini_array_end = .)
                0x0000000008000540                . = ALIGN (0x4)
                0x0000000008000540                _sidata = LOADADDR (.data)

.data           0x0000000020000000       0x10 load address 0x0000000008000540
                0x0000000020000000                . = ALIGN (0x4)
                0x0000000020000000                _sdata = .
 *(.data)
 *(.data*)
 .data.TIM      0x0000000020000000       0x10 Src/GPT_program.o
                0x0000000020000000                TIM
                0x0000000020000010                . = ALIGN (0x4)
                0x0000000020000010                _edata = .

.igot.plt       0x0000000020000010        0x0 load address 0x0000000008000550
 .igot.plt      0x0000000020000010        0x0 c:/st/stm32cubeide_1.4.0/stm32cubeide/plugins/com.st.stm32cube.ide.mcu.externaltools.gnu-tools-for-stm32.7-2018-q2-update.win32_1.4.0.202007081208/tools/bin/../lib/gcc/arm-none-eabi/7.3.1/thumb/v7-m/crtbegin.o
                0x0000000020000010                . = ALIGN (0x4)

.bss            0x0000000020000010       0x74 load address 0x0000000008000550
                0x0000000020000010                _sbss = .
                0x0000000020000010                __bss_start__ = _sbss
 *(.bss)
 .bss           0x0000000020000010       0x1c c:/st/stm32cubeide_1.4.0/stm32cubeide/plugins/com.st.stm32cube.ide.mcu.externaltools.gnu-tools-for-stm32.7-2018-q2-update.win32_1.4.0.202007081208/tools/bin/../lib/gcc/arm-none-eabi/7.3.1/thumb/v7-m/crtbegin.o
 *(.bss*)
 .bss.EXTI_callBack
                0x000000002000002c       0x40 Src/EXTI.o
                0x000000002000002c                EXTI_callBack
 .bss.TIM1_u8IntervalMode
                0x000000002000006c        0x1 Src/GPT_program.o
 *fill*         0x000000002000006d        0x3 
 .bss.TIM1_CallBack
                0x0000000020000070        0x4 Src/GPT_program.o
 .bss.SPI1_callBack
                0x0000000020000074        0x4 Src/SPI.o
                0x0000000020000074                SPI1_callBack
 .bss.SPI2_callBack
                0x0000000020000078        0x4 Src/SPI.o
                0x0000000020000078                SPI2_callBack
 .bss.STK_callBack
                0x000000002000007c        0x4 Src/STK.o
 .bss.STK_INTERVAL_MODE
                0x0000000020000080        0x1 Src/STK.o
 *(COMMON)
                0x0000000020000084                . = ALIGN (0x4)
 *fill*         0x0000000020000081        0x3 
                0x0000000020000084                _ebss = .
                0x0000000020000084                __bss_end__ = _ebss

._user_heap_stack
                0x0000000020000084      0x604 load address 0x0000000008000550
                0x0000000020000088                . = ALIGN (0x8)
 *fill*         0x0000000020000084        0x4 
                [!provide]                        PROVIDE (end = .)
                [!provide]                        PROVIDE (_end = .)
                0x0000000020000288                . = (. + _Min_Heap_Size)
 *fill*         0x0000000020000088      0x200 
                0x0000000020000688                . = (. + _Min_Stack_Size)
 *fill*         0x0000000020000288      0x400 
                0x0000000020000688                . = ALIGN (0x8)

/DISCARD/
 libc.a(*)
 libm.a(*)
 libgcc.a(*)

.ARM.attributes
                0x0000000000000000       0x29
 *(.ARM.attributes)
 .ARM.attributes
                0x0000000000000000       0x1d c:/st/stm32cubeide_1.4.0/stm32cubeide/plugins/com.st.stm32cube.ide.mcu.externaltools.gnu-tools-for-stm32.7-2018-q2-update.win32_1.4.0.202007081208/tools/bin/../lib/gcc/arm-none-eabi/7.3.1/thumb/v7-m/crti.o
 .ARM.attributes
                0x000000000000001d       0x2d c:/st/stm32cubeide_1.4.0/stm32cubeide/plugins/com.st.stm32cube.ide.mcu.externaltools.gnu-tools-for-stm32.7-2018-q2-update.win32_1.4.0.202007081208/tools/bin/../lib/gcc/arm-none-eabi/7.3.1/thumb/v7-m/crtbegin.o
 .ARM.attributes
                0x000000000000004a       0x33 Src/DMA.o
 .ARM.attributes
                0x000000000000007d       0x33 Src/EXTI.o
 .ARM.attributes
                0x00000000000000b0       0x33 Src/GPT_program.o
 .ARM.attributes
                0x00000000000000e3       0x33 Src/SPI.o
 .ARM.attributes
                0x0000000000000116       0x33 Src/STK.o
 .ARM.attributes
                0x0000000000000149       0x33 Src/main.o
 .ARM.attributes
                0x000000000000017c       0x21 Startup/startup_stm32f103c6tx.o
 .ARM.attributes
                0x000000000000019d       0x2d c:/st/stm32cubeide_1.4.0/stm32cubeide/plugins/com.st.stm32cube.ide.mcu.externaltools.gnu-tools-for-stm32.7-2018-q2-update.win32_1.4.0.202007081208/tools/bin/../lib/gcc/arm-none-eabi/7.3.1/../../../../arm-none-eabi/lib/thumb/v7-m\libc_nano.a(lib_a-init.o)
 .ARM.attributes
                0x00000000000001ca       0x1d c:/st/stm32cubeide_1.4.0/stm32cubeide/plugins/com.st.stm32cube.ide.mcu.externaltools.gnu-tools-for-stm32.7-2018-q2-update.win32_1.4.0.202007081208/tools/bin/../lib/gcc/arm-none-eabi/7.3.1/thumb/v7-m/crtn.o
OUTPUT(Wheelchair.elf elf32-littlearm)

.debug_info     0x0000000000000000     0x1858
 .debug_info    0x0000000000000000      0x3b6 Src/DMA.o
 .debug_info    0x00000000000003b6      0x343 Src/EXTI.o
 .debug_info    0x00000000000006f9      0xaeb Src/GPT_program.o
 .debug_info    0x00000000000011e4      0x2b6 Src/SPI.o
 .debug_info    0x000000000000149a      0x307 Src/STK.o
 .debug_info    0x00000000000017a1       0x95 Src/main.o
 .debug_info    0x0000000000001836       0x22 Startup/startup_stm32f103c6tx.o

.debug_abbrev   0x0000000000000000      0x600
 .debug_abbrev  0x0000000000000000       0xe6 Src/DMA.o
 .debug_abbrev  0x00000000000000e6       0xfe Src/EXTI.o
 .debug_abbrev  0x00000000000001e4      0x19c Src/GPT_program.o
 .debug_abbrev  0x0000000000000380       0xfe Src/SPI.o
 .debug_abbrev  0x000000000000047e      0x127 Src/STK.o
 .debug_abbrev  0x00000000000005a5       0x49 Src/main.o
 .debug_abbrev  0x00000000000005ee       0x12 Startup/startup_stm32f103c6tx.o

.debug_loc      0x0000000000000000     0x1400
 .debug_loc     0x0000000000000000      0x2f0 Src/DMA.o
 .debug_loc     0x00000000000002f0      0x430 Src/EXTI.o
 .debug_loc     0x0000000000000720      0x754 Src/GPT_program.o
 .debug_loc     0x0000000000000e74      0x238 Src/SPI.o
 .debug_loc     0x00000000000010ac      0x310 Src/STK.o
 .debug_loc     0x00000000000013bc       0x44 Src/main.o

.debug_aranges  0x0000000000000000      0x300
 .debug_aranges
                0x0000000000000000       0x68 Src/DMA.o
 .debug_aranges
                0x0000000000000068       0xb8 Src/EXTI.o
 .debug_aranges
                0x0000000000000120       0xd0 Src/GPT_program.o
 .debug_aranges
                0x00000000000001f0       0x58 Src/SPI.o
 .debug_aranges
                0x0000000000000248       0x70 Src/STK.o
 .debug_aranges
                0x00000000000002b8       0x20 Src/main.o
 .debug_aranges
                0x00000000000002d8       0x28 Startup/startup_stm32f103c6tx.o

.debug_ranges   0x0000000000000000      0x298
 .debug_ranges  0x0000000000000000       0x58 Src/DMA.o
 .debug_ranges  0x0000000000000058       0xa8 Src/EXTI.o
 .debug_ranges  0x0000000000000100       0xc0 Src/GPT_program.o
 .debug_ranges  0x00000000000001c0       0x48 Src/SPI.o
 .debug_ranges  0x0000000000000208       0x60 Src/STK.o
 .debug_ranges  0x0000000000000268       0x10 Src/main.o
 .debug_ranges  0x0000000000000278       0x20 Startup/startup_stm32f103c6tx.o

.debug_macro    0x0000000000000000      0x67c
 .debug_macro   0x0000000000000000       0x3f Src/DMA.o
 .debug_macro   0x000000000000003f       0x4c Src/DMA.o
 .debug_macro   0x000000000000008b       0x10 Src/DMA.o
 .debug_macro   0x000000000000009b       0x3f Src/EXTI.o
 .debug_macro   0x00000000000000da       0x7c Src/EXTI.o
 .debug_macro   0x0000000000000156       0x10 Src/EXTI.o
 .debug_macro   0x0000000000000166       0x80 Src/GPT_program.o
 .debug_macro   0x00000000000001e6       0x2e Src/GPT_program.o
 .debug_macro   0x0000000000000214      0x11e Src/GPT_program.o
 .debug_macro   0x0000000000000332       0x16 Src/GPT_program.o
 .debug_macro   0x0000000000000348       0x48 Src/SPI.o
 .debug_macro   0x0000000000000390       0xbe Src/SPI.o
 .debug_macro   0x000000000000044e       0xb2 Src/SPI.o
 .debug_macro   0x0000000000000500       0x4e Src/STK.o
 .debug_macro   0x000000000000054e       0x34 Src/STK.o
 .debug_macro   0x0000000000000582       0x10 Src/STK.o
 .debug_macro   0x0000000000000592       0xb6 Src/main.o
 .debug_macro   0x0000000000000648       0x34 Src/main.o

.debug_line     0x0000000000000000      0xc2b
 .debug_line    0x0000000000000000      0x187 Src/DMA.o
 .debug_line    0x0000000000000187      0x213 Src/EXTI.o
 .debug_line    0x000000000000039a      0x324 Src/GPT_program.o
 .debug_line    0x00000000000006be      0x155 Src/SPI.o
 .debug_line    0x0000000000000813      0x1fa Src/STK.o
 .debug_line    0x0000000000000a0d      0x19a Src/main.o
 .debug_line    0x0000000000000ba7       0x84 Startup/startup_stm32f103c6tx.o

.debug_str      0x0000000000000000     0x5e04
 .debug_str     0x0000000000000000     0x3397 Src/DMA.o
                                       0x3423 (size before relaxing)
 .debug_str     0x0000000000003397      0x2fc Src/EXTI.o
                                       0x3373 (size before relaxing)
 .debug_str     0x0000000000003693      0xdc5 Src/GPT_program.o
                                       0x3e8b (size before relaxing)
 .debug_str     0x0000000000004458      0xb0e Src/SPI.o
                                       0x3b80 (size before relaxing)
 .debug_str     0x0000000000004f66      0x219 Src/STK.o
                                       0x337d (size before relaxing)
 .debug_str     0x000000000000517f      0xc54 Src/main.o
                                       0x446f (size before relaxing)
 .debug_str     0x0000000000005dd3       0x31 Startup/startup_stm32f103c6tx.o
                                         0x77 (size before relaxing)

.comment        0x0000000000000000       0x7b
 .comment       0x0000000000000000       0x7b Src/DMA.o
                                         0x7c (size before relaxing)
 .comment       0x000000000000007b       0x7c Src/EXTI.o
 .comment       0x000000000000007b       0x7c Src/GPT_program.o
 .comment       0x000000000000007b       0x7c Src/SPI.o
 .comment       0x000000000000007b       0x7c Src/STK.o
 .comment       0x000000000000007b       0x7c Src/main.o

.debug_frame    0x0000000000000000      0xa58
 .debug_frame   0x0000000000000000      0x168 Src/DMA.o
 .debug_frame   0x0000000000000168      0x270 Src/EXTI.o
 .debug_frame   0x00000000000003d8      0x36c Src/GPT_program.o
 .debug_frame   0x0000000000000744      0x120 Src/SPI.o
 .debug_frame   0x0000000000000864      0x198 Src/STK.o
 .debug_frame   0x00000000000009fc       0x30 Src/main.o
 .debug_frame   0x0000000000000a2c       0x2c c:/st/stm32cubeide_1.4.0/stm32cubeide/plugins/com.st.stm32cube.ide.mcu.externaltools.gnu-tools-for-stm32.7-2018-q2-update.win32_1.4.0.202007081208/tools/bin/../lib/gcc/arm-none-eabi/7.3.1/../../../../arm-none-eabi/lib/thumb/v7-m\libc_nano.a(lib_a-init.o)
