EXTI_program.c:15:6:EXTI_enableEXTI	16	static
EXTI_program.c:42:6:EXTI_disableEXTI	16	static
EXTI_program.c:53:6:EXTI_setSWTrigger	16	static
EXTI_program.c:66:6:EXTI_setCallBack	16	static
EXTI_program.c:76:6:EXTI0_IRQHandler	8	static
EXTI_program.c:85:6:EXTI1_IRQHandler	8	static
EXTI_program.c:94:6:EXTI2_IRQHandler	8	static
EXTI_program.c:103:6:EXTI3_IRQHandler	8	static
EXTI_program.c:111:6:EXTI4_IRQHandler	8	static
EXTI_program.c:119:6:EXTI5_IRQHandler	8	static
EXTI_program.c:127:6:EXTI6_IRQHandler	8	static
EXTI_program.c:135:6:EXTI7_IRQHandler	8	static
EXTI_program.c:143:6:EXTI8_IRQHandler	8	static
EXTI_program.c:151:6:EXTI9_IRQHandler	8	static
EXTI_program.c:159:6:EXTI10_IRQHandler	8	static
EXTI_program.c:167:6:EXTI11_IRQHandler	8	static
EXTI_program.c:175:6:EXTI12_IRQHandler	8	static
EXTI_program.c:183:6:EXTI13_IRQHandler	8	static
EXTI_program.c:191:6:EXTI14_IRQHandler	8	static
EXTI_program.c:200:6:EXTI15_IRQHandler	8	static
